core_cm4.h:2064:26:ITM_SendChar	16	static,ignoring_inline_asm
main.c:99:5:main	24	static
main.c:199:6:SystemClock_Config	88	static
main.c:250:13:MX_TIM1_Init	56	static
main.c:300:13:MX_TIM2_Init	56	static
main.c:349:13:MX_TIM3_Init	32	static
main.c:394:13:MX_TIM4_Init	64	static
main.c:453:13:MX_USART2_UART_Init	8	static
main.c:484:13:MX_DMA_Init	16	static
main.c:502:13:MX_GPIO_Init	40	static
main.c:528:6:HAL_TIM_PeriodElapsedCallback	32	static
main.c:560:5:_write	32	static
main.c:572:6:Error_Handler	4	static,ignoring_inline_asm
