core_cm4.h:2064:26:ITM_SendChar	16	static,ignoring_inline_asm
main.c:89:5:main	8	static
main.c:150:6:SystemClock_Config	88	static
main.c:201:13:MX_TIM1_Init	56	static
main.c:251:13:MX_TIM2_Init	56	static
main.c:300:13:MX_TIM3_Init	32	static
main.c:345:13:MX_TIM4_Init	64	static
main.c:404:13:MX_USART2_UART_Init	8	static
main.c:435:13:MX_DMA_Init	16	static
main.c:453:13:MX_GPIO_Init	40	static
main.c:478:6:HAL_TIM_PeriodElapsedCallback	32	static
main.c:498:5:_write	32	static
main.c:510:6:Error_Handler	4	static,ignoring_inline_asm
