09:08:14 **** Incremental Build of configuration Debug for project encoder ****
make -j8 all 
arm-none-eabi-gcc "../Core/Src/LQR.c" -mcpu=cortex-m4 -std=gnu11 -g3 -DDEBUG -DUSE_HAL_DRIVER -DSTM32F446xx -c -I../Core/Inc -I../Drivers/STM32F4xx_HAL_Driver/Inc -I../Drivers/STM32F4xx_HAL_Driver/Inc/Legacy -I../Drivers/CMSIS/Device/ST/STM32F4xx/Include -I../Drivers/CMSIS/Include -O0 -ffunction-sections -fdata-sections -Wall -fstack-usage -MMD -MP -MF"Core/Src/LQR.d" -MT"Core/Src/LQR.o" --specs=nano.specs -mfpu=fpv4-sp-d16 -mfloat-abi=hard -mthumb -o "Core/Src/LQR.o"
arm-none-eabi-gcc -o "encoder.elf" @"objects.list"   -mcpu=cortex-m4 -T"C:\ST\STM32CubeIDE\Inverted pendulum\encoder\STM32F446RETX_FLASH.ld" --specs=nosys.specs -Wl,-Map="encoder.map" -Wl,--gc-sections -static --specs=nano.specs -mfpu=fpv4-sp-d16 -mfloat-abi=hard -mthumb -u _printf_float -Wl,--start-group -lc -lm -Wl,--end-group
Finished building target: encoder.elf
 
arm-none-eabi-size   encoder.elf 
   text	   data	    bss	    dec	    hex	filename
  42548	    588	   2220	  45356	   b12c	encoder.elf
Finished building: default.size.stdout
 

09:08:15 Build Finished. 0 errors, 0 warnings. (took 1s.348ms)

