06:10:13 **** Incremental Build of configuration Debug for project encoder ****
make -j8 all 
arm-none-eabi-size   encoder.elf 
   text	   data	    bss	    dec	    hex	filename
  35828	    500	   2172	  38500	   9664	encoder.elf
Finished building: default.size.stdout
 
06:10:16 **** Incremental Build of configuration Debug for project encoder ****
make -j8 all 
arm-none-eabi-size   encoder.elf 
   text	   data	    bss	    dec	    hex	filename
  35828	    500	   2172	  38500	   9664	encoder.elf
Finished building: default.size.stdout
 
06:11:55 **** Incremental Build of configuration Debug for project encoder ****
make -j8 all 
arm-none-eabi-size   encoder.elf 
   text	   data	    bss	    dec	    hex	filename
  35828	    500	   2172	  38500	   9664	encoder.elf
Finished building: default.size.stdout
 
06:17:50 **** Incremental Build of configuration Debug for project encoder ****
make -j8 all 
arm-none-eabi-size   encoder.elf 
   text	   data	    bss	    dec	    hex	filename
  35828	    500	   2172	  38500	   9664	encoder.elf
Finished building: default.size.stdout
 
06:18:09 **** Incremental Build of configuration Debug for project encoder ****
make -j8 all 
arm-none-eabi-size   encoder.elf 
   text	   data	    bss	    dec	    hex	filename
  35828	    500	   2172	  38500	   9664	encoder.elf
Finished building: default.size.stdout
 
06:19:13 **** Incremental Build of configuration Debug for project encoder ****
make -j8 all 
arm-none-eabi-size   encoder.elf 
   text	   data	    bss	    dec	    hex	filename
  35828	    500	   2172	  38500	   9664	encoder.elf
Finished building: default.size.stdout
 
06:21:01 **** Incremental Build of configuration Debug for project encoder ****
make -j8 all 
arm-none-eabi-size   encoder.elf 
   text	   data	    bss	    dec	    hex	filename
  35828	    500	   2172	  38500	   9664	encoder.elf
Finished building: default.size.stdout
 
06:21:24 **** Incremental Build of configuration Debug for project encoder ****
make -j8 all 
arm-none-eabi-size   encoder.elf 
   text	   data	    bss	    dec	    hex	filename
  35828	    500	   2172	  38500	   9664	encoder.elf
Finished building: default.size.stdout
 
06:25:14 **** Incremental Build of configuration Debug for project encoder ****
make -j8 all 
arm-none-eabi-size   encoder.elf 
   text	   data	    bss	    dec	    hex	filename
  35828	    500	   2172	  38500	   9664	encoder.elf
Finished building: default.size.stdout
 
06:28:38 **** Incremental Build of configuration Debug for project encoder ****
make -j8 all 
arm-none-eabi-gcc "../Core/Src/main.c" -mcpu=cortex-m4 -std=gnu11 -g3 -DDEBUG -DUSE_HAL_DRIVER -DSTM32F446xx -c -I../Core/Inc -I../Drivers/STM32F4xx_HAL_Driver/Inc -I../Drivers/STM32F4xx_HAL_Driver/Inc/Legacy -I../Drivers/CMSIS/Device/ST/STM32F4xx/Include -I../Drivers/CMSIS/Include -O0 -ffunction-sections -fdata-sections -Wall -fstack-usage -MMD -MP -MF"Core/Src/main.d" -MT"Core/Src/main.o" --specs=nano.specs -mfpu=fpv4-sp-d16 -mfloat-abi=hard -mthumb -o "Core/Src/main.o"
arm-none-eabi-gcc -o "encoder.elf" @"objects.list"   -mcpu=cortex-m4 -T"C:\Users\LOQ\STM32CubeIDE\Inverted pendulum\encoder\STM32F446RETX_FLASH.ld" --specs=nosys.specs -Wl,-Map="encoder.map" -Wl,--gc-sections -static --specs=nano.specs -mfpu=fpv4-sp-d16 -mfloat-abi=hard -mthumb -u _printf_float -Wl,--start-group -lc -lm -Wl,--end-group
Finished building target: encoder.elf
 
arm-none-eabi-objdump -h -S  encoder.elf  > "encoder.list"
arm-none-eabi-objcopy  -O binary  encoder.elf  "encoder.bin"
arm-none-eabi-size   encoder.elf 
   text	   data	    bss	    dec	    hex	filename
  35844	    500	   2180	  38524	   967c	encoder.elf
Finished building: default.size.stdout
 
Finished building: encoder.bin
 
Finished building: encoder.list
 
06:34:08 **** Incremental Build of configuration Debug for project encoder ****
make -j8 all 
arm-none-eabi-gcc "../Core/Src/LQR.c" -mcpu=cortex-m4 -std=gnu11 -g3 -DDEBUG -DUSE_HAL_DRIVER -DSTM32F446xx -c -I../Core/Inc -I../Drivers/STM32F4xx_HAL_Driver/Inc -I../Drivers/STM32F4xx_HAL_Driver/Inc/Legacy -I../Drivers/CMSIS/Device/ST/STM32F4xx/Include -I../Drivers/CMSIS/Include -O0 -ffunction-sections -fdata-sections -Wall -fstack-usage -MMD -MP -MF"Core/Src/LQR.d" -MT"Core/Src/LQR.o" --specs=nano.specs -mfpu=fpv4-sp-d16 -mfloat-abi=hard -mthumb -o "Core/Src/LQR.o"
arm-none-eabi-gcc -o "encoder.elf" @"objects.list"   -mcpu=cortex-m4 -T"C:\Users\LOQ\STM32CubeIDE\Inverted pendulum\encoder\STM32F446RETX_FLASH.ld" --specs=nosys.specs -Wl,-Map="encoder.map" -Wl,--gc-sections -static --specs=nano.specs -mfpu=fpv4-sp-d16 -mfloat-abi=hard -mthumb -u _printf_float -Wl,--start-group -lc -lm -Wl,--end-group
Finished building target: encoder.elf
 
arm-none-eabi-objdump -h -S  encoder.elf  > "encoder.list"
arm-none-eabi-objcopy  -O binary  encoder.elf  "encoder.bin"
arm-none-eabi-size   encoder.elf 
   text	   data	    bss	    dec	    hex	filename
  35892	    500	   2180	  38572	   96ac	encoder.elf
Finished building: default.size.stdout
 
Finished building: encoder.bin
 
Finished building: encoder.list
 
06:34:24 **** Incremental Build of configuration Debug for project encoder ****
make -j8 all 
arm-none-eabi-size   encoder.elf 
   text	   data	    bss	    dec	    hex	filename
  35892	    500	   2180	  38572	   96ac	encoder.elf
Finished building: default.size.stdout
 
06:39:50 **** Incremental Build of configuration Debug for project encoder ****
make -j8 all 
arm-none-eabi-gcc "../Core/Src/LQR.c" -mcpu=cortex-m4 -std=gnu11 -g3 -DDEBUG -DUSE_HAL_DRIVER -DSTM32F446xx -c -I../Core/Inc -I../Drivers/STM32F4xx_HAL_Driver/Inc -I../Drivers/STM32F4xx_HAL_Driver/Inc/Legacy -I../Drivers/CMSIS/Device/ST/STM32F4xx/Include -I../Drivers/CMSIS/Include -O0 -ffunction-sections -fdata-sections -Wall -fstack-usage -MMD -MP -MF"Core/Src/LQR.d" -MT"Core/Src/LQR.o" --specs=nano.specs -mfpu=fpv4-sp-d16 -mfloat-abi=hard -mthumb -o "Core/Src/LQR.o"
arm-none-eabi-gcc -o "encoder.elf" @"objects.list"   -mcpu=cortex-m4 -T"C:\Users\LOQ\STM32CubeIDE\Inverted pendulum\encoder\STM32F446RETX_FLASH.ld" --specs=nosys.specs -Wl,-Map="encoder.map" -Wl,--gc-sections -static --specs=nano.specs -mfpu=fpv4-sp-d16 -mfloat-abi=hard -mthumb -u _printf_float -Wl,--start-group -lc -lm -Wl,--end-group
Finished building target: encoder.elf
 
arm-none-eabi-objdump -h -S  encoder.elf  > "encoder.list"
arm-none-eabi-objcopy  -O binary  encoder.elf  "encoder.bin"
arm-none-eabi-size   encoder.elf 
   text	   data	    bss	    dec	    hex	filename
  35892	    500	   2180	  38572	   96ac	encoder.elf
Finished building: default.size.stdout
 
Finished building: encoder.bin
 
Finished building: encoder.list
 
06:40:06 **** Incremental Build of configuration Debug for project encoder ****
make -j8 all 
arm-none-eabi-size   encoder.elf 
   text	   data	    bss	    dec	    hex	filename
  35892	    500	   2180	  38572	   96ac	encoder.elf
Finished building: default.size.stdout
 
06:41:56 **** Incremental Build of configuration Debug for project encoder ****
make -j8 all 
arm-none-eabi-gcc "../Core/Src/LQR.c" -mcpu=cortex-m4 -std=gnu11 -g3 -DDEBUG -DUSE_HAL_DRIVER -DSTM32F446xx -c -I../Core/Inc -I../Drivers/STM32F4xx_HAL_Driver/Inc -I../Drivers/STM32F4xx_HAL_Driver/Inc/Legacy -I../Drivers/CMSIS/Device/ST/STM32F4xx/Include -I../Drivers/CMSIS/Include -O0 -ffunction-sections -fdata-sections -Wall -fstack-usage -MMD -MP -MF"Core/Src/LQR.d" -MT"Core/Src/LQR.o" --specs=nano.specs -mfpu=fpv4-sp-d16 -mfloat-abi=hard -mthumb -o "Core/Src/LQR.o"
arm-none-eabi-gcc -o "encoder.elf" @"objects.list"   -mcpu=cortex-m4 -T"C:\Users\LOQ\STM32CubeIDE\Inverted pendulum\encoder\STM32F446RETX_FLASH.ld" --specs=nosys.specs -Wl,-Map="encoder.map" -Wl,--gc-sections -static --specs=nano.specs -mfpu=fpv4-sp-d16 -mfloat-abi=hard -mthumb -u _printf_float -Wl,--start-group -lc -lm -Wl,--end-group
Finished building target: encoder.elf
 
arm-none-eabi-objdump -h -S  encoder.elf  > "encoder.list"
arm-none-eabi-objcopy  -O binary  encoder.elf  "encoder.bin"
arm-none-eabi-size   encoder.elf 
   text	   data	    bss	    dec	    hex	filename
  35892	    500	   2180	  38572	   96ac	encoder.elf
Finished building: default.size.stdout
 
Finished building: encoder.bin
 
Finished building: encoder.list
 
06:43:44 **** Incremental Build of configuration Debug for project encoder ****
make -j8 all 
arm-none-eabi-gcc "../Core/Src/LQR.c" -mcpu=cortex-m4 -std=gnu11 -g3 -DDEBUG -DUSE_HAL_DRIVER -DSTM32F446xx -c -I../Core/Inc -I../Drivers/STM32F4xx_HAL_Driver/Inc -I../Drivers/STM32F4xx_HAL_Driver/Inc/Legacy -I../Drivers/CMSIS/Device/ST/STM32F4xx/Include -I../Drivers/CMSIS/Include -O0 -ffunction-sections -fdata-sections -Wall -fstack-usage -MMD -MP -MF"Core/Src/LQR.d" -MT"Core/Src/LQR.o" --specs=nano.specs -mfpu=fpv4-sp-d16 -mfloat-abi=hard -mthumb -o "Core/Src/LQR.o"
arm-none-eabi-gcc -o "encoder.elf" @"objects.list"   -mcpu=cortex-m4 -T"C:\Users\LOQ\STM32CubeIDE\Inverted pendulum\encoder\STM32F446RETX_FLASH.ld" --specs=nosys.specs -Wl,-Map="encoder.map" -Wl,--gc-sections -static --specs=nano.specs -mfpu=fpv4-sp-d16 -mfloat-abi=hard -mthumb -u _printf_float -Wl,--start-group -lc -lm -Wl,--end-group
Finished building target: encoder.elf
 
arm-none-eabi-objdump -h -S  encoder.elf  > "encoder.list"
arm-none-eabi-objcopy  -O binary  encoder.elf  "encoder.bin"
arm-none-eabi-size   encoder.elf 
   text	   data	    bss	    dec	    hex	filename
  35892	    500	   2180	  38572	   96ac	encoder.elf
Finished building: default.size.stdout
 
Finished building: encoder.bin
 
Finished building: encoder.list
 
06:43:52 **** Incremental Build of configuration Debug for project encoder ****
make -j8 all 
arm-none-eabi-size   encoder.elf 
   text	   data	    bss	    dec	    hex	filename
  35892	    500	   2180	  38572	   96ac	encoder.elf
Finished building: default.size.stdout
 
06:45:32 **** Incremental Build of configuration Debug for project encoder ****
make -j8 all 
arm-none-eabi-gcc "../Core/Src/LQR.c" -mcpu=cortex-m4 -std=gnu11 -g3 -DDEBUG -DUSE_HAL_DRIVER -DSTM32F446xx -c -I../Core/Inc -I../Drivers/STM32F4xx_HAL_Driver/Inc -I../Drivers/STM32F4xx_HAL_Driver/Inc/Legacy -I../Drivers/CMSIS/Device/ST/STM32F4xx/Include -I../Drivers/CMSIS/Include -O0 -ffunction-sections -fdata-sections -Wall -fstack-usage -MMD -MP -MF"Core/Src/LQR.d" -MT"Core/Src/LQR.o" --specs=nano.specs -mfpu=fpv4-sp-d16 -mfloat-abi=hard -mthumb -o "Core/Src/LQR.o"
arm-none-eabi-gcc -o "encoder.elf" @"objects.list"   -mcpu=cortex-m4 -T"C:\Users\LOQ\STM32CubeIDE\Inverted pendulum\encoder\STM32F446RETX_FLASH.ld" --specs=nosys.specs -Wl,-Map="encoder.map" -Wl,--gc-sections -static --specs=nano.specs -mfpu=fpv4-sp-d16 -mfloat-abi=hard -mthumb -u _printf_float -Wl,--start-group -lc -lm -Wl,--end-group
Finished building target: encoder.elf
 
arm-none-eabi-objdump -h -S  encoder.elf  > "encoder.list"
arm-none-eabi-objcopy  -O binary  encoder.elf  "encoder.bin"
arm-none-eabi-size   encoder.elf 
   text	   data	    bss	    dec	    hex	filename
  35892	    500	   2180	  38572	   96ac	encoder.elf
Finished building: default.size.stdout
 
Finished building: encoder.bin
 
Finished building: encoder.list
 
06:45:36 **** Incremental Build of configuration Debug for project encoder ****
make -j8 all 
arm-none-eabi-size   encoder.elf 
   text	   data	    bss	    dec	    hex	filename
  35892	    500	   2180	  38572	   96ac	encoder.elf
Finished building: default.size.stdout
 
06:48:22 **** Incremental Build of configuration Debug for project encoder ****
make -j8 all 
arm-none-eabi-gcc "../Core/Src/LQR.c" -mcpu=cortex-m4 -std=gnu11 -g3 -DDEBUG -DUSE_HAL_DRIVER -DSTM32F446xx -c -I../Core/Inc -I../Drivers/STM32F4xx_HAL_Driver/Inc -I../Drivers/STM32F4xx_HAL_Driver/Inc/Legacy -I../Drivers/CMSIS/Device/ST/STM32F4xx/Include -I../Drivers/CMSIS/Include -O0 -ffunction-sections -fdata-sections -Wall -fstack-usage -MMD -MP -MF"Core/Src/LQR.d" -MT"Core/Src/LQR.o" --specs=nano.specs -mfpu=fpv4-sp-d16 -mfloat-abi=hard -mthumb -o "Core/Src/LQR.o"
arm-none-eabi-gcc -o "encoder.elf" @"objects.list"   -mcpu=cortex-m4 -T"C:\Users\LOQ\STM32CubeIDE\Inverted pendulum\encoder\STM32F446RETX_FLASH.ld" --specs=nosys.specs -Wl,-Map="encoder.map" -Wl,--gc-sections -static --specs=nano.specs -mfpu=fpv4-sp-d16 -mfloat-abi=hard -mthumb -u _printf_float -Wl,--start-group -lc -lm -Wl,--end-group
Finished building target: encoder.elf
 
arm-none-eabi-objdump -h -S  encoder.elf  > "encoder.list"
arm-none-eabi-objcopy  -O binary  encoder.elf  "encoder.bin"
arm-none-eabi-size   encoder.elf 
   text	   data	    bss	    dec	    hex	filename
  35892	    500	   2180	  38572	   96ac	encoder.elf
Finished building: default.size.stdout
 
Finished building: encoder.bin
 
Finished building: encoder.list
 
06:48:26 **** Incremental Build of configuration Debug for project encoder ****
make -j8 all 
arm-none-eabi-size   encoder.elf 
   text	   data	    bss	    dec	    hex	filename
  35892	    500	   2180	  38572	   96ac	encoder.elf
Finished building: default.size.stdout
 
06:51:46 **** Incremental Build of configuration Debug for project encoder ****
make -j8 all 
arm-none-eabi-gcc "../Core/Src/LQR.c" -mcpu=cortex-m4 -std=gnu11 -g3 -DDEBUG -DUSE_HAL_DRIVER -DSTM32F446xx -c -I../Core/Inc -I../Drivers/STM32F4xx_HAL_Driver/Inc -I../Drivers/STM32F4xx_HAL_Driver/Inc/Legacy -I../Drivers/CMSIS/Device/ST/STM32F4xx/Include -I../Drivers/CMSIS/Include -O0 -ffunction-sections -fdata-sections -Wall -fstack-usage -MMD -MP -MF"Core/Src/LQR.d" -MT"Core/Src/LQR.o" --specs=nano.specs -mfpu=fpv4-sp-d16 -mfloat-abi=hard -mthumb -o "Core/Src/LQR.o"
arm-none-eabi-gcc -o "encoder.elf" @"objects.list"   -mcpu=cortex-m4 -T"C:\Users\LOQ\STM32CubeIDE\Inverted pendulum\encoder\STM32F446RETX_FLASH.ld" --specs=nosys.specs -Wl,-Map="encoder.map" -Wl,--gc-sections -static --specs=nano.specs -mfpu=fpv4-sp-d16 -mfloat-abi=hard -mthumb -u _printf_float -Wl,--start-group -lc -lm -Wl,--end-group
Finished building target: encoder.elf
 
arm-none-eabi-objdump -h -S  encoder.elf  > "encoder.list"
arm-none-eabi-objcopy  -O binary  encoder.elf  "encoder.bin"
arm-none-eabi-size   encoder.elf 
   text	   data	    bss	    dec	    hex	filename
  35892	    500	   2180	  38572	   96ac	encoder.elf
Finished building: default.size.stdout
 
Finished building: encoder.bin
 
Finished building: encoder.list
 
08:50:25 **** Incremental Build of configuration Debug for project encoder ****
make -j8 all 
arm-none-eabi-gcc "../Core/Src/LQR.c" -mcpu=cortex-m4 -std=gnu11 -g3 -DDEBUG -DUSE_HAL_DRIVER -DSTM32F446xx -c -I../Core/Inc -I../Drivers/STM32F4xx_HAL_Driver/Inc -I../Drivers/STM32F4xx_HAL_Driver/Inc/Legacy -I../Drivers/CMSIS/Device/ST/STM32F4xx/Include -I../Drivers/CMSIS/Include -O0 -ffunction-sections -fdata-sections -Wall -fstack-usage -MMD -MP -MF"Core/Src/LQR.d" -MT"Core/Src/LQR.o" --specs=nano.specs -mfpu=fpv4-sp-d16 -mfloat-abi=hard -mthumb -o "Core/Src/LQR.o"
arm-none-eabi-gcc -o "encoder.elf" @"objects.list"   -mcpu=cortex-m4 -T"C:\Users\LOQ\STM32CubeIDE\Inverted pendulum\encoder\STM32F446RETX_FLASH.ld" --specs=nosys.specs -Wl,-Map="encoder.map" -Wl,--gc-sections -static --specs=nano.specs -mfpu=fpv4-sp-d16 -mfloat-abi=hard -mthumb -u _printf_float -Wl,--start-group -lc -lm -Wl,--end-group
Finished building target: encoder.elf
 
arm-none-eabi-objdump -h -S  encoder.elf  > "encoder.list"
arm-none-eabi-objcopy  -O binary  encoder.elf  "encoder.bin"
arm-none-eabi-size   encoder.elf 
   text	   data	    bss	    dec	    hex	filename
  35892	    500	   2180	  38572	   96ac	encoder.elf
Finished building: default.size.stdout
 
Finished building: encoder.bin
 
Finished building: encoder.list
 
08:51:35 **** Incremental Build of configuration Debug for project encoder ****
make -j8 all 
arm-none-eabi-gcc "../Core/Src/LQR.c" -mcpu=cortex-m4 -std=gnu11 -g3 -DDEBUG -DUSE_HAL_DRIVER -DSTM32F446xx -c -I../Core/Inc -I../Drivers/STM32F4xx_HAL_Driver/Inc -I../Drivers/STM32F4xx_HAL_Driver/Inc/Legacy -I../Drivers/CMSIS/Device/ST/STM32F4xx/Include -I../Drivers/CMSIS/Include -O0 -ffunction-sections -fdata-sections -Wall -fstack-usage -MMD -MP -MF"Core/Src/LQR.d" -MT"Core/Src/LQR.o" --specs=nano.specs -mfpu=fpv4-sp-d16 -mfloat-abi=hard -mthumb -o "Core/Src/LQR.o"
arm-none-eabi-gcc -o "encoder.elf" @"objects.list"   -mcpu=cortex-m4 -T"C:\Users\LOQ\STM32CubeIDE\Inverted pendulum\encoder\STM32F446RETX_FLASH.ld" --specs=nosys.specs -Wl,-Map="encoder.map" -Wl,--gc-sections -static --specs=nano.specs -mfpu=fpv4-sp-d16 -mfloat-abi=hard -mthumb -u _printf_float -Wl,--start-group -lc -lm -Wl,--end-group
Finished building target: encoder.elf
 
arm-none-eabi-objdump -h -S  encoder.elf  > "encoder.list"
arm-none-eabi-objcopy  -O binary  encoder.elf  "encoder.bin"
arm-none-eabi-size   encoder.elf 
   text	   data	    bss	    dec	    hex	filename
  35892	    500	   2180	  38572	   96ac	encoder.elf
Finished building: default.size.stdout
 
Finished building: encoder.bin
 
Finished building: encoder.list
 
08:52:31 **** Incremental Build of configuration Debug for project encoder ****
make -j8 all 
arm-none-eabi-gcc "../Core/Src/LQR.c" -mcpu=cortex-m4 -std=gnu11 -g3 -DDEBUG -DUSE_HAL_DRIVER -DSTM32F446xx -c -I../Core/Inc -I../Drivers/STM32F4xx_HAL_Driver/Inc -I../Drivers/STM32F4xx_HAL_Driver/Inc/Legacy -I../Drivers/CMSIS/Device/ST/STM32F4xx/Include -I../Drivers/CMSIS/Include -O0 -ffunction-sections -fdata-sections -Wall -fstack-usage -MMD -MP -MF"Core/Src/LQR.d" -MT"Core/Src/LQR.o" --specs=nano.specs -mfpu=fpv4-sp-d16 -mfloat-abi=hard -mthumb -o "Core/Src/LQR.o"
arm-none-eabi-gcc -o "encoder.elf" @"objects.list"   -mcpu=cortex-m4 -T"C:\Users\LOQ\STM32CubeIDE\Inverted pendulum\encoder\STM32F446RETX_FLASH.ld" --specs=nosys.specs -Wl,-Map="encoder.map" -Wl,--gc-sections -static --specs=nano.specs -mfpu=fpv4-sp-d16 -mfloat-abi=hard -mthumb -u _printf_float -Wl,--start-group -lc -lm -Wl,--end-group
Finished building target: encoder.elf
 
arm-none-eabi-objdump -h -S  encoder.elf  > "encoder.list"
arm-none-eabi-objcopy  -O binary  encoder.elf  "encoder.bin"
arm-none-eabi-size   encoder.elf 
   text	   data	    bss	    dec	    hex	filename
  35892	    500	   2180	  38572	   96ac	encoder.elf
Finished building: default.size.stdout
 
Finished building: encoder.bin
 
Finished building: encoder.list
 
08:52:35 **** Incremental Build of configuration Debug for project encoder ****
make -j8 all 
arm-none-eabi-size   encoder.elf 
   text	   data	    bss	    dec	    hex	filename
  35892	    500	   2180	  38572	   96ac	encoder.elf
Finished building: default.size.stdout
 
08:52:46 **** Incremental Build of configuration Debug for project encoder ****
make -j8 all 
arm-none-eabi-size   encoder.elf 
   text	   data	    bss	    dec	    hex	filename
  35892	    500	   2180	  38572	   96ac	encoder.elf
Finished building: default.size.stdout
 
08:54:12 **** Incremental Build of configuration Debug for project encoder ****
make -j8 all 
arm-none-eabi-gcc "../Core/Src/LQR.c" -mcpu=cortex-m4 -std=gnu11 -g3 -DDEBUG -DUSE_HAL_DRIVER -DSTM32F446xx -c -I../Core/Inc -I../Drivers/STM32F4xx_HAL_Driver/Inc -I../Drivers/STM32F4xx_HAL_Driver/Inc/Legacy -I../Drivers/CMSIS/Device/ST/STM32F4xx/Include -I../Drivers/CMSIS/Include -O0 -ffunction-sections -fdata-sections -Wall -fstack-usage -MMD -MP -MF"Core/Src/LQR.d" -MT"Core/Src/LQR.o" --specs=nano.specs -mfpu=fpv4-sp-d16 -mfloat-abi=hard -mthumb -o "Core/Src/LQR.o"
arm-none-eabi-gcc -o "encoder.elf" @"objects.list"   -mcpu=cortex-m4 -T"C:\Users\LOQ\STM32CubeIDE\Inverted pendulum\encoder\STM32F446RETX_FLASH.ld" --specs=nosys.specs -Wl,-Map="encoder.map" -Wl,--gc-sections -static --specs=nano.specs -mfpu=fpv4-sp-d16 -mfloat-abi=hard -mthumb -u _printf_float -Wl,--start-group -lc -lm -Wl,--end-group
Finished building target: encoder.elf
 
arm-none-eabi-objdump -h -S  encoder.elf  > "encoder.list"
arm-none-eabi-objcopy  -O binary  encoder.elf  "encoder.bin"
arm-none-eabi-size   encoder.elf 
   text	   data	    bss	    dec	    hex	filename
  35892	    500	   2180	  38572	   96ac	encoder.elf
Finished building: default.size.stdout
 
Finished building: encoder.bin
 
Finished building: encoder.list
 
08:58:47 **** Incremental Build of configuration Debug for project encoder ****
make -j8 all 
arm-none-eabi-gcc "../Core/Src/LQR.c" -mcpu=cortex-m4 -std=gnu11 -g3 -DDEBUG -DUSE_HAL_DRIVER -DSTM32F446xx -c -I../Core/Inc -I../Drivers/STM32F4xx_HAL_Driver/Inc -I../Drivers/STM32F4xx_HAL_Driver/Inc/Legacy -I../Drivers/CMSIS/Device/ST/STM32F4xx/Include -I../Drivers/CMSIS/Include -O0 -ffunction-sections -fdata-sections -Wall -fstack-usage -MMD -MP -MF"Core/Src/LQR.d" -MT"Core/Src/LQR.o" --specs=nano.specs -mfpu=fpv4-sp-d16 -mfloat-abi=hard -mthumb -o "Core/Src/LQR.o"
arm-none-eabi-gcc -o "encoder.elf" @"objects.list"   -mcpu=cortex-m4 -T"C:\Users\LOQ\STM32CubeIDE\Inverted pendulum\encoder\STM32F446RETX_FLASH.ld" --specs=nosys.specs -Wl,-Map="encoder.map" -Wl,--gc-sections -static --specs=nano.specs -mfpu=fpv4-sp-d16 -mfloat-abi=hard -mthumb -u _printf_float -Wl,--start-group -lc -lm -Wl,--end-group
Finished building target: encoder.elf
 
arm-none-eabi-objdump -h -S  encoder.elf  > "encoder.list"
arm-none-eabi-objcopy  -O binary  encoder.elf  "encoder.bin"
arm-none-eabi-size   encoder.elf 
   text	   data	    bss	    dec	    hex	filename
  35892	    500	   2180	  38572	   96ac	encoder.elf
Finished building: default.size.stdout
 
Finished building: encoder.bin
 
Finished building: encoder.list
 
08:58:53 **** Incremental Build of configuration Debug for project encoder ****
make -j8 all 
arm-none-eabi-size   encoder.elf 
   text	   data	    bss	    dec	    hex	filename
  35892	    500	   2180	  38572	   96ac	encoder.elf
Finished building: default.size.stdout
 
17:01:59 **** Incremental Build of configuration Debug for project encoder ****
make -j8 all 
arm-none-eabi-gcc "../Core/Src/LQR.c" -mcpu=cortex-m4 -std=gnu11 -g3 -DDEBUG -DUSE_HAL_DRIVER -DSTM32F446xx -c -I../Core/Inc -I../Drivers/STM32F4xx_HAL_Driver/Inc -I../Drivers/STM32F4xx_HAL_Driver/Inc/Legacy -I../Drivers/CMSIS/Device/ST/STM32F4xx/Include -I../Drivers/CMSIS/Include -O0 -ffunction-sections -fdata-sections -Wall -fstack-usage -MMD -MP -MF"Core/Src/LQR.d" -MT"Core/Src/LQR.o" --specs=nano.specs -mfpu=fpv4-sp-d16 -mfloat-abi=hard -mthumb -o "Core/Src/LQR.o"
arm-none-eabi-gcc -o "encoder.elf" @"objects.list"   -mcpu=cortex-m4 -T"C:\Users\LOQ\STM32CubeIDE\Inverted pendulum\encoder\STM32F446RETX_FLASH.ld" --specs=nosys.specs -Wl,-Map="encoder.map" -Wl,--gc-sections -static --specs=nano.specs -mfpu=fpv4-sp-d16 -mfloat-abi=hard -mthumb -u _printf_float -Wl,--start-group -lc -lm -Wl,--end-group
Finished building target: encoder.elf
 
arm-none-eabi-objdump -h -S  encoder.elf  > "encoder.list"
arm-none-eabi-objcopy  -O binary  encoder.elf  "encoder.bin"
arm-none-eabi-size   encoder.elf 
   text	   data	    bss	    dec	    hex	filename
  35900	    500	   2180	  38580	   96b4	encoder.elf
Finished building: default.size.stdout
 
Finished building: encoder.bin
 
Finished building: encoder.list
 
17:02:41 **** Incremental Build of configuration Debug for project encoder ****
make -j8 all 
arm-none-eabi-size   encoder.elf 
   text	   data	    bss	    dec	    hex	filename
  35900	    500	   2180	  38580	   96b4	encoder.elf
Finished building: default.size.stdout
 
17:02:42 **** Incremental Build of configuration Debug for project encoder ****
make -j8 all 
arm-none-eabi-size   encoder.elf 
   text	   data	    bss	    dec	    hex	filename
  35900	    500	   2180	  38580	   96b4	encoder.elf
Finished building: default.size.stdout
 
17:03:37 **** Incremental Build of configuration Debug for project encoder ****
make -j8 all 
arm-none-eabi-size   encoder.elf 
   text	   data	    bss	    dec	    hex	filename
  35900	    500	   2180	  38580	   96b4	encoder.elf
Finished building: default.size.stdout
 
17:05:36 **** Incremental Build of configuration Debug for project encoder ****
make -j8 all 
arm-none-eabi-gcc "../Core/Src/LQR.c" -mcpu=cortex-m4 -std=gnu11 -g3 -DDEBUG -DUSE_HAL_DRIVER -DSTM32F446xx -c -I../Core/Inc -I../Drivers/STM32F4xx_HAL_Driver/Inc -I../Drivers/STM32F4xx_HAL_Driver/Inc/Legacy -I../Drivers/CMSIS/Device/ST/STM32F4xx/Include -I../Drivers/CMSIS/Include -O0 -ffunction-sections -fdata-sections -Wall -fstack-usage -MMD -MP -MF"Core/Src/LQR.d" -MT"Core/Src/LQR.o" --specs=nano.specs -mfpu=fpv4-sp-d16 -mfloat-abi=hard -mthumb -o "Core/Src/LQR.o"
arm-none-eabi-gcc -o "encoder.elf" @"objects.list"   -mcpu=cortex-m4 -T"C:\Users\LOQ\STM32CubeIDE\Inverted pendulum\encoder\STM32F446RETX_FLASH.ld" --specs=nosys.specs -Wl,-Map="encoder.map" -Wl,--gc-sections -static --specs=nano.specs -mfpu=fpv4-sp-d16 -mfloat-abi=hard -mthumb -u _printf_float -Wl,--start-group -lc -lm -Wl,--end-group
Finished building target: encoder.elf
 
arm-none-eabi-objdump -h -S  encoder.elf  > "encoder.list"
arm-none-eabi-objcopy  -O binary  encoder.elf  "encoder.bin"
arm-none-eabi-size   encoder.elf 
   text	   data	    bss	    dec	    hex	filename
  35900	    500	   2180	  38580	   96b4	encoder.elf
Finished building: default.size.stdout
 
Finished building: encoder.bin
 
Finished building: encoder.list
 
17:05:38 **** Incremental Build of configuration Debug for project encoder ****
make -j8 all 
arm-none-eabi-size   encoder.elf 
   text	   data	    bss	    dec	    hex	filename
  35900	    500	   2180	  38580	   96b4	encoder.elf
Finished building: default.size.stdout
 
17:05:55 **** Incremental Build of configuration Debug for project encoder ****
make -j8 all 
arm-none-eabi-size   encoder.elf 
   text	   data	    bss	    dec	    hex	filename
  35900	    500	   2180	  38580	   96b4	encoder.elf
Finished building: default.size.stdout
 
17:07:35 **** Incremental Build of configuration Debug for project encoder ****
make -j8 all 
arm-none-eabi-size   encoder.elf 
   text	   data	    bss	    dec	    hex	filename
  35900	    500	   2180	  38580	   96b4	encoder.elf
Finished building: default.size.stdout
 
17:08:25 **** Incremental Build of configuration Debug for project encoder ****
make -j8 all 
arm-none-eabi-gcc "../Core/Src/LQR.c" -mcpu=cortex-m4 -std=gnu11 -g3 -DDEBUG -DUSE_HAL_DRIVER -DSTM32F446xx -c -I../Core/Inc -I../Drivers/STM32F4xx_HAL_Driver/Inc -I../Drivers/STM32F4xx_HAL_Driver/Inc/Legacy -I../Drivers/CMSIS/Device/ST/STM32F4xx/Include -I../Drivers/CMSIS/Include -O0 -ffunction-sections -fdata-sections -Wall -fstack-usage -MMD -MP -MF"Core/Src/LQR.d" -MT"Core/Src/LQR.o" --specs=nano.specs -mfpu=fpv4-sp-d16 -mfloat-abi=hard -mthumb -o "Core/Src/LQR.o"
arm-none-eabi-gcc -o "encoder.elf" @"objects.list"   -mcpu=cortex-m4 -T"C:\Users\LOQ\STM32CubeIDE\Inverted pendulum\encoder\STM32F446RETX_FLASH.ld" --specs=nosys.specs -Wl,-Map="encoder.map" -Wl,--gc-sections -static --specs=nano.specs -mfpu=fpv4-sp-d16 -mfloat-abi=hard -mthumb -u _printf_float -Wl,--start-group -lc -lm -Wl,--end-group
Finished building target: encoder.elf
 
arm-none-eabi-objdump -h -S  encoder.elf  > "encoder.list"
arm-none-eabi-objcopy  -O binary  encoder.elf  "encoder.bin"
arm-none-eabi-size   encoder.elf 
   text	   data	    bss	    dec	    hex	filename
  35892	    500	   2180	  38572	   96ac	encoder.elf
Finished building: default.size.stdout
 
Finished building: encoder.bin
 
Finished building: encoder.list
 
17:08:50 **** Incremental Build of configuration Debug for project encoder ****
make -j8 all 
arm-none-eabi-size   encoder.elf 
   text	   data	    bss	    dec	    hex	filename
  35892	    500	   2180	  38572	   96ac	encoder.elf
Finished building: default.size.stdout
 
17:10:21 **** Incremental Build of configuration Debug for project encoder ****
make -j8 all 
arm-none-eabi-gcc "../Core/Src/LQR.c" -mcpu=cortex-m4 -std=gnu11 -g3 -DDEBUG -DUSE_HAL_DRIVER -DSTM32F446xx -c -I../Core/Inc -I../Drivers/STM32F4xx_HAL_Driver/Inc -I../Drivers/STM32F4xx_HAL_Driver/Inc/Legacy -I../Drivers/CMSIS/Device/ST/STM32F4xx/Include -I../Drivers/CMSIS/Include -O0 -ffunction-sections -fdata-sections -Wall -fstack-usage -MMD -MP -MF"Core/Src/LQR.d" -MT"Core/Src/LQR.o" --specs=nano.specs -mfpu=fpv4-sp-d16 -mfloat-abi=hard -mthumb -o "Core/Src/LQR.o"
arm-none-eabi-gcc -o "encoder.elf" @"objects.list"   -mcpu=cortex-m4 -T"C:\Users\LOQ\STM32CubeIDE\Inverted pendulum\encoder\STM32F446RETX_FLASH.ld" --specs=nosys.specs -Wl,-Map="encoder.map" -Wl,--gc-sections -static --specs=nano.specs -mfpu=fpv4-sp-d16 -mfloat-abi=hard -mthumb -u _printf_float -Wl,--start-group -lc -lm -Wl,--end-group
Finished building target: encoder.elf
 
arm-none-eabi-objdump -h -S  encoder.elf  > "encoder.list"
arm-none-eabi-objcopy  -O binary  encoder.elf  "encoder.bin"
arm-none-eabi-size   encoder.elf 
   text	   data	    bss	    dec	    hex	filename
  35892	    500	   2180	  38572	   96ac	encoder.elf
Finished building: default.size.stdout
 
Finished building: encoder.bin
 
Finished building: encoder.list
 
17:13:50 **** Incremental Build of configuration Debug for project encoder ****
make -j8 all 
arm-none-eabi-gcc "../Core/Src/LQR.c" -mcpu=cortex-m4 -std=gnu11 -g3 -DDEBUG -DUSE_HAL_DRIVER -DSTM32F446xx -c -I../Core/Inc -I../Drivers/STM32F4xx_HAL_Driver/Inc -I../Drivers/STM32F4xx_HAL_Driver/Inc/Legacy -I../Drivers/CMSIS/Device/ST/STM32F4xx/Include -I../Drivers/CMSIS/Include -O0 -ffunction-sections -fdata-sections -Wall -fstack-usage -MMD -MP -MF"Core/Src/LQR.d" -MT"Core/Src/LQR.o" --specs=nano.specs -mfpu=fpv4-sp-d16 -mfloat-abi=hard -mthumb -o "Core/Src/LQR.o"
arm-none-eabi-gcc -o "encoder.elf" @"objects.list"   -mcpu=cortex-m4 -T"C:\Users\LOQ\STM32CubeIDE\Inverted pendulum\encoder\STM32F446RETX_FLASH.ld" --specs=nosys.specs -Wl,-Map="encoder.map" -Wl,--gc-sections -static --specs=nano.specs -mfpu=fpv4-sp-d16 -mfloat-abi=hard -mthumb -u _printf_float -Wl,--start-group -lc -lm -Wl,--end-group
Finished building target: encoder.elf
 
arm-none-eabi-objdump -h -S  encoder.elf  > "encoder.list"
arm-none-eabi-objcopy  -O binary  encoder.elf  "encoder.bin"
arm-none-eabi-size   encoder.elf 
   text	   data	    bss	    dec	    hex	filename
  35892	    500	   2180	  38572	   96ac	encoder.elf
Finished building: default.size.stdout
 
Finished building: encoder.bin
 
Finished building: encoder.list
 
17:13:57 **** Incremental Build of configuration Debug for project encoder ****
make -j8 all 
arm-none-eabi-size   encoder.elf 
   text	   data	    bss	    dec	    hex	filename
  35892	    500	   2180	  38572	   96ac	encoder.elf
Finished building: default.size.stdout
 
17:14:06 **** Incremental Build of configuration Debug for project encoder ****
make -j8 all 
arm-none-eabi-size   encoder.elf 
   text	   data	    bss	    dec	    hex	filename
  35892	    500	   2180	  38572	   96ac	encoder.elf
Finished building: default.size.stdout
 
17:20:42 **** Incremental Build of configuration Debug for project encoder ****
make -j8 all 
arm-none-eabi-gcc "../Core/Src/LQR.c" -mcpu=cortex-m4 -std=gnu11 -g3 -DDEBUG -DUSE_HAL_DRIVER -DSTM32F446xx -c -I../Core/Inc -I../Drivers/STM32F4xx_HAL_Driver/Inc -I../Drivers/STM32F4xx_HAL_Driver/Inc/Legacy -I../Drivers/CMSIS/Device/ST/STM32F4xx/Include -I../Drivers/CMSIS/Include -O0 -ffunction-sections -fdata-sections -Wall -fstack-usage -MMD -MP -MF"Core/Src/LQR.d" -MT"Core/Src/LQR.o" --specs=nano.specs -mfpu=fpv4-sp-d16 -mfloat-abi=hard -mthumb -o "Core/Src/LQR.o"
arm-none-eabi-gcc -o "encoder.elf" @"objects.list"   -mcpu=cortex-m4 -T"C:\Users\LOQ\STM32CubeIDE\Inverted pendulum\encoder\STM32F446RETX_FLASH.ld" --specs=nosys.specs -Wl,-Map="encoder.map" -Wl,--gc-sections -static --specs=nano.specs -mfpu=fpv4-sp-d16 -mfloat-abi=hard -mthumb -u _printf_float -Wl,--start-group -lc -lm -Wl,--end-group
Finished building target: encoder.elf
 
arm-none-eabi-objdump -h -S  encoder.elf  > "encoder.list"
arm-none-eabi-objcopy  -O binary  encoder.elf  "encoder.bin"
arm-none-eabi-size   encoder.elf 
   text	   data	    bss	    dec	    hex	filename
  35900	    500	   2180	  38580	   96b4	encoder.elf
Finished building: default.size.stdout
 
Finished building: encoder.bin
 
Finished building: encoder.list
 
17:20:49 **** Incremental Build of configuration Debug for project encoder ****
make -j8 all 
arm-none-eabi-size   encoder.elf 
   text	   data	    bss	    dec	    hex	filename
  35900	    500	   2180	  38580	   96b4	encoder.elf
Finished building: default.size.stdout
 
17:22:38 **** Incremental Build of configuration Debug for project encoder ****
make -j8 all 
arm-none-eabi-gcc "../Core/Src/LQR.c" -mcpu=cortex-m4 -std=gnu11 -g3 -DDEBUG -DUSE_HAL_DRIVER -DSTM32F446xx -c -I../Core/Inc -I../Drivers/STM32F4xx_HAL_Driver/Inc -I../Drivers/STM32F4xx_HAL_Driver/Inc/Legacy -I../Drivers/CMSIS/Device/ST/STM32F4xx/Include -I../Drivers/CMSIS/Include -O0 -ffunction-sections -fdata-sections -Wall -fstack-usage -MMD -MP -MF"Core/Src/LQR.d" -MT"Core/Src/LQR.o" --specs=nano.specs -mfpu=fpv4-sp-d16 -mfloat-abi=hard -mthumb -o "Core/Src/LQR.o"
arm-none-eabi-gcc -o "encoder.elf" @"objects.list"   -mcpu=cortex-m4 -T"C:\Users\LOQ\STM32CubeIDE\Inverted pendulum\encoder\STM32F446RETX_FLASH.ld" --specs=nosys.specs -Wl,-Map="encoder.map" -Wl,--gc-sections -static --specs=nano.specs -mfpu=fpv4-sp-d16 -mfloat-abi=hard -mthumb -u _printf_float -Wl,--start-group -lc -lm -Wl,--end-group
Finished building target: encoder.elf
 
arm-none-eabi-objdump -h -S  encoder.elf  > "encoder.list"
arm-none-eabi-objcopy  -O binary  encoder.elf  "encoder.bin"
arm-none-eabi-size   encoder.elf 
   text	   data	    bss	    dec	    hex	filename
  35900	    500	   2180	  38580	   96b4	encoder.elf
Finished building: default.size.stdout
 
Finished building: encoder.bin
 
Finished building: encoder.list
 
17:22:42 **** Incremental Build of configuration Debug for project encoder ****
make -j8 all 
arm-none-eabi-size   encoder.elf 
   text	   data	    bss	    dec	    hex	filename
  35900	    500	   2180	  38580	   96b4	encoder.elf
Finished building: default.size.stdout
 
17:24:11 **** Incremental Build of configuration Debug for project encoder ****
make -j8 all 
arm-none-eabi-gcc "../Core/Src/LQR.c" -mcpu=cortex-m4 -std=gnu11 -g3 -DDEBUG -DUSE_HAL_DRIVER -DSTM32F446xx -c -I../Core/Inc -I../Drivers/STM32F4xx_HAL_Driver/Inc -I../Drivers/STM32F4xx_HAL_Driver/Inc/Legacy -I../Drivers/CMSIS/Device/ST/STM32F4xx/Include -I../Drivers/CMSIS/Include -O0 -ffunction-sections -fdata-sections -Wall -fstack-usage -MMD -MP -MF"Core/Src/LQR.d" -MT"Core/Src/LQR.o" --specs=nano.specs -mfpu=fpv4-sp-d16 -mfloat-abi=hard -mthumb -o "Core/Src/LQR.o"
arm-none-eabi-gcc -o "encoder.elf" @"objects.list"   -mcpu=cortex-m4 -T"C:\Users\LOQ\STM32CubeIDE\Inverted pendulum\encoder\STM32F446RETX_FLASH.ld" --specs=nosys.specs -Wl,-Map="encoder.map" -Wl,--gc-sections -static --specs=nano.specs -mfpu=fpv4-sp-d16 -mfloat-abi=hard -mthumb -u _printf_float -Wl,--start-group -lc -lm -Wl,--end-group
Finished building target: encoder.elf
 
arm-none-eabi-objdump -h -S  encoder.elf  > "encoder.list"
arm-none-eabi-objcopy  -O binary  encoder.elf  "encoder.bin"
arm-none-eabi-size   encoder.elf 
   text	   data	    bss	    dec	    hex	filename
  35900	    500	   2180	  38580	   96b4	encoder.elf
Finished building: default.size.stdout
 
Finished building: encoder.bin
 
Finished building: encoder.list
 
17:24:14 **** Incremental Build of configuration Debug for project encoder ****
make -j8 all 
arm-none-eabi-size   encoder.elf 
   text	   data	    bss	    dec	    hex	filename
  35900	    500	   2180	  38580	   96b4	encoder.elf
Finished building: default.size.stdout
 
18:55:50 **** Incremental Build of configuration Debug for project encoder ****
make -j8 all 
arm-none-eabi-gcc "../Drivers/STM32F4xx_HAL_Driver/Src/stm32f4xx_hal.c" -mcpu=cortex-m4 -std=gnu11 -g3 -DDEBUG -DUSE_HAL_DRIVER -DSTM32F446xx -c -I../Core/Inc -I../Drivers/STM32F4xx_HAL_Driver/Inc -I../Drivers/STM32F4xx_HAL_Driver/Inc/Legacy -I../Drivers/CMSIS/Device/ST/STM32F4xx/Include -I../Drivers/CMSIS/Include -O0 -ffunction-sections -fdata-sections -Wall -fstack-usage -MMD -MP -MF"Drivers/STM32F4xx_HAL_Driver/Src/stm32f4xx_hal.d" -MT"Drivers/STM32F4xx_HAL_Driver/Src/stm32f4xx_hal.o" --specs=nano.specs -mfpu=fpv4-sp-d16 -mfloat-abi=hard -mthumb -o "Drivers/STM32F4xx_HAL_Driver/Src/stm32f4xx_hal.o"
arm-none-eabi-gcc "../Drivers/STM32F4xx_HAL_Driver/Src/stm32f4xx_hal_cortex.c" -mcpu=cortex-m4 -std=gnu11 -g3 -DDEBUG -DUSE_HAL_DRIVER -DSTM32F446xx -c -I../Core/Inc -I../Drivers/STM32F4xx_HAL_Driver/Inc -I../Drivers/STM32F4xx_HAL_Driver/Inc/Legacy -I../Drivers/CMSIS/Device/ST/STM32F4xx/Include -I../Drivers/CMSIS/Include -O0 -ffunction-sections -fdata-sections -Wall -fstack-usage -MMD -MP -MF"Drivers/STM32F4xx_HAL_Driver/Src/stm32f4xx_hal_cortex.d" -MT"Drivers/STM32F4xx_HAL_Driver/Src/stm32f4xx_hal_cortex.o" --specs=nano.specs -mfpu=fpv4-sp-d16 -mfloat-abi=hard -mthumb -o "Drivers/STM32F4xx_HAL_Driver/Src/stm32f4xx_hal_cortex.o"
arm-none-eabi-gcc "../Drivers/STM32F4xx_HAL_Driver/Src/stm32f4xx_hal_dma.c" -mcpu=cortex-m4 -std=gnu11 -g3 -DDEBUG -DUSE_HAL_DRIVER -DSTM32F446xx -c -I../Core/Inc -I../Drivers/STM32F4xx_HAL_Driver/Inc -I../Drivers/STM32F4xx_HAL_Driver/Inc/Legacy -I../Drivers/CMSIS/Device/ST/STM32F4xx/Include -I../Drivers/CMSIS/Include -O0 -ffunction-sections -fdata-sections -Wall -fstack-usage -MMD -MP -MF"Drivers/STM32F4xx_HAL_Driver/Src/stm32f4xx_hal_dma.d" -MT"Drivers/STM32F4xx_HAL_Driver/Src/stm32f4xx_hal_dma.o" --specs=nano.specs -mfpu=fpv4-sp-d16 -mfloat-abi=hard -mthumb -o "Drivers/STM32F4xx_HAL_Driver/Src/stm32f4xx_hal_dma.o"
arm-none-eabi-gcc "../Drivers/STM32F4xx_HAL_Driver/Src/stm32f4xx_hal_dma_ex.c" -mcpu=cortex-m4 -std=gnu11 -g3 -DDEBUG -DUSE_HAL_DRIVER -DSTM32F446xx -c -I../Core/Inc -I../Drivers/STM32F4xx_HAL_Driver/Inc -I../Drivers/STM32F4xx_HAL_Driver/Inc/Legacy -I../Drivers/CMSIS/Device/ST/STM32F4xx/Include -I../Drivers/CMSIS/Include -O0 -ffunction-sections -fdata-sections -Wall -fstack-usage -MMD -MP -MF"Drivers/STM32F4xx_HAL_Driver/Src/stm32f4xx_hal_dma_ex.d" -MT"Drivers/STM32F4xx_HAL_Driver/Src/stm32f4xx_hal_dma_ex.o" --specs=nano.specs -mfpu=fpv4-sp-d16 -mfloat-abi=hard -mthumb -o "Drivers/STM32F4xx_HAL_Driver/Src/stm32f4xx_hal_dma_ex.o"
arm-none-eabi-gcc "../Drivers/STM32F4xx_HAL_Driver/Src/stm32f4xx_hal_exti.c" -mcpu=cortex-m4 -std=gnu11 -g3 -DDEBUG -DUSE_HAL_DRIVER -DSTM32F446xx -c -I../Core/Inc -I../Drivers/STM32F4xx_HAL_Driver/Inc -I../Drivers/STM32F4xx_HAL_Driver/Inc/Legacy -I../Drivers/CMSIS/Device/ST/STM32F4xx/Include -I../Drivers/CMSIS/Include -O0 -ffunction-sections -fdata-sections -Wall -fstack-usage -MMD -MP -MF"Drivers/STM32F4xx_HAL_Driver/Src/stm32f4xx_hal_exti.d" -MT"Drivers/STM32F4xx_HAL_Driver/Src/stm32f4xx_hal_exti.o" --specs=nano.specs -mfpu=fpv4-sp-d16 -mfloat-abi=hard -mthumb -o "Drivers/STM32F4xx_HAL_Driver/Src/stm32f4xx_hal_exti.o"
arm-none-eabi-gcc "../Drivers/STM32F4xx_HAL_Driver/Src/stm32f4xx_hal_flash.c" -mcpu=cortex-m4 -std=gnu11 -g3 -DDEBUG -DUSE_HAL_DRIVER -DSTM32F446xx -c -I../Core/Inc -I../Drivers/STM32F4xx_HAL_Driver/Inc -I../Drivers/STM32F4xx_HAL_Driver/Inc/Legacy -I../Drivers/CMSIS/Device/ST/STM32F4xx/Include -I../Drivers/CMSIS/Include -O0 -ffunction-sections -fdata-sections -Wall -fstack-usage -MMD -MP -MF"Drivers/STM32F4xx_HAL_Driver/Src/stm32f4xx_hal_flash.d" -MT"Drivers/STM32F4xx_HAL_Driver/Src/stm32f4xx_hal_flash.o" --specs=nano.specs -mfpu=fpv4-sp-d16 -mfloat-abi=hard -mthumb -o "Drivers/STM32F4xx_HAL_Driver/Src/stm32f4xx_hal_flash.o"
arm-none-eabi-gcc "../Drivers/STM32F4xx_HAL_Driver/Src/stm32f4xx_hal_flash_ex.c" -mcpu=cortex-m4 -std=gnu11 -g3 -DDEBUG -DUSE_HAL_DRIVER -DSTM32F446xx -c -I../Core/Inc -I../Drivers/STM32F4xx_HAL_Driver/Inc -I../Drivers/STM32F4xx_HAL_Driver/Inc/Legacy -I../Drivers/CMSIS/Device/ST/STM32F4xx/Include -I../Drivers/CMSIS/Include -O0 -ffunction-sections -fdata-sections -Wall -fstack-usage -MMD -MP -MF"Drivers/STM32F4xx_HAL_Driver/Src/stm32f4xx_hal_flash_ex.d" -MT"Drivers/STM32F4xx_HAL_Driver/Src/stm32f4xx_hal_flash_ex.o" --specs=nano.specs -mfpu=fpv4-sp-d16 -mfloat-abi=hard -mthumb -o "Drivers/STM32F4xx_HAL_Driver/Src/stm32f4xx_hal_flash_ex.o"
arm-none-eabi-gcc "../Drivers/STM32F4xx_HAL_Driver/Src/stm32f4xx_hal_flash_ramfunc.c" -mcpu=cortex-m4 -std=gnu11 -g3 -DDEBUG -DUSE_HAL_DRIVER -DSTM32F446xx -c -I../Core/Inc -I../Drivers/STM32F4xx_HAL_Driver/Inc -I../Drivers/STM32F4xx_HAL_Driver/Inc/Legacy -I../Drivers/CMSIS/Device/ST/STM32F4xx/Include -I../Drivers/CMSIS/Include -O0 -ffunction-sections -fdata-sections -Wall -fstack-usage -MMD -MP -MF"Drivers/STM32F4xx_HAL_Driver/Src/stm32f4xx_hal_flash_ramfunc.d" -MT"Drivers/STM32F4xx_HAL_Driver/Src/stm32f4xx_hal_flash_ramfunc.o" --specs=nano.specs -mfpu=fpv4-sp-d16 -mfloat-abi=hard -mthumb -o "Drivers/STM32F4xx_HAL_Driver/Src/stm32f4xx_hal_flash_ramfunc.o"
arm-none-eabi-gcc "../Drivers/STM32F4xx_HAL_Driver/Src/stm32f4xx_hal_gpio.c" -mcpu=cortex-m4 -std=gnu11 -g3 -DDEBUG -DUSE_HAL_DRIVER -DSTM32F446xx -c -I../Core/Inc -I../Drivers/STM32F4xx_HAL_Driver/Inc -I../Drivers/STM32F4xx_HAL_Driver/Inc/Legacy -I../Drivers/CMSIS/Device/ST/STM32F4xx/Include -I../Drivers/CMSIS/Include -O0 -ffunction-sections -fdata-sections -Wall -fstack-usage -MMD -MP -MF"Drivers/STM32F4xx_HAL_Driver/Src/stm32f4xx_hal_gpio.d" -MT"Drivers/STM32F4xx_HAL_Driver/Src/stm32f4xx_hal_gpio.o" --specs=nano.specs -mfpu=fpv4-sp-d16 -mfloat-abi=hard -mthumb -o "Drivers/STM32F4xx_HAL_Driver/Src/stm32f4xx_hal_gpio.o"
arm-none-eabi-gcc "../Drivers/STM32F4xx_HAL_Driver/Src/stm32f4xx_hal_pwr.c" -mcpu=cortex-m4 -std=gnu11 -g3 -DDEBUG -DUSE_HAL_DRIVER -DSTM32F446xx -c -I../Core/Inc -I../Drivers/STM32F4xx_HAL_Driver/Inc -I../Drivers/STM32F4xx_HAL_Driver/Inc/Legacy -I../Drivers/CMSIS/Device/ST/STM32F4xx/Include -I../Drivers/CMSIS/Include -O0 -ffunction-sections -fdata-sections -Wall -fstack-usage -MMD -MP -MF"Drivers/STM32F4xx_HAL_Driver/Src/stm32f4xx_hal_pwr.d" -MT"Drivers/STM32F4xx_HAL_Driver/Src/stm32f4xx_hal_pwr.o" --specs=nano.specs -mfpu=fpv4-sp-d16 -mfloat-abi=hard -mthumb -o "Drivers/STM32F4xx_HAL_Driver/Src/stm32f4xx_hal_pwr.o"
arm-none-eabi-gcc "../Drivers/STM32F4xx_HAL_Driver/Src/stm32f4xx_hal_pwr_ex.c" -mcpu=cortex-m4 -std=gnu11 -g3 -DDEBUG -DUSE_HAL_DRIVER -DSTM32F446xx -c -I../Core/Inc -I../Drivers/STM32F4xx_HAL_Driver/Inc -I../Drivers/STM32F4xx_HAL_Driver/Inc/Legacy -I../Drivers/CMSIS/Device/ST/STM32F4xx/Include -I../Drivers/CMSIS/Include -O0 -ffunction-sections -fdata-sections -Wall -fstack-usage -MMD -MP -MF"Drivers/STM32F4xx_HAL_Driver/Src/stm32f4xx_hal_pwr_ex.d" -MT"Drivers/STM32F4xx_HAL_Driver/Src/stm32f4xx_hal_pwr_ex.o" --specs=nano.specs -mfpu=fpv4-sp-d16 -mfloat-abi=hard -mthumb -o "Drivers/STM32F4xx_HAL_Driver/Src/stm32f4xx_hal_pwr_ex.o"
arm-none-eabi-gcc "../Drivers/STM32F4xx_HAL_Driver/Src/stm32f4xx_hal_rcc.c" -mcpu=cortex-m4 -std=gnu11 -g3 -DDEBUG -DUSE_HAL_DRIVER -DSTM32F446xx -c -I../Core/Inc -I../Drivers/STM32F4xx_HAL_Driver/Inc -I../Drivers/STM32F4xx_HAL_Driver/Inc/Legacy -I../Drivers/CMSIS/Device/ST/STM32F4xx/Include -I../Drivers/CMSIS/Include -O0 -ffunction-sections -fdata-sections -Wall -fstack-usage -MMD -MP -MF"Drivers/STM32F4xx_HAL_Driver/Src/stm32f4xx_hal_rcc.d" -MT"Drivers/STM32F4xx_HAL_Driver/Src/stm32f4xx_hal_rcc.o" --specs=nano.specs -mfpu=fpv4-sp-d16 -mfloat-abi=hard -mthumb -o "Drivers/STM32F4xx_HAL_Driver/Src/stm32f4xx_hal_rcc.o"
arm-none-eabi-gcc "../Drivers/STM32F4xx_HAL_Driver/Src/stm32f4xx_hal_rcc_ex.c" -mcpu=cortex-m4 -std=gnu11 -g3 -DDEBUG -DUSE_HAL_DRIVER -DSTM32F446xx -c -I../Core/Inc -I../Drivers/STM32F4xx_HAL_Driver/Inc -I../Drivers/STM32F4xx_HAL_Driver/Inc/Legacy -I../Drivers/CMSIS/Device/ST/STM32F4xx/Include -I../Drivers/CMSIS/Include -O0 -ffunction-sections -fdata-sections -Wall -fstack-usage -MMD -MP -MF"Drivers/STM32F4xx_HAL_Driver/Src/stm32f4xx_hal_rcc_ex.d" -MT"Drivers/STM32F4xx_HAL_Driver/Src/stm32f4xx_hal_rcc_ex.o" --specs=nano.specs -mfpu=fpv4-sp-d16 -mfloat-abi=hard -mthumb -o "Drivers/STM32F4xx_HAL_Driver/Src/stm32f4xx_hal_rcc_ex.o"
arm-none-eabi-gcc "../Drivers/STM32F4xx_HAL_Driver/Src/stm32f4xx_hal_tim.c" -mcpu=cortex-m4 -std=gnu11 -g3 -DDEBUG -DUSE_HAL_DRIVER -DSTM32F446xx -c -I../Core/Inc -I../Drivers/STM32F4xx_HAL_Driver/Inc -I../Drivers/STM32F4xx_HAL_Driver/Inc/Legacy -I../Drivers/CMSIS/Device/ST/STM32F4xx/Include -I../Drivers/CMSIS/Include -O0 -ffunction-sections -fdata-sections -Wall -fstack-usage -MMD -MP -MF"Drivers/STM32F4xx_HAL_Driver/Src/stm32f4xx_hal_tim.d" -MT"Drivers/STM32F4xx_HAL_Driver/Src/stm32f4xx_hal_tim.o" --specs=nano.specs -mfpu=fpv4-sp-d16 -mfloat-abi=hard -mthumb -o "Drivers/STM32F4xx_HAL_Driver/Src/stm32f4xx_hal_tim.o"
arm-none-eabi-gcc "../Drivers/STM32F4xx_HAL_Driver/Src/stm32f4xx_hal_tim_ex.c" -mcpu=cortex-m4 -std=gnu11 -g3 -DDEBUG -DUSE_HAL_DRIVER -DSTM32F446xx -c -I../Core/Inc -I../Drivers/STM32F4xx_HAL_Driver/Inc -I../Drivers/STM32F4xx_HAL_Driver/Inc/Legacy -I../Drivers/CMSIS/Device/ST/STM32F4xx/Include -I../Drivers/CMSIS/Include -O0 -ffunction-sections -fdata-sections -Wall -fstack-usage -MMD -MP -MF"Drivers/STM32F4xx_HAL_Driver/Src/stm32f4xx_hal_tim_ex.d" -MT"Drivers/STM32F4xx_HAL_Driver/Src/stm32f4xx_hal_tim_ex.o" --specs=nano.specs -mfpu=fpv4-sp-d16 -mfloat-abi=hard -mthumb -o "Drivers/STM32F4xx_HAL_Driver/Src/stm32f4xx_hal_tim_ex.o"
arm-none-eabi-gcc "../Drivers/STM32F4xx_HAL_Driver/Src/stm32f4xx_hal_uart.c" -mcpu=cortex-m4 -std=gnu11 -g3 -DDEBUG -DUSE_HAL_DRIVER -DSTM32F446xx -c -I../Core/Inc -I../Drivers/STM32F4xx_HAL_Driver/Inc -I../Drivers/STM32F4xx_HAL_Driver/Inc/Legacy -I../Drivers/CMSIS/Device/ST/STM32F4xx/Include -I../Drivers/CMSIS/Include -O0 -ffunction-sections -fdata-sections -Wall -fstack-usage -MMD -MP -MF"Drivers/STM32F4xx_HAL_Driver/Src/stm32f4xx_hal_uart.d" -MT"Drivers/STM32F4xx_HAL_Driver/Src/stm32f4xx_hal_uart.o" --specs=nano.specs -mfpu=fpv4-sp-d16 -mfloat-abi=hard -mthumb -o "Drivers/STM32F4xx_HAL_Driver/Src/stm32f4xx_hal_uart.o"
arm-none-eabi-gcc "../Core/Src/HBS57.c" -mcpu=cortex-m4 -std=gnu11 -g3 -DDEBUG -DUSE_HAL_DRIVER -DSTM32F446xx -c -I../Core/Inc -I../Drivers/STM32F4xx_HAL_Driver/Inc -I../Drivers/STM32F4xx_HAL_Driver/Inc/Legacy -I../Drivers/CMSIS/Device/ST/STM32F4xx/Include -I../Drivers/CMSIS/Include -O0 -ffunction-sections -fdata-sections -Wall -fstack-usage -MMD -MP -MF"Core/Src/HBS57.d" -MT"Core/Src/HBS57.o" --specs=nano.specs -mfpu=fpv4-sp-d16 -mfloat-abi=hard -mthumb -o "Core/Src/HBS57.o"
arm-none-eabi-gcc "../Core/Src/LQR.c" -mcpu=cortex-m4 -std=gnu11 -g3 -DDEBUG -DUSE_HAL_DRIVER -DSTM32F446xx -c -I../Core/Inc -I../Drivers/STM32F4xx_HAL_Driver/Inc -I../Drivers/STM32F4xx_HAL_Driver/Inc/Legacy -I../Drivers/CMSIS/Device/ST/STM32F4xx/Include -I../Drivers/CMSIS/Include -O0 -ffunction-sections -fdata-sections -Wall -fstack-usage -MMD -MP -MF"Core/Src/LQR.d" -MT"Core/Src/LQR.o" --specs=nano.specs -mfpu=fpv4-sp-d16 -mfloat-abi=hard -mthumb -o "Core/Src/LQR.o"
arm-none-eabi-gcc "../Core/Src/VeltoFreq.c" -mcpu=cortex-m4 -std=gnu11 -g3 -DDEBUG -DUSE_HAL_DRIVER -DSTM32F446xx -c -I../Core/Inc -I../Drivers/STM32F4xx_HAL_Driver/Inc -I../Drivers/STM32F4xx_HAL_Driver/Inc/Legacy -I../Drivers/CMSIS/Device/ST/STM32F4xx/Include -I../Drivers/CMSIS/Include -O0 -ffunction-sections -fdata-sections -Wall -fstack-usage -MMD -MP -MF"Core/Src/VeltoFreq.d" -MT"Core/Src/VeltoFreq.o" --specs=nano.specs -mfpu=fpv4-sp-d16 -mfloat-abi=hard -mthumb -o "Core/Src/VeltoFreq.o"
arm-none-eabi-gcc "../Core/Src/encoder.c" -mcpu=cortex-m4 -std=gnu11 -g3 -DDEBUG -DUSE_HAL_DRIVER -DSTM32F446xx -c -I../Core/Inc -I../Drivers/STM32F4xx_HAL_Driver/Inc -I../Drivers/STM32F4xx_HAL_Driver/Inc/Legacy -I../Drivers/CMSIS/Device/ST/STM32F4xx/Include -I../Drivers/CMSIS/Include -O0 -ffunction-sections -fdata-sections -Wall -fstack-usage -MMD -MP -MF"Core/Src/encoder.d" -MT"Core/Src/encoder.o" --specs=nano.specs -mfpu=fpv4-sp-d16 -mfloat-abi=hard -mthumb -o "Core/Src/encoder.o"
arm-none-eabi-gcc "../Core/Src/main.c" -mcpu=cortex-m4 -std=gnu11 -g3 -DDEBUG -DUSE_HAL_DRIVER -DSTM32F446xx -c -I../Core/Inc -I../Drivers/STM32F4xx_HAL_Driver/Inc -I../Drivers/STM32F4xx_HAL_Driver/Inc/Legacy -I../Drivers/CMSIS/Device/ST/STM32F4xx/Include -I../Drivers/CMSIS/Include -O0 -ffunction-sections -fdata-sections -Wall -fstack-usage -MMD -MP -MF"Core/Src/main.d" -MT"Core/Src/main.o" --specs=nano.specs -mfpu=fpv4-sp-d16 -mfloat-abi=hard -mthumb -o "Core/Src/main.o"
arm-none-eabi-gcc "../Core/Src/stm32f4xx_hal_msp.c" -mcpu=cortex-m4 -std=gnu11 -g3 -DDEBUG -DUSE_HAL_DRIVER -DSTM32F446xx -c -I../Core/Inc -I../Drivers/STM32F4xx_HAL_Driver/Inc -I../Drivers/STM32F4xx_HAL_Driver/Inc/Legacy -I../Drivers/CMSIS/Device/ST/STM32F4xx/Include -I../Drivers/CMSIS/Include -O0 -ffunction-sections -fdata-sections -Wall -fstack-usage -MMD -MP -MF"Core/Src/stm32f4xx_hal_msp.d" -MT"Core/Src/stm32f4xx_hal_msp.o" --specs=nano.specs -mfpu=fpv4-sp-d16 -mfloat-abi=hard -mthumb -o "Core/Src/stm32f4xx_hal_msp.o"
arm-none-eabi-gcc "../Core/Src/stm32f4xx_it.c" -mcpu=cortex-m4 -std=gnu11 -g3 -DDEBUG -DUSE_HAL_DRIVER -DSTM32F446xx -c -I../Core/Inc -I../Drivers/STM32F4xx_HAL_Driver/Inc -I../Drivers/STM32F4xx_HAL_Driver/Inc/Legacy -I../Drivers/CMSIS/Device/ST/STM32F4xx/Include -I../Drivers/CMSIS/Include -O0 -ffunction-sections -fdata-sections -Wall -fstack-usage -MMD -MP -MF"Core/Src/stm32f4xx_it.d" -MT"Core/Src/stm32f4xx_it.o" --specs=nano.specs -mfpu=fpv4-sp-d16 -mfloat-abi=hard -mthumb -o "Core/Src/stm32f4xx_it.o"
arm-none-eabi-gcc "../Core/Src/system_stm32f4xx.c" -mcpu=cortex-m4 -std=gnu11 -g3 -DDEBUG -DUSE_HAL_DRIVER -DSTM32F446xx -c -I../Core/Inc -I../Drivers/STM32F4xx_HAL_Driver/Inc -I../Drivers/STM32F4xx_HAL_Driver/Inc/Legacy -I../Drivers/CMSIS/Device/ST/STM32F4xx/Include -I../Drivers/CMSIS/Include -O0 -ffunction-sections -fdata-sections -Wall -fstack-usage -MMD -MP -MF"Core/Src/system_stm32f4xx.d" -MT"Core/Src/system_stm32f4xx.o" --specs=nano.specs -mfpu=fpv4-sp-d16 -mfloat-abi=hard -mthumb -o "Core/Src/system_stm32f4xx.o"
arm-none-eabi-gcc -o "encoder.elf" @"objects.list"   -mcpu=cortex-m4 -T"C:\Users\LOQ\STM32CubeIDE\Inverted pendulum\encoder\STM32F446RETX_FLASH.ld" --specs=nosys.specs -Wl,-Map="encoder.map" -Wl,--gc-sections -static --specs=nano.specs -mfpu=fpv4-sp-d16 -mfloat-abi=hard -mthumb -u _printf_float -Wl,--start-group -lc -lm -Wl,--end-group
Finished building target: encoder.elf
 
arm-none-eabi-objdump -h -S  encoder.elf  > "encoder.list"
arm-none-eabi-objcopy  -O binary  encoder.elf  "encoder.bin"
arm-none-eabi-size   encoder.elf 
   text	   data	    bss	    dec	    hex	filename
  35892	    500	   2180	  38572	   96ac	encoder.elf
Finished building: default.size.stdout
 
Finished building: encoder.bin
 
Finished building: encoder.list
 
18:56:07 **** Incremental Build of configuration Debug for project encoder ****
make -j8 all 
arm-none-eabi-size   encoder.elf 
   text	   data	    bss	    dec	    hex	filename
  35892	    500	   2180	  38572	   96ac	encoder.elf
Finished building: default.size.stdout
 
18:57:49 **** Incremental Build of configuration Debug for project encoder ****
make -j8 all 
arm-none-eabi-gcc "../Core/Src/LQR.c" -mcpu=cortex-m4 -std=gnu11 -g3 -DDEBUG -DUSE_HAL_DRIVER -DSTM32F446xx -c -I../Core/Inc -I../Drivers/STM32F4xx_HAL_Driver/Inc -I../Drivers/STM32F4xx_HAL_Driver/Inc/Legacy -I../Drivers/CMSIS/Device/ST/STM32F4xx/Include -I../Drivers/CMSIS/Include -O0 -ffunction-sections -fdata-sections -Wall -fstack-usage -MMD -MP -MF"Core/Src/LQR.d" -MT"Core/Src/LQR.o" --specs=nano.specs -mfpu=fpv4-sp-d16 -mfloat-abi=hard -mthumb -o "Core/Src/LQR.o"
arm-none-eabi-gcc -o "encoder.elf" @"objects.list"   -mcpu=cortex-m4 -T"C:\Users\LOQ\STM32CubeIDE\Inverted pendulum\encoder\STM32F446RETX_FLASH.ld" --specs=nosys.specs -Wl,-Map="encoder.map" -Wl,--gc-sections -static --specs=nano.specs -mfpu=fpv4-sp-d16 -mfloat-abi=hard -mthumb -u _printf_float -Wl,--start-group -lc -lm -Wl,--end-group
Finished building target: encoder.elf
 
arm-none-eabi-objdump -h -S  encoder.elf  > "encoder.list"
arm-none-eabi-objcopy  -O binary  encoder.elf  "encoder.bin"
arm-none-eabi-size   encoder.elf 
   text	   data	    bss	    dec	    hex	filename
  35892	    500	   2180	  38572	   96ac	encoder.elf
Finished building: default.size.stdout
 
Finished building: encoder.bin
 
Finished building: encoder.list
 
18:57:57 **** Incremental Build of configuration Debug for project encoder ****
make -j8 all 
arm-none-eabi-size   encoder.elf 
   text	   data	    bss	    dec	    hex	filename
  35892	    500	   2180	  38572	   96ac	encoder.elf
Finished building: default.size.stdout
 
18:58:14 **** Incremental Build of configuration Debug for project encoder ****
make -j8 all 
arm-none-eabi-size   encoder.elf 
   text	   data	    bss	    dec	    hex	filename
  35892	    500	   2180	  38572	   96ac	encoder.elf
Finished building: default.size.stdout
 
18:59:20 **** Incremental Build of configuration Debug for project encoder ****
make -j8 all 
arm-none-eabi-gcc "../Core/Src/LQR.c" -mcpu=cortex-m4 -std=gnu11 -g3 -DDEBUG -DUSE_HAL_DRIVER -DSTM32F446xx -c -I../Core/Inc -I../Drivers/STM32F4xx_HAL_Driver/Inc -I../Drivers/STM32F4xx_HAL_Driver/Inc/Legacy -I../Drivers/CMSIS/Device/ST/STM32F4xx/Include -I../Drivers/CMSIS/Include -O0 -ffunction-sections -fdata-sections -Wall -fstack-usage -MMD -MP -MF"Core/Src/LQR.d" -MT"Core/Src/LQR.o" --specs=nano.specs -mfpu=fpv4-sp-d16 -mfloat-abi=hard -mthumb -o "Core/Src/LQR.o"
arm-none-eabi-gcc -o "encoder.elf" @"objects.list"   -mcpu=cortex-m4 -T"C:\Users\LOQ\STM32CubeIDE\Inverted pendulum\encoder\STM32F446RETX_FLASH.ld" --specs=nosys.specs -Wl,-Map="encoder.map" -Wl,--gc-sections -static --specs=nano.specs -mfpu=fpv4-sp-d16 -mfloat-abi=hard -mthumb -u _printf_float -Wl,--start-group -lc -lm -Wl,--end-group
Finished building target: encoder.elf
 
arm-none-eabi-objdump -h -S  encoder.elf  > "encoder.list"
arm-none-eabi-objcopy  -O binary  encoder.elf  "encoder.bin"
arm-none-eabi-size   encoder.elf 
   text	   data	    bss	    dec	    hex	filename
  35892	    500	   2180	  38572	   96ac	encoder.elf
Finished building: default.size.stdout
 
Finished building: encoder.bin
 
Finished building: encoder.list
 
19:00:05 **** Incremental Build of configuration Debug for project encoder ****
make -j8 all 
arm-none-eabi-gcc "../Core/Src/LQR.c" -mcpu=cortex-m4 -std=gnu11 -g3 -DDEBUG -DUSE_HAL_DRIVER -DSTM32F446xx -c -I../Core/Inc -I../Drivers/STM32F4xx_HAL_Driver/Inc -I../Drivers/STM32F4xx_HAL_Driver/Inc/Legacy -I../Drivers/CMSIS/Device/ST/STM32F4xx/Include -I../Drivers/CMSIS/Include -O0 -ffunction-sections -fdata-sections -Wall -fstack-usage -MMD -MP -MF"Core/Src/LQR.d" -MT"Core/Src/LQR.o" --specs=nano.specs -mfpu=fpv4-sp-d16 -mfloat-abi=hard -mthumb -o "Core/Src/LQR.o"
arm-none-eabi-gcc -o "encoder.elf" @"objects.list"   -mcpu=cortex-m4 -T"C:\Users\LOQ\STM32CubeIDE\Inverted pendulum\encoder\STM32F446RETX_FLASH.ld" --specs=nosys.specs -Wl,-Map="encoder.map" -Wl,--gc-sections -static --specs=nano.specs -mfpu=fpv4-sp-d16 -mfloat-abi=hard -mthumb -u _printf_float -Wl,--start-group -lc -lm -Wl,--end-group
Finished building target: encoder.elf
 
arm-none-eabi-objdump -h -S  encoder.elf  > "encoder.list"
arm-none-eabi-objcopy  -O binary  encoder.elf  "encoder.bin"
arm-none-eabi-size   encoder.elf 
   text	   data	    bss	    dec	    hex	filename
  35892	    500	   2180	  38572	   96ac	encoder.elf
Finished building: default.size.stdout
 
Finished building: encoder.bin
 
Finished building: encoder.list
 
19:00:39 **** Incremental Build of configuration Debug for project encoder ****
make -j8 all 
arm-none-eabi-size   encoder.elf 
   text	   data	    bss	    dec	    hex	filename
  35892	    500	   2180	  38572	   96ac	encoder.elf
Finished building: default.size.stdout
 
19:01:21 **** Incremental Build of configuration Debug for project encoder ****
make -j8 all 
arm-none-eabi-gcc "../Core/Src/LQR.c" -mcpu=cortex-m4 -std=gnu11 -g3 -DDEBUG -DUSE_HAL_DRIVER -DSTM32F446xx -c -I../Core/Inc -I../Drivers/STM32F4xx_HAL_Driver/Inc -I../Drivers/STM32F4xx_HAL_Driver/Inc/Legacy -I../Drivers/CMSIS/Device/ST/STM32F4xx/Include -I../Drivers/CMSIS/Include -O0 -ffunction-sections -fdata-sections -Wall -fstack-usage -MMD -MP -MF"Core/Src/LQR.d" -MT"Core/Src/LQR.o" --specs=nano.specs -mfpu=fpv4-sp-d16 -mfloat-abi=hard -mthumb -o "Core/Src/LQR.o"
arm-none-eabi-gcc -o "encoder.elf" @"objects.list"   -mcpu=cortex-m4 -T"C:\Users\LOQ\STM32CubeIDE\Inverted pendulum\encoder\STM32F446RETX_FLASH.ld" --specs=nosys.specs -Wl,-Map="encoder.map" -Wl,--gc-sections -static --specs=nano.specs -mfpu=fpv4-sp-d16 -mfloat-abi=hard -mthumb -u _printf_float -Wl,--start-group -lc -lm -Wl,--end-group
Finished building target: encoder.elf
 
arm-none-eabi-objdump -h -S  encoder.elf  > "encoder.list"
arm-none-eabi-objcopy  -O binary  encoder.elf  "encoder.bin"
arm-none-eabi-size   encoder.elf 
   text	   data	    bss	    dec	    hex	filename
  35892	    500	   2180	  38572	   96ac	encoder.elf
Finished building: default.size.stdout
 
Finished building: encoder.bin
 
Finished building: encoder.list
 
19:03:03 **** Incremental Build of configuration Debug for project encoder ****
make -j8 all 
arm-none-eabi-gcc "../Core/Src/LQR.c" -mcpu=cortex-m4 -std=gnu11 -g3 -DDEBUG -DUSE_HAL_DRIVER -DSTM32F446xx -c -I../Core/Inc -I../Drivers/STM32F4xx_HAL_Driver/Inc -I../Drivers/STM32F4xx_HAL_Driver/Inc/Legacy -I../Drivers/CMSIS/Device/ST/STM32F4xx/Include -I../Drivers/CMSIS/Include -O0 -ffunction-sections -fdata-sections -Wall -fstack-usage -MMD -MP -MF"Core/Src/LQR.d" -MT"Core/Src/LQR.o" --specs=nano.specs -mfpu=fpv4-sp-d16 -mfloat-abi=hard -mthumb -o "Core/Src/LQR.o"
arm-none-eabi-gcc -o "encoder.elf" @"objects.list"   -mcpu=cortex-m4 -T"C:\Users\LOQ\STM32CubeIDE\Inverted pendulum\encoder\STM32F446RETX_FLASH.ld" --specs=nosys.specs -Wl,-Map="encoder.map" -Wl,--gc-sections -static --specs=nano.specs -mfpu=fpv4-sp-d16 -mfloat-abi=hard -mthumb -u _printf_float -Wl,--start-group -lc -lm -Wl,--end-group
Finished building target: encoder.elf
 
arm-none-eabi-objdump -h -S  encoder.elf  > "encoder.list"
arm-none-eabi-objcopy  -O binary  encoder.elf  "encoder.bin"
arm-none-eabi-size   encoder.elf 
   text	   data	    bss	    dec	    hex	filename
  35892	    500	   2180	  38572	   96ac	encoder.elf
Finished building: default.size.stdout
 
Finished building: encoder.bin
 
Finished building: encoder.list
 
19:05:02 **** Incremental Build of configuration Debug for project encoder ****
make -j8 all 
arm-none-eabi-gcc "../Core/Src/LQR.c" -mcpu=cortex-m4 -std=gnu11 -g3 -DDEBUG -DUSE_HAL_DRIVER -DSTM32F446xx -c -I../Core/Inc -I../Drivers/STM32F4xx_HAL_Driver/Inc -I../Drivers/STM32F4xx_HAL_Driver/Inc/Legacy -I../Drivers/CMSIS/Device/ST/STM32F4xx/Include -I../Drivers/CMSIS/Include -O0 -ffunction-sections -fdata-sections -Wall -fstack-usage -MMD -MP -MF"Core/Src/LQR.d" -MT"Core/Src/LQR.o" --specs=nano.specs -mfpu=fpv4-sp-d16 -mfloat-abi=hard -mthumb -o "Core/Src/LQR.o"
arm-none-eabi-gcc -o "encoder.elf" @"objects.list"   -mcpu=cortex-m4 -T"C:\Users\LOQ\STM32CubeIDE\Inverted pendulum\encoder\STM32F446RETX_FLASH.ld" --specs=nosys.specs -Wl,-Map="encoder.map" -Wl,--gc-sections -static --specs=nano.specs -mfpu=fpv4-sp-d16 -mfloat-abi=hard -mthumb -u _printf_float -Wl,--start-group -lc -lm -Wl,--end-group
Finished building target: encoder.elf
 
arm-none-eabi-objdump -h -S  encoder.elf  > "encoder.list"
arm-none-eabi-objcopy  -O binary  encoder.elf  "encoder.bin"
arm-none-eabi-size   encoder.elf 
   text	   data	    bss	    dec	    hex	filename
  35892	    500	   2180	  38572	   96ac	encoder.elf
Finished building: default.size.stdout
 
Finished building: encoder.bin
 
Finished building: encoder.list
 
19:13:55 **** Incremental Build of configuration Debug for project encoder ****
make -j8 all 
arm-none-eabi-gcc "../Core/Src/LQR.c" -mcpu=cortex-m4 -std=gnu11 -g3 -DDEBUG -DUSE_HAL_DRIVER -DSTM32F446xx -c -I../Core/Inc -I../Drivers/STM32F4xx_HAL_Driver/Inc -I../Drivers/STM32F4xx_HAL_Driver/Inc/Legacy -I../Drivers/CMSIS/Device/ST/STM32F4xx/Include -I../Drivers/CMSIS/Include -O0 -ffunction-sections -fdata-sections -Wall -fstack-usage -MMD -MP -MF"Core/Src/LQR.d" -MT"Core/Src/LQR.o" --specs=nano.specs -mfpu=fpv4-sp-d16 -mfloat-abi=hard -mthumb -o "Core/Src/LQR.o"
arm-none-eabi-gcc -o "encoder.elf" @"objects.list"   -mcpu=cortex-m4 -T"C:\Users\LOQ\STM32CubeIDE\Inverted pendulum\encoder\STM32F446RETX_FLASH.ld" --specs=nosys.specs -Wl,-Map="encoder.map" -Wl,--gc-sections -static --specs=nano.specs -mfpu=fpv4-sp-d16 -mfloat-abi=hard -mthumb -u _printf_float -Wl,--start-group -lc -lm -Wl,--end-group
Finished building target: encoder.elf
 
arm-none-eabi-objdump -h -S  encoder.elf  > "encoder.list"
arm-none-eabi-objcopy  -O binary  encoder.elf  "encoder.bin"
arm-none-eabi-size   encoder.elf 
   text	   data	    bss	    dec	    hex	filename
  35916	    500	   2180	  38596	   96c4	encoder.elf
Finished building: default.size.stdout
 
Finished building: encoder.bin
 
Finished building: encoder.list
 
19:14:01 **** Incremental Build of configuration Debug for project encoder ****
make -j8 all 
arm-none-eabi-size   encoder.elf 
   text	   data	    bss	    dec	    hex	filename
  35916	    500	   2180	  38596	   96c4	encoder.elf
Finished building: default.size.stdout
 
19:16:33 **** Incremental Build of configuration Debug for project encoder ****
make -j8 all 
arm-none-eabi-gcc "../Core/Src/LQR.c" -mcpu=cortex-m4 -std=gnu11 -g3 -DDEBUG -DUSE_HAL_DRIVER -DSTM32F446xx -c -I../Core/Inc -I../Drivers/STM32F4xx_HAL_Driver/Inc -I../Drivers/STM32F4xx_HAL_Driver/Inc/Legacy -I../Drivers/CMSIS/Device/ST/STM32F4xx/Include -I../Drivers/CMSIS/Include -O0 -ffunction-sections -fdata-sections -Wall -fstack-usage -MMD -MP -MF"Core/Src/LQR.d" -MT"Core/Src/LQR.o" --specs=nano.specs -mfpu=fpv4-sp-d16 -mfloat-abi=hard -mthumb -o "Core/Src/LQR.o"
arm-none-eabi-gcc -o "encoder.elf" @"objects.list"   -mcpu=cortex-m4 -T"C:\Users\LOQ\STM32CubeIDE\Inverted pendulum\encoder\STM32F446RETX_FLASH.ld" --specs=nosys.specs -Wl,-Map="encoder.map" -Wl,--gc-sections -static --specs=nano.specs -mfpu=fpv4-sp-d16 -mfloat-abi=hard -mthumb -u _printf_float -Wl,--start-group -lc -lm -Wl,--end-group
Finished building target: encoder.elf
 
arm-none-eabi-objdump -h -S  encoder.elf  > "encoder.list"
arm-none-eabi-objcopy  -O binary  encoder.elf  "encoder.bin"
arm-none-eabi-size   encoder.elf 
   text	   data	    bss	    dec	    hex	filename
  35916	    500	   2180	  38596	   96c4	encoder.elf
Finished building: default.size.stdout
 
Finished building: encoder.bin
 
Finished building: encoder.list
 
19:16:39 **** Incremental Build of configuration Debug for project encoder ****
make -j8 all 
arm-none-eabi-size   encoder.elf 
   text	   data	    bss	    dec	    hex	filename
  35916	    500	   2180	  38596	   96c4	encoder.elf
Finished building: default.size.stdout
 
19:17:35 **** Incremental Build of configuration Debug for project encoder ****
make -j8 all 
arm-none-eabi-gcc "../Core/Src/LQR.c" -mcpu=cortex-m4 -std=gnu11 -g3 -DDEBUG -DUSE_HAL_DRIVER -DSTM32F446xx -c -I../Core/Inc -I../Drivers/STM32F4xx_HAL_Driver/Inc -I../Drivers/STM32F4xx_HAL_Driver/Inc/Legacy -I../Drivers/CMSIS/Device/ST/STM32F4xx/Include -I../Drivers/CMSIS/Include -O0 -ffunction-sections -fdata-sections -Wall -fstack-usage -MMD -MP -MF"Core/Src/LQR.d" -MT"Core/Src/LQR.o" --specs=nano.specs -mfpu=fpv4-sp-d16 -mfloat-abi=hard -mthumb -o "Core/Src/LQR.o"
arm-none-eabi-gcc -o "encoder.elf" @"objects.list"   -mcpu=cortex-m4 -T"C:\Users\LOQ\STM32CubeIDE\Inverted pendulum\encoder\STM32F446RETX_FLASH.ld" --specs=nosys.specs -Wl,-Map="encoder.map" -Wl,--gc-sections -static --specs=nano.specs -mfpu=fpv4-sp-d16 -mfloat-abi=hard -mthumb -u _printf_float -Wl,--start-group -lc -lm -Wl,--end-group
Finished building target: encoder.elf
 
arm-none-eabi-objdump -h -S  encoder.elf  > "encoder.list"
arm-none-eabi-objcopy  -O binary  encoder.elf  "encoder.bin"
arm-none-eabi-size   encoder.elf 
   text	   data	    bss	    dec	    hex	filename
  35916	    500	   2180	  38596	   96c4	encoder.elf
Finished building: default.size.stdout
 
Finished building: encoder.bin
 
Finished building: encoder.list
 
19:17:38 **** Incremental Build of configuration Debug for project encoder ****
make -j8 all 
arm-none-eabi-size   encoder.elf 
   text	   data	    bss	    dec	    hex	filename
  35916	    500	   2180	  38596	   96c4	encoder.elf
Finished building: default.size.stdout
 
19:18:46 **** Incremental Build of configuration Debug for project encoder ****
make -j8 all 
arm-none-eabi-gcc "../Core/Src/LQR.c" -mcpu=cortex-m4 -std=gnu11 -g3 -DDEBUG -DUSE_HAL_DRIVER -DSTM32F446xx -c -I../Core/Inc -I../Drivers/STM32F4xx_HAL_Driver/Inc -I../Drivers/STM32F4xx_HAL_Driver/Inc/Legacy -I../Drivers/CMSIS/Device/ST/STM32F4xx/Include -I../Drivers/CMSIS/Include -O0 -ffunction-sections -fdata-sections -Wall -fstack-usage -MMD -MP -MF"Core/Src/LQR.d" -MT"Core/Src/LQR.o" --specs=nano.specs -mfpu=fpv4-sp-d16 -mfloat-abi=hard -mthumb -o "Core/Src/LQR.o"
arm-none-eabi-gcc -o "encoder.elf" @"objects.list"   -mcpu=cortex-m4 -T"C:\Users\LOQ\STM32CubeIDE\Inverted pendulum\encoder\STM32F446RETX_FLASH.ld" --specs=nosys.specs -Wl,-Map="encoder.map" -Wl,--gc-sections -static --specs=nano.specs -mfpu=fpv4-sp-d16 -mfloat-abi=hard -mthumb -u _printf_float -Wl,--start-group -lc -lm -Wl,--end-group
Finished building target: encoder.elf
 
arm-none-eabi-objdump -h -S  encoder.elf  > "encoder.list"
arm-none-eabi-objcopy  -O binary  encoder.elf  "encoder.bin"
arm-none-eabi-size   encoder.elf 
   text	   data	    bss	    dec	    hex	filename
  35916	    500	   2180	  38596	   96c4	encoder.elf
Finished building: default.size.stdout
 
Finished building: encoder.bin
 
Finished building: encoder.list
 
19:19:15 **** Incremental Build of configuration Debug for project encoder ****
make -j8 all 
arm-none-eabi-size   encoder.elf 
   text	   data	    bss	    dec	    hex	filename
  35916	    500	   2180	  38596	   96c4	encoder.elf
Finished building: default.size.stdout
 
19:38:30 **** Incremental Build of configuration Debug for project encoder ****
make -j8 all 
arm-none-eabi-gcc "../Core/Src/LQR.c" -mcpu=cortex-m4 -std=gnu11 -g3 -DDEBUG -DUSE_HAL_DRIVER -DSTM32F446xx -c -I../Core/Inc -I../Drivers/STM32F4xx_HAL_Driver/Inc -I../Drivers/STM32F4xx_HAL_Driver/Inc/Legacy -I../Drivers/CMSIS/Device/ST/STM32F4xx/Include -I../Drivers/CMSIS/Include -O0 -ffunction-sections -fdata-sections -Wall -fstack-usage -MMD -MP -MF"Core/Src/LQR.d" -MT"Core/Src/LQR.o" --specs=nano.specs -mfpu=fpv4-sp-d16 -mfloat-abi=hard -mthumb -o "Core/Src/LQR.o"
arm-none-eabi-gcc -o "encoder.elf" @"objects.list"   -mcpu=cortex-m4 -T"C:\Users\LOQ\STM32CubeIDE\Inverted pendulum\encoder\STM32F446RETX_FLASH.ld" --specs=nosys.specs -Wl,-Map="encoder.map" -Wl,--gc-sections -static --specs=nano.specs -mfpu=fpv4-sp-d16 -mfloat-abi=hard -mthumb -u _printf_float -Wl,--start-group -lc -lm -Wl,--end-group
Finished building target: encoder.elf
 
arm-none-eabi-objdump -h -S  encoder.elf  > "encoder.list"
arm-none-eabi-objcopy  -O binary  encoder.elf  "encoder.bin"
arm-none-eabi-size   encoder.elf 
   text	   data	    bss	    dec	    hex	filename
  35916	    500	   2180	  38596	   96c4	encoder.elf
Finished building: default.size.stdout
 
Finished building: encoder.bin
 
Finished building: encoder.list
 
19:39:58 **** Incremental Build of configuration Debug for project encoder ****
make -j8 all 
arm-none-eabi-gcc "../Core/Src/LQR.c" -mcpu=cortex-m4 -std=gnu11 -g3 -DDEBUG -DUSE_HAL_DRIVER -DSTM32F446xx -c -I../Core/Inc -I../Drivers/STM32F4xx_HAL_Driver/Inc -I../Drivers/STM32F4xx_HAL_Driver/Inc/Legacy -I../Drivers/CMSIS/Device/ST/STM32F4xx/Include -I../Drivers/CMSIS/Include -O0 -ffunction-sections -fdata-sections -Wall -fstack-usage -MMD -MP -MF"Core/Src/LQR.d" -MT"Core/Src/LQR.o" --specs=nano.specs -mfpu=fpv4-sp-d16 -mfloat-abi=hard -mthumb -o "Core/Src/LQR.o"
arm-none-eabi-gcc -o "encoder.elf" @"objects.list"   -mcpu=cortex-m4 -T"C:\Users\LOQ\STM32CubeIDE\Inverted pendulum\encoder\STM32F446RETX_FLASH.ld" --specs=nosys.specs -Wl,-Map="encoder.map" -Wl,--gc-sections -static --specs=nano.specs -mfpu=fpv4-sp-d16 -mfloat-abi=hard -mthumb -u _printf_float -Wl,--start-group -lc -lm -Wl,--end-group
Finished building target: encoder.elf
 
arm-none-eabi-objdump -h -S  encoder.elf  > "encoder.list"
arm-none-eabi-objcopy  -O binary  encoder.elf  "encoder.bin"
arm-none-eabi-size   encoder.elf 
   text	   data	    bss	    dec	    hex	filename
  35916	    500	   2180	  38596	   96c4	encoder.elf
Finished building: default.size.stdout
 
Finished building: encoder.bin
 
Finished building: encoder.list
 
19:40:28 **** Incremental Build of configuration Debug for project encoder ****
make -j8 all 
arm-none-eabi-gcc "../Core/Src/LQR.c" -mcpu=cortex-m4 -std=gnu11 -g3 -DDEBUG -DUSE_HAL_DRIVER -DSTM32F446xx -c -I../Core/Inc -I../Drivers/STM32F4xx_HAL_Driver/Inc -I../Drivers/STM32F4xx_HAL_Driver/Inc/Legacy -I../Drivers/CMSIS/Device/ST/STM32F4xx/Include -I../Drivers/CMSIS/Include -O0 -ffunction-sections -fdata-sections -Wall -fstack-usage -MMD -MP -MF"Core/Src/LQR.d" -MT"Core/Src/LQR.o" --specs=nano.specs -mfpu=fpv4-sp-d16 -mfloat-abi=hard -mthumb -o "Core/Src/LQR.o"
arm-none-eabi-gcc -o "encoder.elf" @"objects.list"   -mcpu=cortex-m4 -T"C:\Users\LOQ\STM32CubeIDE\Inverted pendulum\encoder\STM32F446RETX_FLASH.ld" --specs=nosys.specs -Wl,-Map="encoder.map" -Wl,--gc-sections -static --specs=nano.specs -mfpu=fpv4-sp-d16 -mfloat-abi=hard -mthumb -u _printf_float -Wl,--start-group -lc -lm -Wl,--end-group
Finished building target: encoder.elf
 
arm-none-eabi-objdump -h -S  encoder.elf  > "encoder.list"
arm-none-eabi-objcopy  -O binary  encoder.elf  "encoder.bin"
arm-none-eabi-size   encoder.elf 
   text	   data	    bss	    dec	    hex	filename
  35916	    500	   2180	  38596	   96c4	encoder.elf
Finished building: default.size.stdout
 
Finished building: encoder.bin
 
Finished building: encoder.list
 
19:42:01 **** Incremental Build of configuration Debug for project encoder ****
make -j8 all 
arm-none-eabi-gcc "../Core/Src/LQR.c" -mcpu=cortex-m4 -std=gnu11 -g3 -DDEBUG -DUSE_HAL_DRIVER -DSTM32F446xx -c -I../Core/Inc -I../Drivers/STM32F4xx_HAL_Driver/Inc -I../Drivers/STM32F4xx_HAL_Driver/Inc/Legacy -I../Drivers/CMSIS/Device/ST/STM32F4xx/Include -I../Drivers/CMSIS/Include -O0 -ffunction-sections -fdata-sections -Wall -fstack-usage -MMD -MP -MF"Core/Src/LQR.d" -MT"Core/Src/LQR.o" --specs=nano.specs -mfpu=fpv4-sp-d16 -mfloat-abi=hard -mthumb -o "Core/Src/LQR.o"
arm-none-eabi-gcc -o "encoder.elf" @"objects.list"   -mcpu=cortex-m4 -T"C:\Users\LOQ\STM32CubeIDE\Inverted pendulum\encoder\STM32F446RETX_FLASH.ld" --specs=nosys.specs -Wl,-Map="encoder.map" -Wl,--gc-sections -static --specs=nano.specs -mfpu=fpv4-sp-d16 -mfloat-abi=hard -mthumb -u _printf_float -Wl,--start-group -lc -lm -Wl,--end-group
Finished building target: encoder.elf
 
arm-none-eabi-objdump -h -S  encoder.elf  > "encoder.list"
arm-none-eabi-objcopy  -O binary  encoder.elf  "encoder.bin"
arm-none-eabi-size   encoder.elf 
   text	   data	    bss	    dec	    hex	filename
  35916	    500	   2180	  38596	   96c4	encoder.elf
Finished building: default.size.stdout
 
Finished building: encoder.bin
 
Finished building: encoder.list
 
19:42:06 **** Incremental Build of configuration Debug for project encoder ****
make -j8 all 
arm-none-eabi-size   encoder.elf 
   text	   data	    bss	    dec	    hex	filename
  35916	    500	   2180	  38596	   96c4	encoder.elf
Finished building: default.size.stdout
 
19:42:28 **** Incremental Build of configuration Debug for project encoder ****
make -j8 all 
arm-none-eabi-size   encoder.elf 
   text	   data	    bss	    dec	    hex	filename
  35916	    500	   2180	  38596	   96c4	encoder.elf
Finished building: default.size.stdout
 
19:42:55 **** Incremental Build of configuration Debug for project encoder ****
make -j8 all 
arm-none-eabi-gcc "../Core/Src/LQR.c" -mcpu=cortex-m4 -std=gnu11 -g3 -DDEBUG -DUSE_HAL_DRIVER -DSTM32F446xx -c -I../Core/Inc -I../Drivers/STM32F4xx_HAL_Driver/Inc -I../Drivers/STM32F4xx_HAL_Driver/Inc/Legacy -I../Drivers/CMSIS/Device/ST/STM32F4xx/Include -I../Drivers/CMSIS/Include -O0 -ffunction-sections -fdata-sections -Wall -fstack-usage -MMD -MP -MF"Core/Src/LQR.d" -MT"Core/Src/LQR.o" --specs=nano.specs -mfpu=fpv4-sp-d16 -mfloat-abi=hard -mthumb -o "Core/Src/LQR.o"
arm-none-eabi-gcc -o "encoder.elf" @"objects.list"   -mcpu=cortex-m4 -T"C:\Users\LOQ\STM32CubeIDE\Inverted pendulum\encoder\STM32F446RETX_FLASH.ld" --specs=nosys.specs -Wl,-Map="encoder.map" -Wl,--gc-sections -static --specs=nano.specs -mfpu=fpv4-sp-d16 -mfloat-abi=hard -mthumb -u _printf_float -Wl,--start-group -lc -lm -Wl,--end-group
Finished building target: encoder.elf
 
arm-none-eabi-objdump -h -S  encoder.elf  > "encoder.list"
arm-none-eabi-objcopy  -O binary  encoder.elf  "encoder.bin"
arm-none-eabi-size   encoder.elf 
   text	   data	    bss	    dec	    hex	filename
  35916	    500	   2180	  38596	   96c4	encoder.elf
Finished building: default.size.stdout
 
Finished building: encoder.bin
 
Finished building: encoder.list
 
19:42:58 **** Incremental Build of configuration Debug for project encoder ****
make -j8 all 
arm-none-eabi-size   encoder.elf 
   text	   data	    bss	    dec	    hex	filename
  35916	    500	   2180	  38596	   96c4	encoder.elf
Finished building: default.size.stdout
 
19:43:37 **** Incremental Build of configuration Debug for project encoder ****
make -j8 all 
arm-none-eabi-gcc "../Core/Src/LQR.c" -mcpu=cortex-m4 -std=gnu11 -g3 -DDEBUG -DUSE_HAL_DRIVER -DSTM32F446xx -c -I../Core/Inc -I../Drivers/STM32F4xx_HAL_Driver/Inc -I../Drivers/STM32F4xx_HAL_Driver/Inc/Legacy -I../Drivers/CMSIS/Device/ST/STM32F4xx/Include -I../Drivers/CMSIS/Include -O0 -ffunction-sections -fdata-sections -Wall -fstack-usage -MMD -MP -MF"Core/Src/LQR.d" -MT"Core/Src/LQR.o" --specs=nano.specs -mfpu=fpv4-sp-d16 -mfloat-abi=hard -mthumb -o "Core/Src/LQR.o"
arm-none-eabi-gcc -o "encoder.elf" @"objects.list"   -mcpu=cortex-m4 -T"C:\Users\LOQ\STM32CubeIDE\Inverted pendulum\encoder\STM32F446RETX_FLASH.ld" --specs=nosys.specs -Wl,-Map="encoder.map" -Wl,--gc-sections -static --specs=nano.specs -mfpu=fpv4-sp-d16 -mfloat-abi=hard -mthumb -u _printf_float -Wl,--start-group -lc -lm -Wl,--end-group
Finished building target: encoder.elf
 
arm-none-eabi-objdump -h -S  encoder.elf  > "encoder.list"
arm-none-eabi-objcopy  -O binary  encoder.elf  "encoder.bin"
arm-none-eabi-size   encoder.elf 
   text	   data	    bss	    dec	    hex	filename
  35916	    500	   2180	  38596	   96c4	encoder.elf
Finished building: default.size.stdout
 
Finished building: encoder.bin
 
Finished building: encoder.list
 
19:43:56 **** Incremental Build of configuration Debug for project encoder ****
make -j8 all 
arm-none-eabi-size   encoder.elf 
   text	   data	    bss	    dec	    hex	filename
  35916	    500	   2180	  38596	   96c4	encoder.elf
Finished building: default.size.stdout
 
19:46:07 **** Incremental Build of configuration Debug for project encoder ****
make -j8 all 
arm-none-eabi-size   encoder.elf 
   text	   data	    bss	    dec	    hex	filename
  35916	    500	   2180	  38596	   96c4	encoder.elf
Finished building: default.size.stdout
 
19:46:44 **** Incremental Build of configuration Debug for project encoder ****
make -j8 all 
arm-none-eabi-size   encoder.elf 
   text	   data	    bss	    dec	    hex	filename
  35916	    500	   2180	  38596	   96c4	encoder.elf
Finished building: default.size.stdout
 
19:47:19 **** Incremental Build of configuration Debug for project encoder ****
make -j8 all 
arm-none-eabi-gcc "../Core/Src/LQR.c" -mcpu=cortex-m4 -std=gnu11 -g3 -DDEBUG -DUSE_HAL_DRIVER -DSTM32F446xx -c -I../Core/Inc -I../Drivers/STM32F4xx_HAL_Driver/Inc -I../Drivers/STM32F4xx_HAL_Driver/Inc/Legacy -I../Drivers/CMSIS/Device/ST/STM32F4xx/Include -I../Drivers/CMSIS/Include -O0 -ffunction-sections -fdata-sections -Wall -fstack-usage -MMD -MP -MF"Core/Src/LQR.d" -MT"Core/Src/LQR.o" --specs=nano.specs -mfpu=fpv4-sp-d16 -mfloat-abi=hard -mthumb -o "Core/Src/LQR.o"
arm-none-eabi-gcc -o "encoder.elf" @"objects.list"   -mcpu=cortex-m4 -T"C:\Users\LOQ\STM32CubeIDE\Inverted pendulum\encoder\STM32F446RETX_FLASH.ld" --specs=nosys.specs -Wl,-Map="encoder.map" -Wl,--gc-sections -static --specs=nano.specs -mfpu=fpv4-sp-d16 -mfloat-abi=hard -mthumb -u _printf_float -Wl,--start-group -lc -lm -Wl,--end-group
Finished building target: encoder.elf
 
arm-none-eabi-objdump -h -S  encoder.elf  > "encoder.list"
arm-none-eabi-objcopy  -O binary  encoder.elf  "encoder.bin"
arm-none-eabi-size   encoder.elf 
   text	   data	    bss	    dec	    hex	filename
  35916	    500	   2180	  38596	   96c4	encoder.elf
Finished building: default.size.stdout
 
Finished building: encoder.bin
 
Finished building: encoder.list
 
19:47:50 **** Incremental Build of configuration Debug for project encoder ****
make -j8 all 
arm-none-eabi-size   encoder.elf 
   text	   data	    bss	    dec	    hex	filename
  35916	    500	   2180	  38596	   96c4	encoder.elf
Finished building: default.size.stdout
 
19:50:20 **** Incremental Build of configuration Debug for project encoder ****
make -j8 all 
arm-none-eabi-size   encoder.elf 
   text	   data	    bss	    dec	    hex	filename
  35916	    500	   2180	  38596	   96c4	encoder.elf
Finished building: default.size.stdout
 
19:53:57 **** Incremental Build of configuration Debug for project encoder ****
make -j8 all 
arm-none-eabi-gcc "../Core/Src/LQR.c" -mcpu=cortex-m4 -std=gnu11 -g3 -DDEBUG -DUSE_HAL_DRIVER -DSTM32F446xx -c -I../Core/Inc -I../Drivers/STM32F4xx_HAL_Driver/Inc -I../Drivers/STM32F4xx_HAL_Driver/Inc/Legacy -I../Drivers/CMSIS/Device/ST/STM32F4xx/Include -I../Drivers/CMSIS/Include -O0 -ffunction-sections -fdata-sections -Wall -fstack-usage -MMD -MP -MF"Core/Src/LQR.d" -MT"Core/Src/LQR.o" --specs=nano.specs -mfpu=fpv4-sp-d16 -mfloat-abi=hard -mthumb -o "Core/Src/LQR.o"
arm-none-eabi-gcc -o "encoder.elf" @"objects.list"   -mcpu=cortex-m4 -T"C:\Users\LOQ\STM32CubeIDE\Inverted pendulum\encoder\STM32F446RETX_FLASH.ld" --specs=nosys.specs -Wl,-Map="encoder.map" -Wl,--gc-sections -static --specs=nano.specs -mfpu=fpv4-sp-d16 -mfloat-abi=hard -mthumb -u _printf_float -Wl,--start-group -lc -lm -Wl,--end-group
Finished building target: encoder.elf
 
arm-none-eabi-objdump -h -S  encoder.elf  > "encoder.list"
arm-none-eabi-objcopy  -O binary  encoder.elf  "encoder.bin"
arm-none-eabi-size   encoder.elf 
   text	   data	    bss	    dec	    hex	filename
  35916	    500	   2180	  38596	   96c4	encoder.elf
Finished building: default.size.stdout
 
Finished building: encoder.bin
 
Finished building: encoder.list
 
19:55:30 **** Incremental Build of configuration Debug for project encoder ****
make -j8 all 
arm-none-eabi-gcc "../Core/Src/LQR.c" -mcpu=cortex-m4 -std=gnu11 -g3 -DDEBUG -DUSE_HAL_DRIVER -DSTM32F446xx -c -I../Core/Inc -I../Drivers/STM32F4xx_HAL_Driver/Inc -I../Drivers/STM32F4xx_HAL_Driver/Inc/Legacy -I../Drivers/CMSIS/Device/ST/STM32F4xx/Include -I../Drivers/CMSIS/Include -O0 -ffunction-sections -fdata-sections -Wall -fstack-usage -MMD -MP -MF"Core/Src/LQR.d" -MT"Core/Src/LQR.o" --specs=nano.specs -mfpu=fpv4-sp-d16 -mfloat-abi=hard -mthumb -o "Core/Src/LQR.o"
arm-none-eabi-gcc -o "encoder.elf" @"objects.list"   -mcpu=cortex-m4 -T"C:\Users\LOQ\STM32CubeIDE\Inverted pendulum\encoder\STM32F446RETX_FLASH.ld" --specs=nosys.specs -Wl,-Map="encoder.map" -Wl,--gc-sections -static --specs=nano.specs -mfpu=fpv4-sp-d16 -mfloat-abi=hard -mthumb -u _printf_float -Wl,--start-group -lc -lm -Wl,--end-group
Finished building target: encoder.elf
 
arm-none-eabi-objdump -h -S  encoder.elf  > "encoder.list"
arm-none-eabi-objcopy  -O binary  encoder.elf  "encoder.bin"
arm-none-eabi-size   encoder.elf 
   text	   data	    bss	    dec	    hex	filename
  35916	    500	   2180	  38596	   96c4	encoder.elf
Finished building: default.size.stdout
 
Finished building: encoder.bin
 
Finished building: encoder.list
 
18:22:29 **** Incremental Build of configuration Debug for project encoder ****
make -j8 all 
[...]
arm-none-eabi-gcc -o "encoder.elf" @"objects.list"   -mcpu=cortex-m4 -T"C:\Users\LOQ\STM32CubeIDE\Inverted pendulum\encoder\STM32F446RETX_FLASH.ld" --specs=nosys.specs -Wl,-Map="encoder.map" -Wl,--gc-sections -static --specs=nano.specs -mfpu=fpv4-sp-d16 -mfloat-abi=hard -mthumb -u _printf_float -Wl,--start-group -lc -lm -Wl,--end-group
Finished building target: encoder.elf
 
arm-none-eabi-objdump -h -S  encoder.elf  > "encoder.list"
arm-none-eabi-objcopy  -O binary  encoder.elf  "encoder.bin"
arm-none-eabi-size   encoder.elf 
   text	   data	    bss	    dec	    hex	filename
  36060	    500	   2188	  38748	   975c	encoder.elf
Finished building: default.size.stdout
 
Finished building: encoder.bin
 
Finished building: encoder.list
 
16:41:27 **** Incremental Build of configuration Debug for project encoder ****
make -j8 all 
arm-none-eabi-size   encoder.elf 
   text	   data	    bss	    dec	    hex	filename
  36060	    500	   2188	  38748	   975c	encoder.elf
Finished building: default.size.stdout
 
16:41:39 **** Incremental Build of configuration Debug for project encoder ****
make -j8 all 
arm-none-eabi-size   encoder.elf 
   text	   data	    bss	    dec	    hex	filename
  36060	    500	   2188	  38748	   975c	encoder.elf
Finished building: default.size.stdout
 
17:27:42 **** Incremental Build of configuration Debug for project encoder ****
make -j8 all 
arm-none-eabi-gcc "../Core/Src/LQR.c" -mcpu=cortex-m4 -std=gnu11 -g3 -DDEBUG -DUSE_HAL_DRIVER -DSTM32F446xx -c -I../Core/Inc -I../Drivers/STM32F4xx_HAL_Driver/Inc -I../Drivers/STM32F4xx_HAL_Driver/Inc/Legacy -I../Drivers/CMSIS/Device/ST/STM32F4xx/Include -I../Drivers/CMSIS/Include -O0 -ffunction-sections -fdata-sections -Wall -fstack-usage -MMD -MP -MF"Core/Src/LQR.d" -MT"Core/Src/LQR.o" --specs=nano.specs -mfpu=fpv4-sp-d16 -mfloat-abi=hard -mthumb -o "Core/Src/LQR.o"
arm-none-eabi-gcc "../Core/Src/main.c" -mcpu=cortex-m4 -std=gnu11 -g3 -DDEBUG -DUSE_HAL_DRIVER -DSTM32F446xx -c -I../Core/Inc -I../Drivers/STM32F4xx_HAL_Driver/Inc -I../Drivers/STM32F4xx_HAL_Driver/Inc/Legacy -I../Drivers/CMSIS/Device/ST/STM32F4xx/Include -I../Drivers/CMSIS/Include -O0 -ffunction-sections -fdata-sections -Wall -fstack-usage -MMD -MP -MF"Core/Src/main.d" -MT"Core/Src/main.o" --specs=nano.specs -mfpu=fpv4-sp-d16 -mfloat-abi=hard -mthumb -o "Core/Src/main.o"
../Core/Src/main.c: In function 'main':
../Core/Src/main.c:173:12: warning: too many arguments for format [-Wformat-extra-args]
  173 |     printf("%f %f\n", cart_position, angular_position_pendulum,target_speed);
      |            ^~~~~~~~~
../Core/Src/main.c: In function 'HAL_UART_RxCpltCallback':
../Core/Src/main.c:562:27: error: 'rx_buffer' undeclared (first use in this function); did you mean 'setbuffer'?
  562 |         uint8_t address = rx_buffer[0];
      |                           ^~~~~~~~~
      |                           setbuffer
../Core/Src/main.c:562:27: note: each undeclared identifier is reported only once for each function it appears in
make: *** [Core/Src/subdir.mk:54: Core/Src/main.o] Error 1
"make -j8 all" terminated with exit code 2. Build might be incomplete.
17:30:49 **** Incremental Build of configuration Debug for project encoder ****
make -j8 all 
arm-none-eabi-gcc "../Core/Src/LQR.c" -mcpu=cortex-m4 -std=gnu11 -g3 -DDEBUG -DUSE_HAL_DRIVER -DSTM32F446xx -c -I../Core/Inc -I../Drivers/STM32F4xx_HAL_Driver/Inc -I../Drivers/STM32F4xx_HAL_Driver/Inc/Legacy -I../Drivers/CMSIS/Device/ST/STM32F4xx/Include -I../Drivers/CMSIS/Include -O0 -ffunction-sections -fdata-sections -Wall -fstack-usage -MMD -MP -MF"Core/Src/LQR.d" -MT"Core/Src/LQR.o" --specs=nano.specs -mfpu=fpv4-sp-d16 -mfloat-abi=hard -mthumb -o "Core/Src/LQR.o"
arm-none-eabi-gcc "../Core/Src/main.c" -mcpu=cortex-m4 -std=gnu11 -g3 -DDEBUG -DUSE_HAL_DRIVER -DSTM32F446xx -c -I../Core/Inc -I../Drivers/STM32F4xx_HAL_Driver/Inc -I../Drivers/STM32F4xx_HAL_Driver/Inc/Legacy -I../Drivers/CMSIS/Device/ST/STM32F4xx/Include -I../Drivers/CMSIS/Include -O0 -ffunction-sections -fdata-sections -Wall -fstack-usage -MMD -MP -MF"Core/Src/main.d" -MT"Core/Src/main.o" --specs=nano.specs -mfpu=fpv4-sp-d16 -mfloat-abi=hard -mthumb -o "Core/Src/main.o"
../Core/Src/LQR.c: In function 'run_pendulum':
../Core/Src/LQR.c:43:4: error: expected ',' or ';' before 'if'
   43 |    if(current_angle > (PI-0.17f) || current_angle < -(PI-0.17f) ){
      |    ^~
../Core/Src/LQR.c:41:9: warning: unused variable 'current_angle' [-Wunused-variable]
   41 |   float current_angle = pendulum->pend_enc->angle_position
      |         ^~~~~~~~~~~~~
make: *** [Core/Src/subdir.mk:48: Core/Src/LQR.o] Error 1
make: *** Waiting for unfinished jobs....
../Core/Src/main.c: In function 'main':
../Core/Src/main.c:173:12: warning: too many arguments for format [-Wformat-extra-args]
  173 |     printf("%f %f\n", cart_position, angular_position_pendulum,target_speed);
      |            ^~~~~~~~~
../Core/Src/main.c: In function 'HAL_UART_RxCpltCallback':
../Core/Src/main.c:562:27: error: 'rx_buffer' undeclared (first use in this function); did you mean 'setbuffer'?
  562 |         uint8_t address = rx_buffer[0];
      |                           ^~~~~~~~~
      |                           setbuffer
../Core/Src/main.c:562:27: note: each undeclared identifier is reported only once for each function it appears in
make: *** [Core/Src/subdir.mk:54: Core/Src/main.o] Error 1
"make -j8 all" terminated with exit code 2. Build might be incomplete.
17:31:17 **** Incremental Build of configuration Debug for project encoder ****
make -j8 all 
arm-none-eabi-gcc "../Core/Src/LQR.c" -mcpu=cortex-m4 -std=gnu11 -g3 -DDEBUG -DUSE_HAL_DRIVER -DSTM32F446xx -c -I../Core/Inc -I../Drivers/STM32F4xx_HAL_Driver/Inc -I../Drivers/STM32F4xx_HAL_Driver/Inc/Legacy -I../Drivers/CMSIS/Device/ST/STM32F4xx/Include -I../Drivers/CMSIS/Include -O0 -ffunction-sections -fdata-sections -Wall -fstack-usage -MMD -MP -MF"Core/Src/LQR.d" -MT"Core/Src/LQR.o" --specs=nano.specs -mfpu=fpv4-sp-d16 -mfloat-abi=hard -mthumb -o "Core/Src/LQR.o"
arm-none-eabi-gcc "../Core/Src/main.c" -mcpu=cortex-m4 -std=gnu11 -g3 -DDEBUG -DUSE_HAL_DRIVER -DSTM32F446xx -c -I../Core/Inc -I../Drivers/STM32F4xx_HAL_Driver/Inc -I../Drivers/STM32F4xx_HAL_Driver/Inc/Legacy -I../Drivers/CMSIS/Device/ST/STM32F4xx/Include -I../Drivers/CMSIS/Include -O0 -ffunction-sections -fdata-sections -Wall -fstack-usage -MMD -MP -MF"Core/Src/main.d" -MT"Core/Src/main.o" --specs=nano.specs -mfpu=fpv4-sp-d16 -mfloat-abi=hard -mthumb -o "Core/Src/main.o"
../Core/Src/LQR.c: In function 'run_pendulum':
../Core/Src/LQR.c:43:4: error: expected ',' or ';' before 'if'
   43 |    if(current_angle > (PI-0.17f) || current_angle < -(PI-0.17f)){
      |    ^~
../Core/Src/LQR.c:41:9: warning: unused variable 'current_angle' [-Wunused-variable]
   41 |   float current_angle = pendulum->pend_enc->angle_position
      |         ^~~~~~~~~~~~~
make: *** [Core/Src/subdir.mk:48: Core/Src/LQR.o] Error 1
make: *** Waiting for unfinished jobs....
../Core/Src/main.c: In function 'main':
../Core/Src/main.c:173:12: warning: too many arguments for format [-Wformat-extra-args]
  173 |     printf("%f %f\n", cart_position, angular_position_pendulum,target_speed);
      |            ^~~~~~~~~
../Core/Src/main.c: In function 'HAL_UART_RxCpltCallback':
../Core/Src/main.c:562:27: error: 'rx_buffer' undeclared (first use in this function); did you mean 'setbuffer'?
  562 |         uint8_t address = rx_buffer[0];
      |                           ^~~~~~~~~
      |                           setbuffer
../Core/Src/main.c:562:27: note: each undeclared identifier is reported only once for each function it appears in
make: *** [Core/Src/subdir.mk:54: Core/Src/main.o] Error 1
"make -j8 all" terminated with exit code 2. Build might be incomplete.
17:31:34 **** Incremental Build of configuration Debug for project encoder ****
make -j8 all 
arm-none-eabi-gcc "../Core/Src/LQR.c" -mcpu=cortex-m4 -std=gnu11 -g3 -DDEBUG -DUSE_HAL_DRIVER -DSTM32F446xx -c -I../Core/Inc -I../Drivers/STM32F4xx_HAL_Driver/Inc -I../Drivers/STM32F4xx_HAL_Driver/Inc/Legacy -I../Drivers/CMSIS/Device/ST/STM32F4xx/Include -I../Drivers/CMSIS/Include -O0 -ffunction-sections -fdata-sections -Wall -fstack-usage -MMD -MP -MF"Core/Src/LQR.d" -MT"Core/Src/LQR.o" --specs=nano.specs -mfpu=fpv4-sp-d16 -mfloat-abi=hard -mthumb -o "Core/Src/LQR.o"
arm-none-eabi-gcc "../Core/Src/main.c" -mcpu=cortex-m4 -std=gnu11 -g3 -DDEBUG -DUSE_HAL_DRIVER -DSTM32F446xx -c -I../Core/Inc -I../Drivers/STM32F4xx_HAL_Driver/Inc -I../Drivers/STM32F4xx_HAL_Driver/Inc/Legacy -I../Drivers/CMSIS/Device/ST/STM32F4xx/Include -I../Drivers/CMSIS/Include -O0 -ffunction-sections -fdata-sections -Wall -fstack-usage -MMD -MP -MF"Core/Src/main.d" -MT"Core/Src/main.o" --specs=nano.specs -mfpu=fpv4-sp-d16 -mfloat-abi=hard -mthumb -o "Core/Src/main.o"
../Core/Src/main.c: In function 'main':
../Core/Src/main.c:173:12: warning: too many arguments for format [-Wformat-extra-args]
  173 |     printf("%f %f\n", cart_position, angular_position_pendulum,target_speed);
      |            ^~~~~~~~~
../Core/Src/main.c: In function 'HAL_UART_RxCpltCallback':
../Core/Src/main.c:562:27: error: 'rx_buffer' undeclared (first use in this function); did you mean 'setbuffer'?
  562 |         uint8_t address = rx_buffer[0];
      |                           ^~~~~~~~~
      |                           setbuffer
../Core/Src/main.c:562:27: note: each undeclared identifier is reported only once for each function it appears in
make: *** [Core/Src/subdir.mk:54: Core/Src/main.o] Error 1
make: *** Waiting for unfinished jobs....
"make -j8 all" terminated with exit code 2. Build might be incomplete.
17:33:20 **** Incremental Build of configuration Debug for project encoder ****
make -j8 all 
arm-none-eabi-gcc "../Core/Src/main.c" -mcpu=cortex-m4 -std=gnu11 -g3 -DDEBUG -DUSE_HAL_DRIVER -DSTM32F446xx -c -I../Core/Inc -I../Drivers/STM32F4xx_HAL_Driver/Inc -I../Drivers/STM32F4xx_HAL_Driver/Inc/Legacy -I../Drivers/CMSIS/Device/ST/STM32F4xx/Include -I../Drivers/CMSIS/Include -O0 -ffunction-sections -fdata-sections -Wall -fstack-usage -MMD -MP -MF"Core/Src/main.d" -MT"Core/Src/main.o" --specs=nano.specs -mfpu=fpv4-sp-d16 -mfloat-abi=hard -mthumb -o "Core/Src/main.o"
../Core/Src/main.c: In function 'main':
../Core/Src/main.c:175:12: warning: too many arguments for format [-Wformat-extra-args]
  175 |     printf("%f %f\n", cart_position, angular_position_pendulum,target_speed);
      |            ^~~~~~~~~
arm-none-eabi-gcc -o "encoder.elf" @"objects.list"   -mcpu=cortex-m4 -T"C:\Users\LOQ\STM32CubeIDE\Inverted pendulum\encoder\STM32F446RETX_FLASH.ld" --specs=nosys.specs -Wl,-Map="encoder.map" -Wl,--gc-sections -static --specs=nano.specs -mfpu=fpv4-sp-d16 -mfloat-abi=hard -mthumb -u _printf_float -Wl,--start-group -lc -lm -Wl,--end-group
Finished building target: encoder.elf
 
arm-none-eabi-objdump -h -S  encoder.elf  > "encoder.list"
arm-none-eabi-objcopy  -O binary  encoder.elf  "encoder.bin"
arm-none-eabi-size   encoder.elf 
   text	   data	    bss	    dec	    hex	filename
  36348	    500	   2196	  39044	   9884	encoder.elf
Finished building: default.size.stdout
 
Finished building: encoder.bin
 
Finished building: encoder.list
 
17:33:45 **** Incremental Build of configuration Debug for project encoder ****
make -j8 all 
arm-none-eabi-size   encoder.elf 
   text	   data	    bss	    dec	    hex	filename
  36348	    500	   2196	  39044	   9884	encoder.elf
Finished building: default.size.stdout
 
17:35:26 **** Incremental Build of configuration Debug for project encoder ****
make -j8 all 
arm-none-eabi-gcc "../Core/Src/main.c" -mcpu=cortex-m4 -std=gnu11 -g3 -DDEBUG -DUSE_HAL_DRIVER -DSTM32F446xx -c -I../Core/Inc -I../Drivers/STM32F4xx_HAL_Driver/Inc -I../Drivers/STM32F4xx_HAL_Driver/Inc/Legacy -I../Drivers/CMSIS/Device/ST/STM32F4xx/Include -I../Drivers/CMSIS/Include -O0 -ffunction-sections -fdata-sections -Wall -fstack-usage -MMD -MP -MF"Core/Src/main.d" -MT"Core/Src/main.o" --specs=nano.specs -mfpu=fpv4-sp-d16 -mfloat-abi=hard -mthumb -o "Core/Src/main.o"
arm-none-eabi-gcc -o "encoder.elf" @"objects.list"   -mcpu=cortex-m4 -T"C:\Users\LOQ\STM32CubeIDE\Inverted pendulum\encoder\STM32F446RETX_FLASH.ld" --specs=nosys.specs -Wl,-Map="encoder.map" -Wl,--gc-sections -static --specs=nano.specs -mfpu=fpv4-sp-d16 -mfloat-abi=hard -mthumb -u _printf_float -Wl,--start-group -lc -lm -Wl,--end-group
Finished building target: encoder.elf
 
arm-none-eabi-objdump -h -S  encoder.elf  > "encoder.list"
arm-none-eabi-objcopy  -O binary  encoder.elf  "encoder.bin"
arm-none-eabi-size   encoder.elf 
   text	   data	    bss	    dec	    hex	filename
  36348	    500	   2196	  39044	   9884	encoder.elf
Finished building: default.size.stdout
 
Finished building: encoder.bin
 
Finished building: encoder.list
 
17:37:01 **** Incremental Build of configuration Debug for project encoder ****
make -j8 all 
arm-none-eabi-gcc "../Core/Src/LQR.c" -mcpu=cortex-m4 -std=gnu11 -g3 -DDEBUG -DUSE_HAL_DRIVER -DSTM32F446xx -c -I../Core/Inc -I../Drivers/STM32F4xx_HAL_Driver/Inc -I../Drivers/STM32F4xx_HAL_Driver/Inc/Legacy -I../Drivers/CMSIS/Device/ST/STM32F4xx/Include -I../Drivers/CMSIS/Include -O0 -ffunction-sections -fdata-sections -Wall -fstack-usage -MMD -MP -MF"Core/Src/LQR.d" -MT"Core/Src/LQR.o" --specs=nano.specs -mfpu=fpv4-sp-d16 -mfloat-abi=hard -mthumb -o "Core/Src/LQR.o"
arm-none-eabi-gcc -o "encoder.elf" @"objects.list"   -mcpu=cortex-m4 -T"C:\Users\LOQ\STM32CubeIDE\Inverted pendulum\encoder\STM32F446RETX_FLASH.ld" --specs=nosys.specs -Wl,-Map="encoder.map" -Wl,--gc-sections -static --specs=nano.specs -mfpu=fpv4-sp-d16 -mfloat-abi=hard -mthumb -u _printf_float -Wl,--start-group -lc -lm -Wl,--end-group
Finished building target: encoder.elf
 
arm-none-eabi-objdump -h -S  encoder.elf  > "encoder.list"
arm-none-eabi-objcopy  -O binary  encoder.elf  "encoder.bin"
arm-none-eabi-size   encoder.elf 
   text	   data	    bss	    dec	    hex	filename
  36364	    500	   2196	  39060	   9894	encoder.elf
Finished building: default.size.stdout
 
Finished building: encoder.bin
 
Finished building: encoder.list
 
17:38:08 **** Incremental Build of configuration Debug for project encoder ****
make -j8 all 
arm-none-eabi-size   encoder.elf 
   text	   data	    bss	    dec	    hex	filename
  36364	    500	   2196	  39060	   9894	encoder.elf
Finished building: default.size.stdout
 
17:49:54 **** Incremental Build of configuration Debug for project encoder ****
make -j8 all 
arm-none-eabi-gcc "../Core/Src/main.c" -mcpu=cortex-m4 -std=gnu11 -g3 -DDEBUG -DUSE_HAL_DRIVER -DSTM32F446xx -c -I../Core/Inc -I../Drivers/STM32F4xx_HAL_Driver/Inc -I../Drivers/STM32F4xx_HAL_Driver/Inc/Legacy -I../Drivers/CMSIS/Device/ST/STM32F4xx/Include -I../Drivers/CMSIS/Include -O0 -ffunction-sections -fdata-sections -Wall -fstack-usage -MMD -MP -MF"Core/Src/main.d" -MT"Core/Src/main.o" --specs=nano.specs -mfpu=fpv4-sp-d16 -mfloat-abi=hard -mthumb -o "Core/Src/main.o"
arm-none-eabi-gcc -o "encoder.elf" @"objects.list"   -mcpu=cortex-m4 -T"C:\Users\LOQ\STM32CubeIDE\Inverted pendulum\encoder\STM32F446RETX_FLASH.ld" --specs=nosys.specs -Wl,-Map="encoder.map" -Wl,--gc-sections -static --specs=nano.specs -mfpu=fpv4-sp-d16 -mfloat-abi=hard -mthumb -u _printf_float -Wl,--start-group -lc -lm -Wl,--end-group
Finished building target: encoder.elf
 
arm-none-eabi-objdump -h -S  encoder.elf  > "encoder.list"
arm-none-eabi-objcopy  -O binary  encoder.elf  "encoder.bin"
arm-none-eabi-size   encoder.elf 
   text	   data	    bss	    dec	    hex	filename
  36388	    500	   2196	  39084	   98ac	encoder.elf
Finished building: default.size.stdout
 
Finished building: encoder.bin
 
Finished building: encoder.list
 
17:54:18 **** Incremental Build of configuration Debug for project encoder ****
make -j8 all 
arm-none-eabi-gcc "../Core/Src/LQR.c" -mcpu=cortex-m4 -std=gnu11 -g3 -DDEBUG -DUSE_HAL_DRIVER -DSTM32F446xx -c -I../Core/Inc -I../Drivers/STM32F4xx_HAL_Driver/Inc -I../Drivers/STM32F4xx_HAL_Driver/Inc/Legacy -I../Drivers/CMSIS/Device/ST/STM32F4xx/Include -I../Drivers/CMSIS/Include -O0 -ffunction-sections -fdata-sections -Wall -fstack-usage -MMD -MP -MF"Core/Src/LQR.d" -MT"Core/Src/LQR.o" --specs=nano.specs -mfpu=fpv4-sp-d16 -mfloat-abi=hard -mthumb -o "Core/Src/LQR.o"
arm-none-eabi-gcc -o "encoder.elf" @"objects.list"   -mcpu=cortex-m4 -T"C:\Users\LOQ\STM32CubeIDE\Inverted pendulum\encoder\STM32F446RETX_FLASH.ld" --specs=nosys.specs -Wl,-Map="encoder.map" -Wl,--gc-sections -static --specs=nano.specs -mfpu=fpv4-sp-d16 -mfloat-abi=hard -mthumb -u _printf_float -Wl,--start-group -lc -lm -Wl,--end-group
Finished building target: encoder.elf
 
arm-none-eabi-objdump -h -S  encoder.elf  > "encoder.list"
arm-none-eabi-objcopy  -O binary  encoder.elf  "encoder.bin"
arm-none-eabi-size   encoder.elf 
   text	   data	    bss	    dec	    hex	filename
  36428	    508	   2196	  39132	   98dc	encoder.elf
Finished building: default.size.stdout
 
Finished building: encoder.bin
 
Finished building: encoder.list
 
17:55:11 **** Incremental Build of configuration Debug for project encoder ****
make -j8 all 
arm-none-eabi-gcc "../Core/Src/main.c" -mcpu=cortex-m4 -std=gnu11 -g3 -DDEBUG -DUSE_HAL_DRIVER -DSTM32F446xx -c -I../Core/Inc -I../Drivers/STM32F4xx_HAL_Driver/Inc -I../Drivers/STM32F4xx_HAL_Driver/Inc/Legacy -I../Drivers/CMSIS/Device/ST/STM32F4xx/Include -I../Drivers/CMSIS/Include -O0 -ffunction-sections -fdata-sections -Wall -fstack-usage -MMD -MP -MF"Core/Src/main.d" -MT"Core/Src/main.o" --specs=nano.specs -mfpu=fpv4-sp-d16 -mfloat-abi=hard -mthumb -o "Core/Src/main.o"
arm-none-eabi-gcc -o "encoder.elf" @"objects.list"   -mcpu=cortex-m4 -T"C:\Users\LOQ\STM32CubeIDE\Inverted pendulum\encoder\STM32F446RETX_FLASH.ld" --specs=nosys.specs -Wl,-Map="encoder.map" -Wl,--gc-sections -static --specs=nano.specs -mfpu=fpv4-sp-d16 -mfloat-abi=hard -mthumb -u _printf_float -Wl,--start-group -lc -lm -Wl,--end-group
Finished building target: encoder.elf
 
arm-none-eabi-objdump -h -S  encoder.elf  > "encoder.list"
arm-none-eabi-objcopy  -O binary  encoder.elf  "encoder.bin"
arm-none-eabi-size   encoder.elf 
   text	   data	    bss	    dec	    hex	filename
  36460	    508	   2196	  39164	   98fc	encoder.elf
Finished building: default.size.stdout
 
Finished building: encoder.bin
 
Finished building: encoder.list
 
17:57:29 **** Incremental Build of configuration Debug for project encoder ****
make -j8 all 
arm-none-eabi-size   encoder.elf 
   text	   data	    bss	    dec	    hex	filename
  36460	    508	   2196	  39164	   98fc	encoder.elf
Finished building: default.size.stdout
 
18:01:07 **** Incremental Build of configuration Debug for project encoder ****
make -j8 all 
arm-none-eabi-gcc "../Core/Src/main.c" -mcpu=cortex-m4 -std=gnu11 -g3 -DDEBUG -DUSE_HAL_DRIVER -DSTM32F446xx -c -I../Core/Inc -I../Drivers/STM32F4xx_HAL_Driver/Inc -I../Drivers/STM32F4xx_HAL_Driver/Inc/Legacy -I../Drivers/CMSIS/Device/ST/STM32F4xx/Include -I../Drivers/CMSIS/Include -O0 -ffunction-sections -fdata-sections -Wall -fstack-usage -MMD -MP -MF"Core/Src/main.d" -MT"Core/Src/main.o" --specs=nano.specs -mfpu=fpv4-sp-d16 -mfloat-abi=hard -mthumb -o "Core/Src/main.o"
arm-none-eabi-gcc -o "encoder.elf" @"objects.list"   -mcpu=cortex-m4 -T"C:\Users\LOQ\STM32CubeIDE\Inverted pendulum\encoder\STM32F446RETX_FLASH.ld" --specs=nosys.specs -Wl,-Map="encoder.map" -Wl,--gc-sections -static --specs=nano.specs -mfpu=fpv4-sp-d16 -mfloat-abi=hard -mthumb -u _printf_float -Wl,--start-group -lc -lm -Wl,--end-group
Finished building target: encoder.elf
 
arm-none-eabi-objdump -h -S  encoder.elf  > "encoder.list"
arm-none-eabi-objcopy  -O binary  encoder.elf  "encoder.bin"
arm-none-eabi-size   encoder.elf 
   text	   data	    bss	    dec	    hex	filename
  36900	    508	   2196	  39604	   9ab4	encoder.elf
Finished building: default.size.stdout
 
Finished building: encoder.bin
 
Finished building: encoder.list
 
