10:32:54 **** Incremental Build of configuration Debug for project encoder ****
make -j8 all 
arm-none-eabi-gcc "../Core/Src/encoder.c" -mcpu=cortex-m4 -std=gnu11 -g3 -DDEBUG -DUSE_HAL_DRIVER -DSTM32F446xx -c -I../Core/Inc -I../Drivers/STM32F4xx_HAL_Driver/Inc -I../Drivers/STM32F4xx_HAL_Driver/Inc/Legacy -I../Drivers/CMSIS/Device/ST/STM32F4xx/Include -I../Drivers/CMSIS/Include -O0 -ffunction-sections -fdata-sections -Wall -fstack-usage -MMD -MP -MF"Core/Src/encoder.d" -MT"Core/Src/encoder.o" --specs=nano.specs -mfpu=fpv4-sp-d16 -mfloat-abi=hard -mthumb -o "Core/Src/encoder.o"
arm-none-eabi-gcc -o "encoder.elf" @"objects.list"   -mcpu=cortex-m4 -T"C:\Users\LOQ\STM32CubeIDE\Inverted pendulum\encoder\STM32F446RETX_FLASH.ld" --specs=nosys.specs -Wl,-Map="encoder.map" -Wl,--gc-sections -static --specs=nano.specs -mfpu=fpv4-sp-d16 -mfloat-abi=hard -mthumb -u _printf_float -Wl,--start-group -lc -lm -Wl,--end-group
Finished building target: encoder.elf
 
arm-none-eabi-objdump -h -S  encoder.elf  > "encoder.list"
arm-none-eabi-objcopy  -O binary  encoder.elf  "encoder.bin"
arm-none-eabi-size   encoder.elf 
   text	   data	    bss	    dec	    hex	filename
  33156	    484	   2228	  35868	   8c1c	encoder.elf
Finished building: encoder.list
Finished building: default.size.stdout
 
 
Finished building: encoder.bin
 
