14:06:48 **** Incremental Build of configuration Debug for project encoder ****
make -j8 all 
arm-none-eabi-gcc "../Core/Src/main.c" -mcpu=cortex-m4 -std=gnu11 -g3 -DDEBUG -DUSE_HAL_DRIVER -DSTM32F446xx -c -I../Core/Inc -I../Drivers/STM32F4xx_HAL_Driver/Inc -I../Drivers/STM32F4xx_HAL_Driver/Inc/Legacy -I../Drivers/CMSIS/Device/ST/STM32F4xx/Include -I../Drivers/CMSIS/Include -O0 -ffunction-sections -fdata-sections -Wall -fstack-usage -MMD -MP -MF"Core/Src/main.d" -MT"Core/Src/main.o" --specs=nano.specs -mfpu=fpv4-sp-d16 -mfloat-abi=hard -mthumb -o "Core/Src/main.o"
arm-none-eabi-gcc -o "encoder.elf" @"objects.list"   -mcpu=cortex-m4 -T"C:\Users\LOQ\STM32CubeIDE\Inverted pendulum\encoder\STM32F446RETX_FLASH.ld" --specs=nosys.specs -Wl,-Map="encoder.map" -Wl,--gc-sections -static --specs=nano.specs -mfpu=fpv4-sp-d16 -mfloat-abi=hard -mthumb -u _printf_float -Wl,--start-group -lc -lm -Wl,--end-group
Finished building target: encoder.elf
 
arm-none-eabi-objdump -h -S  encoder.elf  > "encoder.list"
arm-none-eabi-objcopy  -O binary  encoder.elf  "encoder.bin"
arm-none-eabi-size   encoder.elf 
   text	   data	    bss	    dec	    hex	filename
  34236	    484	   2132	  36852	   8ff4	encoder.elf
Finished building: default.size.stdout
 
Finished building: encoder.bin
 
Finished building: encoder.list
 
14:06:51 **** Incremental Build of configuration Debug for project encoder ****
make -j8 all 
arm-none-eabi-size   encoder.elf 
   text	   data	    bss	    dec	    hex	filename
  34236	    484	   2132	  36852	   8ff4	encoder.elf
Finished building: default.size.stdout
 
15:25:30 **** Incremental Build of configuration Debug for project encoder ****
make -j8 all 
arm-none-eabi-gcc "../Core/Src/librarytb6600github.c" -mcpu=cortex-m4 -std=gnu11 -g3 -DDEBUG -DUSE_HAL_DRIVER -DSTM32F446xx -c -I../Core/Inc -I../Drivers/STM32F4xx_HAL_Driver/Inc -I../Drivers/STM32F4xx_HAL_Driver/Inc/Legacy -I../Drivers/CMSIS/Device/ST/STM32F4xx/Include -I../Drivers/CMSIS/Include -O0 -ffunction-sections -fdata-sections -Wall -fstack-usage -MMD -MP -MF"Core/Src/librarytb6600github.d" -MT"Core/Src/librarytb6600github.o" --specs=nano.specs -mfpu=fpv4-sp-d16 -mfloat-abi=hard -mthumb -o "Core/Src/librarytb6600github.o"
arm-none-eabi-gcc -o "encoder.elf" @"objects.list"   -mcpu=cortex-m4 -T"C:\Users\LOQ\STM32CubeIDE\Inverted pendulum\encoder\STM32F446RETX_FLASH.ld" --specs=nosys.specs -Wl,-Map="encoder.map" -Wl,--gc-sections -static --specs=nano.specs -mfpu=fpv4-sp-d16 -mfloat-abi=hard -mthumb -u _printf_float -Wl,--start-group -lc -lm -Wl,--end-group
Finished building target: encoder.elf
 
arm-none-eabi-objdump -h -S  encoder.elf  > "encoder.list"
arm-none-eabi-objcopy  -O binary  encoder.elf  "encoder.bin"
arm-none-eabi-size   encoder.elf 
   text	   data	    bss	    dec	    hex	filename
  34236	    484	   2132	  36852	   8ff4	encoder.elf
Finished building: default.size.stdout
 
Finished building: encoder.bin
 
Finished building: encoder.list
 
15:25:53 **** Incremental Build of configuration Debug for project encoder ****
make -j8 all 
arm-none-eabi-size   encoder.elf 
   text	   data	    bss	    dec	    hex	filename
  34236	    484	   2132	  36852	   8ff4	encoder.elf
Finished building: default.size.stdout
 
15:26:16 **** Incremental Build of configuration Debug for project encoder ****
make -j8 all 
arm-none-eabi-size   encoder.elf 
   text	   data	    bss	    dec	    hex	filename
  34236	    484	   2132	  36852	   8ff4	encoder.elf
Finished building: default.size.stdout
 
15:26:25 **** Incremental Build of configuration Debug for project encoder ****
make -j8 all 
arm-none-eabi-size   encoder.elf 
   text	   data	    bss	    dec	    hex	filename
  34236	    484	   2132	  36852	   8ff4	encoder.elf
Finished building: default.size.stdout
 
15:26:39 **** Incremental Build of configuration Debug for project encoder ****
make -j8 all 
arm-none-eabi-size   encoder.elf 
   text	   data	    bss	    dec	    hex	filename
  34236	    484	   2132	  36852	   8ff4	encoder.elf
Finished building: default.size.stdout
 
15:27:34 **** Incremental Build of configuration Debug for project encoder ****
make -j8 all 
arm-none-eabi-size   encoder.elf 
   text	   data	    bss	    dec	    hex	filename
  34236	    484	   2132	  36852	   8ff4	encoder.elf
Finished building: default.size.stdout
 
15:28:36 **** Incremental Build of configuration Debug for project encoder ****
make -j8 all 
arm-none-eabi-size   encoder.elf 
   text	   data	    bss	    dec	    hex	filename
  34236	    484	   2132	  36852	   8ff4	encoder.elf
Finished building: default.size.stdout
 
15:31:41 **** Incremental Build of configuration Debug for project encoder ****
make -j8 all 
arm-none-eabi-gcc "../Core/Src/encoder.c" -mcpu=cortex-m4 -std=gnu11 -g3 -DDEBUG -DUSE_HAL_DRIVER -DSTM32F446xx -c -I../Core/Inc -I../Drivers/STM32F4xx_HAL_Driver/Inc -I../Drivers/STM32F4xx_HAL_Driver/Inc/Legacy -I../Drivers/CMSIS/Device/ST/STM32F4xx/Include -I../Drivers/CMSIS/Include -O0 -ffunction-sections -fdata-sections -Wall -fstack-usage -MMD -MP -MF"Core/Src/encoder.d" -MT"Core/Src/encoder.o" --specs=nano.specs -mfpu=fpv4-sp-d16 -mfloat-abi=hard -mthumb -o "Core/Src/encoder.o"
arm-none-eabi-gcc "../Core/Src/librarytb6600github.c" -mcpu=cortex-m4 -std=gnu11 -g3 -DDEBUG -DUSE_HAL_DRIVER -DSTM32F446xx -c -I../Core/Inc -I../Drivers/STM32F4xx_HAL_Driver/Inc -I../Drivers/STM32F4xx_HAL_Driver/Inc/Legacy -I../Drivers/CMSIS/Device/ST/STM32F4xx/Include -I../Drivers/CMSIS/Include -O0 -ffunction-sections -fdata-sections -Wall -fstack-usage -MMD -MP -MF"Core/Src/librarytb6600github.d" -MT"Core/Src/librarytb6600github.o" --specs=nano.specs -mfpu=fpv4-sp-d16 -mfloat-abi=hard -mthumb -o "Core/Src/librarytb6600github.o"
arm-none-eabi-gcc "../Core/Src/main.c" -mcpu=cortex-m4 -std=gnu11 -g3 -DDEBUG -DUSE_HAL_DRIVER -DSTM32F446xx -c -I../Core/Inc -I../Drivers/STM32F4xx_HAL_Driver/Inc -I../Drivers/STM32F4xx_HAL_Driver/Inc/Legacy -I../Drivers/CMSIS/Device/ST/STM32F4xx/Include -I../Drivers/CMSIS/Include -O0 -ffunction-sections -fdata-sections -Wall -fstack-usage -MMD -MP -MF"Core/Src/main.d" -MT"Core/Src/main.o" --specs=nano.specs -mfpu=fpv4-sp-d16 -mfloat-abi=hard -mthumb -o "Core/Src/main.o"
arm-none-eabi-gcc "../Core/Src/stm32f4xx_hal_msp.c" -mcpu=cortex-m4 -std=gnu11 -g3 -DDEBUG -DUSE_HAL_DRIVER -DSTM32F446xx -c -I../Core/Inc -I../Drivers/STM32F4xx_HAL_Driver/Inc -I../Drivers/STM32F4xx_HAL_Driver/Inc/Legacy -I../Drivers/CMSIS/Device/ST/STM32F4xx/Include -I../Drivers/CMSIS/Include -O0 -ffunction-sections -fdata-sections -Wall -fstack-usage -MMD -MP -MF"Core/Src/stm32f4xx_hal_msp.d" -MT"Core/Src/stm32f4xx_hal_msp.o" --specs=nano.specs -mfpu=fpv4-sp-d16 -mfloat-abi=hard -mthumb -o "Core/Src/stm32f4xx_hal_msp.o"
arm-none-eabi-gcc "../Core/Src/stm32f4xx_it.c" -mcpu=cortex-m4 -std=gnu11 -g3 -DDEBUG -DUSE_HAL_DRIVER -DSTM32F446xx -c -I../Core/Inc -I../Drivers/STM32F4xx_HAL_Driver/Inc -I../Drivers/STM32F4xx_HAL_Driver/Inc/Legacy -I../Drivers/CMSIS/Device/ST/STM32F4xx/Include -I../Drivers/CMSIS/Include -O0 -ffunction-sections -fdata-sections -Wall -fstack-usage -MMD -MP -MF"Core/Src/stm32f4xx_it.d" -MT"Core/Src/stm32f4xx_it.o" --specs=nano.specs -mfpu=fpv4-sp-d16 -mfloat-abi=hard -mthumb -o "Core/Src/stm32f4xx_it.o"
arm-none-eabi-gcc "../Core/Src/syscalls.c" -mcpu=cortex-m4 -std=gnu11 -g3 -DDEBUG -DUSE_HAL_DRIVER -DSTM32F446xx -c -I../Core/Inc -I../Drivers/STM32F4xx_HAL_Driver/Inc -I../Drivers/STM32F4xx_HAL_Driver/Inc/Legacy -I../Drivers/CMSIS/Device/ST/STM32F4xx/Include -I../Drivers/CMSIS/Include -O0 -ffunction-sections -fdata-sections -Wall -fstack-usage -MMD -MP -MF"Core/Src/syscalls.d" -MT"Core/Src/syscalls.o" --specs=nano.specs -mfpu=fpv4-sp-d16 -mfloat-abi=hard -mthumb -o "Core/Src/syscalls.o"
arm-none-eabi-gcc "../Core/Src/sysmem.c" -mcpu=cortex-m4 -std=gnu11 -g3 -DDEBUG -DUSE_HAL_DRIVER -DSTM32F446xx -c -I../Core/Inc -I../Drivers/STM32F4xx_HAL_Driver/Inc -I../Drivers/STM32F4xx_HAL_Driver/Inc/Legacy -I../Drivers/CMSIS/Device/ST/STM32F4xx/Include -I../Drivers/CMSIS/Include -O0 -ffunction-sections -fdata-sections -Wall -fstack-usage -MMD -MP -MF"Core/Src/sysmem.d" -MT"Core/Src/sysmem.o" --specs=nano.specs -mfpu=fpv4-sp-d16 -mfloat-abi=hard -mthumb -o "Core/Src/sysmem.o"
arm-none-eabi-gcc "../Core/Src/system_stm32f4xx.c" -mcpu=cortex-m4 -std=gnu11 -g3 -DDEBUG -DUSE_HAL_DRIVER -DSTM32F446xx -c -I../Core/Inc -I../Drivers/STM32F4xx_HAL_Driver/Inc -I../Drivers/STM32F4xx_HAL_Driver/Inc/Legacy -I../Drivers/CMSIS/Device/ST/STM32F4xx/Include -I../Drivers/CMSIS/Include -O0 -ffunction-sections -fdata-sections -Wall -fstack-usage -MMD -MP -MF"Core/Src/system_stm32f4xx.d" -MT"Core/Src/system_stm32f4xx.o" --specs=nano.specs -mfpu=fpv4-sp-d16 -mfloat-abi=hard -mthumb -o "Core/Src/system_stm32f4xx.o"
arm-none-eabi-gcc "../Core/Src/VeltoFreq.c" -mcpu=cortex-m4 -std=gnu11 -g3 -DDEBUG -DUSE_HAL_DRIVER -DSTM32F446xx -c -I../Core/Inc -I../Drivers/STM32F4xx_HAL_Driver/Inc -I../Drivers/STM32F4xx_HAL_Driver/Inc/Legacy -I../Drivers/CMSIS/Device/ST/STM32F4xx/Include -I../Drivers/CMSIS/Include -O0 -ffunction-sections -fdata-sections -Wall -fstack-usage -MMD -MP -MF"Core/Src/VeltoFreq.d" -MT"Core/Src/VeltoFreq.o" --specs=nano.specs -mfpu=fpv4-sp-d16 -mfloat-abi=hard -mthumb -o "Core/Src/VeltoFreq.o"
arm-none-eabi-gcc -o "encoder.elf" @"objects.list"   -mcpu=cortex-m4 -T"C:\Users\LOQ\STM32CubeIDE\Inverted pendulum\encoder\STM32F446RETX_FLASH.ld" --specs=nosys.specs -Wl,-Map="encoder.map" -Wl,--gc-sections -static --specs=nano.specs -mfpu=fpv4-sp-d16 -mfloat-abi=hard -mthumb -u _printf_float -Wl,--start-group -lc -lm -Wl,--end-group
Finished building target: encoder.elf
 
arm-none-eabi-objdump -h -S  encoder.elf  > "encoder.list"
arm-none-eabi-objcopy  -O binary  encoder.elf  "encoder.bin"
arm-none-eabi-size   encoder.elf 
   text	   data	    bss	    dec	    hex	filename
  34236	    484	   2132	  36852	   8ff4	encoder.elf
Finished building: default.size.stdout
 
Finished building: encoder.bin
 
Finished building: encoder.list
 
15:43:06 **** Incremental Build of configuration Debug for project encoder ****
make -j8 all 
arm-none-eabi-gcc "../Drivers/STM32F4xx_HAL_Driver/Src/stm32f4xx_hal.c" -mcpu=cortex-m4 -std=gnu11 -g3 -DDEBUG -DUSE_HAL_DRIVER -DSTM32F446xx -c -I../Core/Inc -I../Drivers/STM32F4xx_HAL_Driver/Inc -I../Drivers/STM32F4xx_HAL_Driver/Inc/Legacy -I../Drivers/CMSIS/Device/ST/STM32F4xx/Include -I../Drivers/CMSIS/Include -O0 -ffunction-sections -fdata-sections -Wall -fstack-usage -MMD -MP -MF"Drivers/STM32F4xx_HAL_Driver/Src/stm32f4xx_hal.d" -MT"Drivers/STM32F4xx_HAL_Driver/Src/stm32f4xx_hal.o" --specs=nano.specs -mfpu=fpv4-sp-d16 -mfloat-abi=hard -mthumb -o "Drivers/STM32F4xx_HAL_Driver/Src/stm32f4xx_hal.o"
arm-none-eabi-gcc "../Drivers/STM32F4xx_HAL_Driver/Src/stm32f4xx_hal_cortex.c" -mcpu=cortex-m4 -std=gnu11 -g3 -DDEBUG -DUSE_HAL_DRIVER -DSTM32F446xx -c -I../Core/Inc -I../Drivers/STM32F4xx_HAL_Driver/Inc -I../Drivers/STM32F4xx_HAL_Driver/Inc/Legacy -I../Drivers/CMSIS/Device/ST/STM32F4xx/Include -I../Drivers/CMSIS/Include -O0 -ffunction-sections -fdata-sections -Wall -fstack-usage -MMD -MP -MF"Drivers/STM32F4xx_HAL_Driver/Src/stm32f4xx_hal_cortex.d" -MT"Drivers/STM32F4xx_HAL_Driver/Src/stm32f4xx_hal_cortex.o" --specs=nano.specs -mfpu=fpv4-sp-d16 -mfloat-abi=hard -mthumb -o "Drivers/STM32F4xx_HAL_Driver/Src/stm32f4xx_hal_cortex.o"
arm-none-eabi-gcc "../Drivers/STM32F4xx_HAL_Driver/Src/stm32f4xx_hal_dma.c" -mcpu=cortex-m4 -std=gnu11 -g3 -DDEBUG -DUSE_HAL_DRIVER -DSTM32F446xx -c -I../Core/Inc -I../Drivers/STM32F4xx_HAL_Driver/Inc -I../Drivers/STM32F4xx_HAL_Driver/Inc/Legacy -I../Drivers/CMSIS/Device/ST/STM32F4xx/Include -I../Drivers/CMSIS/Include -O0 -ffunction-sections -fdata-sections -Wall -fstack-usage -MMD -MP -MF"Drivers/STM32F4xx_HAL_Driver/Src/stm32f4xx_hal_dma.d" -MT"Drivers/STM32F4xx_HAL_Driver/Src/stm32f4xx_hal_dma.o" --specs=nano.specs -mfpu=fpv4-sp-d16 -mfloat-abi=hard -mthumb -o "Drivers/STM32F4xx_HAL_Driver/Src/stm32f4xx_hal_dma.o"
arm-none-eabi-gcc "../Drivers/STM32F4xx_HAL_Driver/Src/stm32f4xx_hal_dma_ex.c" -mcpu=cortex-m4 -std=gnu11 -g3 -DDEBUG -DUSE_HAL_DRIVER -DSTM32F446xx -c -I../Core/Inc -I../Drivers/STM32F4xx_HAL_Driver/Inc -I../Drivers/STM32F4xx_HAL_Driver/Inc/Legacy -I../Drivers/CMSIS/Device/ST/STM32F4xx/Include -I../Drivers/CMSIS/Include -O0 -ffunction-sections -fdata-sections -Wall -fstack-usage -MMD -MP -MF"Drivers/STM32F4xx_HAL_Driver/Src/stm32f4xx_hal_dma_ex.d" -MT"Drivers/STM32F4xx_HAL_Driver/Src/stm32f4xx_hal_dma_ex.o" --specs=nano.specs -mfpu=fpv4-sp-d16 -mfloat-abi=hard -mthumb -o "Drivers/STM32F4xx_HAL_Driver/Src/stm32f4xx_hal_dma_ex.o"
arm-none-eabi-gcc "../Drivers/STM32F4xx_HAL_Driver/Src/stm32f4xx_hal_exti.c" -mcpu=cortex-m4 -std=gnu11 -g3 -DDEBUG -DUSE_HAL_DRIVER -DSTM32F446xx -c -I../Core/Inc -I../Drivers/STM32F4xx_HAL_Driver/Inc -I../Drivers/STM32F4xx_HAL_Driver/Inc/Legacy -I../Drivers/CMSIS/Device/ST/STM32F4xx/Include -I../Drivers/CMSIS/Include -O0 -ffunction-sections -fdata-sections -Wall -fstack-usage -MMD -MP -MF"Drivers/STM32F4xx_HAL_Driver/Src/stm32f4xx_hal_exti.d" -MT"Drivers/STM32F4xx_HAL_Driver/Src/stm32f4xx_hal_exti.o" --specs=nano.specs -mfpu=fpv4-sp-d16 -mfloat-abi=hard -mthumb -o "Drivers/STM32F4xx_HAL_Driver/Src/stm32f4xx_hal_exti.o"
arm-none-eabi-gcc "../Drivers/STM32F4xx_HAL_Driver/Src/stm32f4xx_hal_flash.c" -mcpu=cortex-m4 -std=gnu11 -g3 -DDEBUG -DUSE_HAL_DRIVER -DSTM32F446xx -c -I../Core/Inc -I../Drivers/STM32F4xx_HAL_Driver/Inc -I../Drivers/STM32F4xx_HAL_Driver/Inc/Legacy -I../Drivers/CMSIS/Device/ST/STM32F4xx/Include -I../Drivers/CMSIS/Include -O0 -ffunction-sections -fdata-sections -Wall -fstack-usage -MMD -MP -MF"Drivers/STM32F4xx_HAL_Driver/Src/stm32f4xx_hal_flash.d" -MT"Drivers/STM32F4xx_HAL_Driver/Src/stm32f4xx_hal_flash.o" --specs=nano.specs -mfpu=fpv4-sp-d16 -mfloat-abi=hard -mthumb -o "Drivers/STM32F4xx_HAL_Driver/Src/stm32f4xx_hal_flash.o"
arm-none-eabi-gcc "../Drivers/STM32F4xx_HAL_Driver/Src/stm32f4xx_hal_flash_ex.c" -mcpu=cortex-m4 -std=gnu11 -g3 -DDEBUG -DUSE_HAL_DRIVER -DSTM32F446xx -c -I../Core/Inc -I../Drivers/STM32F4xx_HAL_Driver/Inc -I../Drivers/STM32F4xx_HAL_Driver/Inc/Legacy -I../Drivers/CMSIS/Device/ST/STM32F4xx/Include -I../Drivers/CMSIS/Include -O0 -ffunction-sections -fdata-sections -Wall -fstack-usage -MMD -MP -MF"Drivers/STM32F4xx_HAL_Driver/Src/stm32f4xx_hal_flash_ex.d" -MT"Drivers/STM32F4xx_HAL_Driver/Src/stm32f4xx_hal_flash_ex.o" --specs=nano.specs -mfpu=fpv4-sp-d16 -mfloat-abi=hard -mthumb -o "Drivers/STM32F4xx_HAL_Driver/Src/stm32f4xx_hal_flash_ex.o"
arm-none-eabi-gcc "../Drivers/STM32F4xx_HAL_Driver/Src/stm32f4xx_hal_flash_ramfunc.c" -mcpu=cortex-m4 -std=gnu11 -g3 -DDEBUG -DUSE_HAL_DRIVER -DSTM32F446xx -c -I../Core/Inc -I../Drivers/STM32F4xx_HAL_Driver/Inc -I../Drivers/STM32F4xx_HAL_Driver/Inc/Legacy -I../Drivers/CMSIS/Device/ST/STM32F4xx/Include -I../Drivers/CMSIS/Include -O0 -ffunction-sections -fdata-sections -Wall -fstack-usage -MMD -MP -MF"Drivers/STM32F4xx_HAL_Driver/Src/stm32f4xx_hal_flash_ramfunc.d" -MT"Drivers/STM32F4xx_HAL_Driver/Src/stm32f4xx_hal_flash_ramfunc.o" --specs=nano.specs -mfpu=fpv4-sp-d16 -mfloat-abi=hard -mthumb -o "Drivers/STM32F4xx_HAL_Driver/Src/stm32f4xx_hal_flash_ramfunc.o"
arm-none-eabi-gcc "../Drivers/STM32F4xx_HAL_Driver/Src/stm32f4xx_hal_gpio.c" -mcpu=cortex-m4 -std=gnu11 -g3 -DDEBUG -DUSE_HAL_DRIVER -DSTM32F446xx -c -I../Core/Inc -I../Drivers/STM32F4xx_HAL_Driver/Inc -I../Drivers/STM32F4xx_HAL_Driver/Inc/Legacy -I../Drivers/CMSIS/Device/ST/STM32F4xx/Include -I../Drivers/CMSIS/Include -O0 -ffunction-sections -fdata-sections -Wall -fstack-usage -MMD -MP -MF"Drivers/STM32F4xx_HAL_Driver/Src/stm32f4xx_hal_gpio.d" -MT"Drivers/STM32F4xx_HAL_Driver/Src/stm32f4xx_hal_gpio.o" --specs=nano.specs -mfpu=fpv4-sp-d16 -mfloat-abi=hard -mthumb -o "Drivers/STM32F4xx_HAL_Driver/Src/stm32f4xx_hal_gpio.o"
arm-none-eabi-gcc "../Drivers/STM32F4xx_HAL_Driver/Src/stm32f4xx_hal_pwr.c" -mcpu=cortex-m4 -std=gnu11 -g3 -DDEBUG -DUSE_HAL_DRIVER -DSTM32F446xx -c -I../Core/Inc -I../Drivers/STM32F4xx_HAL_Driver/Inc -I../Drivers/STM32F4xx_HAL_Driver/Inc/Legacy -I../Drivers/CMSIS/Device/ST/STM32F4xx/Include -I../Drivers/CMSIS/Include -O0 -ffunction-sections -fdata-sections -Wall -fstack-usage -MMD -MP -MF"Drivers/STM32F4xx_HAL_Driver/Src/stm32f4xx_hal_pwr.d" -MT"Drivers/STM32F4xx_HAL_Driver/Src/stm32f4xx_hal_pwr.o" --specs=nano.specs -mfpu=fpv4-sp-d16 -mfloat-abi=hard -mthumb -o "Drivers/STM32F4xx_HAL_Driver/Src/stm32f4xx_hal_pwr.o"
arm-none-eabi-gcc "../Drivers/STM32F4xx_HAL_Driver/Src/stm32f4xx_hal_pwr_ex.c" -mcpu=cortex-m4 -std=gnu11 -g3 -DDEBUG -DUSE_HAL_DRIVER -DSTM32F446xx -c -I../Core/Inc -I../Drivers/STM32F4xx_HAL_Driver/Inc -I../Drivers/STM32F4xx_HAL_Driver/Inc/Legacy -I../Drivers/CMSIS/Device/ST/STM32F4xx/Include -I../Drivers/CMSIS/Include -O0 -ffunction-sections -fdata-sections -Wall -fstack-usage -MMD -MP -MF"Drivers/STM32F4xx_HAL_Driver/Src/stm32f4xx_hal_pwr_ex.d" -MT"Drivers/STM32F4xx_HAL_Driver/Src/stm32f4xx_hal_pwr_ex.o" --specs=nano.specs -mfpu=fpv4-sp-d16 -mfloat-abi=hard -mthumb -o "Drivers/STM32F4xx_HAL_Driver/Src/stm32f4xx_hal_pwr_ex.o"
arm-none-eabi-gcc "../Drivers/STM32F4xx_HAL_Driver/Src/stm32f4xx_hal_rcc.c" -mcpu=cortex-m4 -std=gnu11 -g3 -DDEBUG -DUSE_HAL_DRIVER -DSTM32F446xx -c -I../Core/Inc -I../Drivers/STM32F4xx_HAL_Driver/Inc -I../Drivers/STM32F4xx_HAL_Driver/Inc/Legacy -I../Drivers/CMSIS/Device/ST/STM32F4xx/Include -I../Drivers/CMSIS/Include -O0 -ffunction-sections -fdata-sections -Wall -fstack-usage -MMD -MP -MF"Drivers/STM32F4xx_HAL_Driver/Src/stm32f4xx_hal_rcc.d" -MT"Drivers/STM32F4xx_HAL_Driver/Src/stm32f4xx_hal_rcc.o" --specs=nano.specs -mfpu=fpv4-sp-d16 -mfloat-abi=hard -mthumb -o "Drivers/STM32F4xx_HAL_Driver/Src/stm32f4xx_hal_rcc.o"
arm-none-eabi-gcc "../Drivers/STM32F4xx_HAL_Driver/Src/stm32f4xx_hal_rcc_ex.c" -mcpu=cortex-m4 -std=gnu11 -g3 -DDEBUG -DUSE_HAL_DRIVER -DSTM32F446xx -c -I../Core/Inc -I../Drivers/STM32F4xx_HAL_Driver/Inc -I../Drivers/STM32F4xx_HAL_Driver/Inc/Legacy -I../Drivers/CMSIS/Device/ST/STM32F4xx/Include -I../Drivers/CMSIS/Include -O0 -ffunction-sections -fdata-sections -Wall -fstack-usage -MMD -MP -MF"Drivers/STM32F4xx_HAL_Driver/Src/stm32f4xx_hal_rcc_ex.d" -MT"Drivers/STM32F4xx_HAL_Driver/Src/stm32f4xx_hal_rcc_ex.o" --specs=nano.specs -mfpu=fpv4-sp-d16 -mfloat-abi=hard -mthumb -o "Drivers/STM32F4xx_HAL_Driver/Src/stm32f4xx_hal_rcc_ex.o"
arm-none-eabi-gcc "../Drivers/STM32F4xx_HAL_Driver/Src/stm32f4xx_hal_tim.c" -mcpu=cortex-m4 -std=gnu11 -g3 -DDEBUG -DUSE_HAL_DRIVER -DSTM32F446xx -c -I../Core/Inc -I../Drivers/STM32F4xx_HAL_Driver/Inc -I../Drivers/STM32F4xx_HAL_Driver/Inc/Legacy -I../Drivers/CMSIS/Device/ST/STM32F4xx/Include -I../Drivers/CMSIS/Include -O0 -ffunction-sections -fdata-sections -Wall -fstack-usage -MMD -MP -MF"Drivers/STM32F4xx_HAL_Driver/Src/stm32f4xx_hal_tim.d" -MT"Drivers/STM32F4xx_HAL_Driver/Src/stm32f4xx_hal_tim.o" --specs=nano.specs -mfpu=fpv4-sp-d16 -mfloat-abi=hard -mthumb -o "Drivers/STM32F4xx_HAL_Driver/Src/stm32f4xx_hal_tim.o"
arm-none-eabi-gcc "../Drivers/STM32F4xx_HAL_Driver/Src/stm32f4xx_hal_tim_ex.c" -mcpu=cortex-m4 -std=gnu11 -g3 -DDEBUG -DUSE_HAL_DRIVER -DSTM32F446xx -c -I../Core/Inc -I../Drivers/STM32F4xx_HAL_Driver/Inc -I../Drivers/STM32F4xx_HAL_Driver/Inc/Legacy -I../Drivers/CMSIS/Device/ST/STM32F4xx/Include -I../Drivers/CMSIS/Include -O0 -ffunction-sections -fdata-sections -Wall -fstack-usage -MMD -MP -MF"Drivers/STM32F4xx_HAL_Driver/Src/stm32f4xx_hal_tim_ex.d" -MT"Drivers/STM32F4xx_HAL_Driver/Src/stm32f4xx_hal_tim_ex.o" --specs=nano.specs -mfpu=fpv4-sp-d16 -mfloat-abi=hard -mthumb -o "Drivers/STM32F4xx_HAL_Driver/Src/stm32f4xx_hal_tim_ex.o"
arm-none-eabi-gcc "../Drivers/STM32F4xx_HAL_Driver/Src/stm32f4xx_hal_uart.c" -mcpu=cortex-m4 -std=gnu11 -g3 -DDEBUG -DUSE_HAL_DRIVER -DSTM32F446xx -c -I../Core/Inc -I../Drivers/STM32F4xx_HAL_Driver/Inc -I../Drivers/STM32F4xx_HAL_Driver/Inc/Legacy -I../Drivers/CMSIS/Device/ST/STM32F4xx/Include -I../Drivers/CMSIS/Include -O0 -ffunction-sections -fdata-sections -Wall -fstack-usage -MMD -MP -MF"Drivers/STM32F4xx_HAL_Driver/Src/stm32f4xx_hal_uart.d" -MT"Drivers/STM32F4xx_HAL_Driver/Src/stm32f4xx_hal_uart.o" --specs=nano.specs -mfpu=fpv4-sp-d16 -mfloat-abi=hard -mthumb -o "Drivers/STM32F4xx_HAL_Driver/Src/stm32f4xx_hal_uart.o"
arm-none-eabi-gcc "../Core/Src/VeltoFreq.c" -mcpu=cortex-m4 -std=gnu11 -g3 -DDEBUG -DUSE_HAL_DRIVER -DSTM32F446xx -c -I../Core/Inc -I../Drivers/STM32F4xx_HAL_Driver/Inc -I../Drivers/STM32F4xx_HAL_Driver/Inc/Legacy -I../Drivers/CMSIS/Device/ST/STM32F4xx/Include -I../Drivers/CMSIS/Include -O0 -ffunction-sections -fdata-sections -Wall -fstack-usage -MMD -MP -MF"Core/Src/VeltoFreq.d" -MT"Core/Src/VeltoFreq.o" --specs=nano.specs -mfpu=fpv4-sp-d16 -mfloat-abi=hard -mthumb -o "Core/Src/VeltoFreq.o"
arm-none-eabi-gcc "../Core/Src/encoder.c" -mcpu=cortex-m4 -std=gnu11 -g3 -DDEBUG -DUSE_HAL_DRIVER -DSTM32F446xx -c -I../Core/Inc -I../Drivers/STM32F4xx_HAL_Driver/Inc -I../Drivers/STM32F4xx_HAL_Driver/Inc/Legacy -I../Drivers/CMSIS/Device/ST/STM32F4xx/Include -I../Drivers/CMSIS/Include -O0 -ffunction-sections -fdata-sections -Wall -fstack-usage -MMD -MP -MF"Core/Src/encoder.d" -MT"Core/Src/encoder.o" --specs=nano.specs -mfpu=fpv4-sp-d16 -mfloat-abi=hard -mthumb -o "Core/Src/encoder.o"
arm-none-eabi-gcc "../Core/Src/librarytb6600github.c" -mcpu=cortex-m4 -std=gnu11 -g3 -DDEBUG -DUSE_HAL_DRIVER -DSTM32F446xx -c -I../Core/Inc -I../Drivers/STM32F4xx_HAL_Driver/Inc -I../Drivers/STM32F4xx_HAL_Driver/Inc/Legacy -I../Drivers/CMSIS/Device/ST/STM32F4xx/Include -I../Drivers/CMSIS/Include -O0 -ffunction-sections -fdata-sections -Wall -fstack-usage -MMD -MP -MF"Core/Src/librarytb6600github.d" -MT"Core/Src/librarytb6600github.o" --specs=nano.specs -mfpu=fpv4-sp-d16 -mfloat-abi=hard -mthumb -o "Core/Src/librarytb6600github.o"
arm-none-eabi-gcc "../Core/Src/main.c" -mcpu=cortex-m4 -std=gnu11 -g3 -DDEBUG -DUSE_HAL_DRIVER -DSTM32F446xx -c -I../Core/Inc -I../Drivers/STM32F4xx_HAL_Driver/Inc -I../Drivers/STM32F4xx_HAL_Driver/Inc/Legacy -I../Drivers/CMSIS/Device/ST/STM32F4xx/Include -I../Drivers/CMSIS/Include -O0 -ffunction-sections -fdata-sections -Wall -fstack-usage -MMD -MP -MF"Core/Src/main.d" -MT"Core/Src/main.o" --specs=nano.specs -mfpu=fpv4-sp-d16 -mfloat-abi=hard -mthumb -o "Core/Src/main.o"
arm-none-eabi-gcc "../Core/Src/stm32f4xx_hal_msp.c" -mcpu=cortex-m4 -std=gnu11 -g3 -DDEBUG -DUSE_HAL_DRIVER -DSTM32F446xx -c -I../Core/Inc -I../Drivers/STM32F4xx_HAL_Driver/Inc -I../Drivers/STM32F4xx_HAL_Driver/Inc/Legacy -I../Drivers/CMSIS/Device/ST/STM32F4xx/Include -I../Drivers/CMSIS/Include -O0 -ffunction-sections -fdata-sections -Wall -fstack-usage -MMD -MP -MF"Core/Src/stm32f4xx_hal_msp.d" -MT"Core/Src/stm32f4xx_hal_msp.o" --specs=nano.specs -mfpu=fpv4-sp-d16 -mfloat-abi=hard -mthumb -o "Core/Src/stm32f4xx_hal_msp.o"
../Core/Src/VeltoFreq.c:11:1: error: expected identifier or '(' before 'if'
   11 | if (vtarget >= 0.0f){
      | ^~
make: *** [Core/Src/subdir.mk:43: Core/Src/VeltoFreq.o] Error 1
make: *** Waiting for unfinished jobs....
"make -j8 all" terminated with exit code 2. Build might be incomplete.
15:43:31 **** Incremental Build of configuration Debug for project encoder ****
make -j8 all 
arm-none-eabi-gcc "../Core/Src/VeltoFreq.c" -mcpu=cortex-m4 -std=gnu11 -g3 -DDEBUG -DUSE_HAL_DRIVER -DSTM32F446xx -c -I../Core/Inc -I../Drivers/STM32F4xx_HAL_Driver/Inc -I../Drivers/STM32F4xx_HAL_Driver/Inc/Legacy -I../Drivers/CMSIS/Device/ST/STM32F4xx/Include -I../Drivers/CMSIS/Include -O0 -ffunction-sections -fdata-sections -Wall -fstack-usage -MMD -MP -MF"Core/Src/VeltoFreq.d" -MT"Core/Src/VeltoFreq.o" --specs=nano.specs -mfpu=fpv4-sp-d16 -mfloat-abi=hard -mthumb -o "Core/Src/VeltoFreq.o"
arm-none-eabi-gcc "../Core/Src/stm32f4xx_it.c" -mcpu=cortex-m4 -std=gnu11 -g3 -DDEBUG -DUSE_HAL_DRIVER -DSTM32F446xx -c -I../Core/Inc -I../Drivers/STM32F4xx_HAL_Driver/Inc -I../Drivers/STM32F4xx_HAL_Driver/Inc/Legacy -I../Drivers/CMSIS/Device/ST/STM32F4xx/Include -I../Drivers/CMSIS/Include -O0 -ffunction-sections -fdata-sections -Wall -fstack-usage -MMD -MP -MF"Core/Src/stm32f4xx_it.d" -MT"Core/Src/stm32f4xx_it.o" --specs=nano.specs -mfpu=fpv4-sp-d16 -mfloat-abi=hard -mthumb -o "Core/Src/stm32f4xx_it.o"
arm-none-eabi-gcc "../Core/Src/system_stm32f4xx.c" -mcpu=cortex-m4 -std=gnu11 -g3 -DDEBUG -DUSE_HAL_DRIVER -DSTM32F446xx -c -I../Core/Inc -I../Drivers/STM32F4xx_HAL_Driver/Inc -I../Drivers/STM32F4xx_HAL_Driver/Inc/Legacy -I../Drivers/CMSIS/Device/ST/STM32F4xx/Include -I../Drivers/CMSIS/Include -O0 -ffunction-sections -fdata-sections -Wall -fstack-usage -MMD -MP -MF"Core/Src/system_stm32f4xx.d" -MT"Core/Src/system_stm32f4xx.o" --specs=nano.specs -mfpu=fpv4-sp-d16 -mfloat-abi=hard -mthumb -o "Core/Src/system_stm32f4xx.o"
../Core/Src/VeltoFreq.c:11:1: error: expected identifier or '(' before 'if'
   11 | if (vtarget >= 0.0f){
      | ^~
../Core/Src/VeltoFreq.c:14:1: error: expected identifier or '(' before 'else'
   14 | else {
      | ^~~~
make: *** [Core/Src/subdir.mk:43: Core/Src/VeltoFreq.o] Error 1
make: *** Waiting for unfinished jobs....
"make -j8 all" terminated with exit code 2. Build might be incomplete.
15:44:34 **** Incremental Build of configuration Debug for project encoder ****
make -j8 all 
arm-none-eabi-gcc "../Core/Src/VeltoFreq.c" -mcpu=cortex-m4 -std=gnu11 -g3 -DDEBUG -DUSE_HAL_DRIVER -DSTM32F446xx -c -I../Core/Inc -I../Drivers/STM32F4xx_HAL_Driver/Inc -I../Drivers/STM32F4xx_HAL_Driver/Inc/Legacy -I../Drivers/CMSIS/Device/ST/STM32F4xx/Include -I../Drivers/CMSIS/Include -O0 -ffunction-sections -fdata-sections -Wall -fstack-usage -MMD -MP -MF"Core/Src/VeltoFreq.d" -MT"Core/Src/VeltoFreq.o" --specs=nano.specs -mfpu=fpv4-sp-d16 -mfloat-abi=hard -mthumb -o "Core/Src/VeltoFreq.o"
../Core/Src/VeltoFreq.c: In function 'Func_VeltoFreq':
../Core/Src/VeltoFreq.c:15:25: error: 'STEPPER_DIR_CCW' undeclared (first use in this function)
   15 |         cmd.direction = STEPPER_DIR_CCW;
      |                         ^~~~~~~~~~~~~~~
../Core/Src/VeltoFreq.c:15:25: note: each undeclared identifier is reported only once for each function it appears in
../Core/Src/VeltoFreq.c:17:1: warning: control reaches end of non-void function [-Wreturn-type]
   17 | }
      | ^
make: *** [Core/Src/subdir.mk:43: Core/Src/VeltoFreq.o] Error 1
"make -j8 all" terminated with exit code 2. Build might be incomplete.
15:44:41 **** Incremental Build of configuration Debug for project encoder ****
make -j8 all 
arm-none-eabi-gcc "../Core/Src/VeltoFreq.c" -mcpu=cortex-m4 -std=gnu11 -g3 -DDEBUG -DUSE_HAL_DRIVER -DSTM32F446xx -c -I../Core/Inc -I../Drivers/STM32F4xx_HAL_Driver/Inc -I../Drivers/STM32F4xx_HAL_Driver/Inc/Legacy -I../Drivers/CMSIS/Device/ST/STM32F4xx/Include -I../Drivers/CMSIS/Include -O0 -ffunction-sections -fdata-sections -Wall -fstack-usage -MMD -MP -MF"Core/Src/VeltoFreq.d" -MT"Core/Src/VeltoFreq.o" --specs=nano.specs -mfpu=fpv4-sp-d16 -mfloat-abi=hard -mthumb -o "Core/Src/VeltoFreq.o"
../Core/Src/VeltoFreq.c: In function 'Func_VeltoFreq':
../Core/Src/VeltoFreq.c:16:25: error: 'STEPPER_DIR_CCW' undeclared (first use in this function)
   16 |         cmd.direction = STEPPER_DIR_CCW;
      |                         ^~~~~~~~~~~~~~~
../Core/Src/VeltoFreq.c:16:25: note: each undeclared identifier is reported only once for each function it appears in
../Core/Src/VeltoFreq.c:18:1: warning: control reaches end of non-void function [-Wreturn-type]
   18 | }
      | ^
make: *** [Core/Src/subdir.mk:43: Core/Src/VeltoFreq.o] Error 1
"make -j8 all" terminated with exit code 2. Build might be incomplete.
15:44:52 **** Incremental Build of configuration Debug for project encoder ****
make -j8 all 
arm-none-eabi-gcc "../Core/Src/VeltoFreq.c" -mcpu=cortex-m4 -std=gnu11 -g3 -DDEBUG -DUSE_HAL_DRIVER -DSTM32F446xx -c -I../Core/Inc -I../Drivers/STM32F4xx_HAL_Driver/Inc -I../Drivers/STM32F4xx_HAL_Driver/Inc/Legacy -I../Drivers/CMSIS/Device/ST/STM32F4xx/Include -I../Drivers/CMSIS/Include -O0 -ffunction-sections -fdata-sections -Wall -fstack-usage -MMD -MP -MF"Core/Src/VeltoFreq.d" -MT"Core/Src/VeltoFreq.o" --specs=nano.specs -mfpu=fpv4-sp-d16 -mfloat-abi=hard -mthumb -o "Core/Src/VeltoFreq.o"
../Core/Src/VeltoFreq.c: In function 'Func_VeltoFreq':
../Core/Src/VeltoFreq.c:16:25: error: 'STEPPER_DIR_CCW' undeclared (first use in this function)
   16 |         cmd.direction = STEPPER_DIR_CCW;
      |                         ^~~~~~~~~~~~~~~
../Core/Src/VeltoFreq.c:16:25: note: each undeclared identifier is reported only once for each function it appears in
../Core/Src/VeltoFreq.c:11:20: warning: variable 'cmd' set but not used [-Wunused-but-set-variable]
   11 |  stepper_command_t cmd;
      |                    ^~~
../Core/Src/VeltoFreq.c:18:1: warning: control reaches end of non-void function [-Wreturn-type]
   18 | }
      | ^
make: *** [Core/Src/subdir.mk:43: Core/Src/VeltoFreq.o] Error 1
"make -j8 all" terminated with exit code 2. Build might be incomplete.
15:44:57 **** Incremental Build of configuration Debug for project encoder ****
make -j8 all 
arm-none-eabi-gcc "../Core/Src/VeltoFreq.c" -mcpu=cortex-m4 -std=gnu11 -g3 -DDEBUG -DUSE_HAL_DRIVER -DSTM32F446xx -c -I../Core/Inc -I../Drivers/STM32F4xx_HAL_Driver/Inc -I../Drivers/STM32F4xx_HAL_Driver/Inc/Legacy -I../Drivers/CMSIS/Device/ST/STM32F4xx/Include -I../Drivers/CMSIS/Include -O0 -ffunction-sections -fdata-sections -Wall -fstack-usage -MMD -MP -MF"Core/Src/VeltoFreq.d" -MT"Core/Src/VeltoFreq.o" --specs=nano.specs -mfpu=fpv4-sp-d16 -mfloat-abi=hard -mthumb -o "Core/Src/VeltoFreq.o"
../Core/Src/VeltoFreq.c: In function 'Func_VeltoFreq':
../Core/Src/VeltoFreq.c:15:25: error: 'STEPPER_DIR_CCW' undeclared (first use in this function)
   15 |         cmd.direction = STEPPER_DIR_CCW;
      |                         ^~~~~~~~~~~~~~~
../Core/Src/VeltoFreq.c:15:25: note: each undeclared identifier is reported only once for each function it appears in
../Core/Src/VeltoFreq.c:10:20: warning: variable 'cmd' set but not used [-Wunused-but-set-variable]
   10 |  stepper_command_t cmd;
      |                    ^~~
../Core/Src/VeltoFreq.c:17:1: warning: control reaches end of non-void function [-Wreturn-type]
   17 | }
      | ^
make: *** [Core/Src/subdir.mk:43: Core/Src/VeltoFreq.o] Error 1
"make -j8 all" terminated with exit code 2. Build might be incomplete.
15:45:48 **** Incremental Build of configuration Debug for project encoder ****
make -j8 all 
arm-none-eabi-gcc "../Core/Src/VeltoFreq.c" -mcpu=cortex-m4 -std=gnu11 -g3 -DDEBUG -DUSE_HAL_DRIVER -DSTM32F446xx -c -I../Core/Inc -I../Drivers/STM32F4xx_HAL_Driver/Inc -I../Drivers/STM32F4xx_HAL_Driver/Inc/Legacy -I../Drivers/CMSIS/Device/ST/STM32F4xx/Include -I../Drivers/CMSIS/Include -O0 -ffunction-sections -fdata-sections -Wall -fstack-usage -MMD -MP -MF"Core/Src/VeltoFreq.d" -MT"Core/Src/VeltoFreq.o" --specs=nano.specs -mfpu=fpv4-sp-d16 -mfloat-abi=hard -mthumb -o "Core/Src/VeltoFreq.o"
../Core/Src/VeltoFreq.c: In function 'Func_VeltoFreq':
../Core/Src/VeltoFreq.c:15:25: error: 'STEPPER_DIR_CCW' undeclared (first use in this function)
   15 |         cmd.direction = STEPPER_DIR_CCW;
      |                         ^~~~~~~~~~~~~~~
../Core/Src/VeltoFreq.c:15:25: note: each undeclared identifier is reported only once for each function it appears in
../Core/Src/VeltoFreq.c:10:20: warning: variable 'cmd' set but not used [-Wunused-but-set-variable]
   10 |  stepper_command_t cmd;
      |                    ^~~
../Core/Src/VeltoFreq.c:17:1: warning: control reaches end of non-void function [-Wreturn-type]
   17 | }
      | ^
make: *** [Core/Src/subdir.mk:43: Core/Src/VeltoFreq.o] Error 1
"make -j8 all" terminated with exit code 2. Build might be incomplete.
15:47:04 **** Incremental Build of configuration Debug for project encoder ****
make -j8 all 
arm-none-eabi-gcc "../Core/Src/VeltoFreq.c" -mcpu=cortex-m4 -std=gnu11 -g3 -DDEBUG -DUSE_HAL_DRIVER -DSTM32F446xx -c -I../Core/Inc -I../Drivers/STM32F4xx_HAL_Driver/Inc -I../Drivers/STM32F4xx_HAL_Driver/Inc/Legacy -I../Drivers/CMSIS/Device/ST/STM32F4xx/Include -I../Drivers/CMSIS/Include -O0 -ffunction-sections -fdata-sections -Wall -fstack-usage -MMD -MP -MF"Core/Src/VeltoFreq.d" -MT"Core/Src/VeltoFreq.o" --specs=nano.specs -mfpu=fpv4-sp-d16 -mfloat-abi=hard -mthumb -o "Core/Src/VeltoFreq.o"
../Core/Src/VeltoFreq.c: In function 'Func_VeltoFreq':
../Core/Src/VeltoFreq.c:15:25: error: 'STEPPER_DIR_CCW' undeclared (first use in this function)
   15 |         cmd.direction = STEPPER_DIR_CCW;
      |                         ^~~~~~~~~~~~~~~
../Core/Src/VeltoFreq.c:15:25: note: each undeclared identifier is reported only once for each function it appears in
../Core/Src/VeltoFreq.c:10:20: warning: variable 'cmd' set but not used [-Wunused-but-set-variable]
   10 |  stepper_command_t cmd;
      |                    ^~~
../Core/Src/VeltoFreq.c:17:1: warning: control reaches end of non-void function [-Wreturn-type]
   17 | }
      | ^
make: *** [Core/Src/subdir.mk:43: Core/Src/VeltoFreq.o] Error 1
"make -j8 all" terminated with exit code 2. Build might be incomplete.
15:47:20 **** Incremental Build of configuration Debug for project encoder ****
make -j8 all 
arm-none-eabi-gcc "../Core/Src/VeltoFreq.c" -mcpu=cortex-m4 -std=gnu11 -g3 -DDEBUG -DUSE_HAL_DRIVER -DSTM32F446xx -c -I../Core/Inc -I../Drivers/STM32F4xx_HAL_Driver/Inc -I../Drivers/STM32F4xx_HAL_Driver/Inc/Legacy -I../Drivers/CMSIS/Device/ST/STM32F4xx/Include -I../Drivers/CMSIS/Include -O0 -ffunction-sections -fdata-sections -Wall -fstack-usage -MMD -MP -MF"Core/Src/VeltoFreq.d" -MT"Core/Src/VeltoFreq.o" --specs=nano.specs -mfpu=fpv4-sp-d16 -mfloat-abi=hard -mthumb -o "Core/Src/VeltoFreq.o"
../Core/Src/VeltoFreq.c: In function 'Func_VeltoFreq':
../Core/Src/VeltoFreq.c:10:20: warning: variable 'cmd' set but not used [-Wunused-but-set-variable]
   10 |  stepper_command_t cmd;
      |                    ^~~
../Core/Src/VeltoFreq.c:17:1: warning: control reaches end of non-void function [-Wreturn-type]
   17 | }
      | ^
arm-none-eabi-gcc -o "encoder.elf" @"objects.list"   -mcpu=cortex-m4 -T"C:\Users\LOQ\STM32CubeIDE\Inverted pendulum\encoder\STM32F446RETX_FLASH.ld" --specs=nosys.specs -Wl,-Map="encoder.map" -Wl,--gc-sections -static --specs=nano.specs -mfpu=fpv4-sp-d16 -mfloat-abi=hard -mthumb -u _printf_float -Wl,--start-group -lc -lm -Wl,--end-group
Finished building target: encoder.elf
 
arm-none-eabi-objdump -h -S  encoder.elf  > "encoder.list"
arm-none-eabi-objcopy  -O binary  encoder.elf  "encoder.bin"
arm-none-eabi-size   encoder.elf 
   text	   data	    bss	    dec	    hex	filename
  34236	    484	   2132	  36852	   8ff4	encoder.elf
Finished building: default.size.stdout
 
Finished building: encoder.bin
 
Finished building: encoder.list
 
15:47:54 **** Incremental Build of configuration Debug for project encoder ****
make -j8 all 
arm-none-eabi-gcc "../Core/Src/VeltoFreq.c" -mcpu=cortex-m4 -std=gnu11 -g3 -DDEBUG -DUSE_HAL_DRIVER -DSTM32F446xx -c -I../Core/Inc -I../Drivers/STM32F4xx_HAL_Driver/Inc -I../Drivers/STM32F4xx_HAL_Driver/Inc/Legacy -I../Drivers/CMSIS/Device/ST/STM32F4xx/Include -I../Drivers/CMSIS/Include -O0 -ffunction-sections -fdata-sections -Wall -fstack-usage -MMD -MP -MF"Core/Src/VeltoFreq.d" -MT"Core/Src/VeltoFreq.o" --specs=nano.specs -mfpu=fpv4-sp-d16 -mfloat-abi=hard -mthumb -o "Core/Src/VeltoFreq.o"
arm-none-eabi-gcc -o "encoder.elf" @"objects.list"   -mcpu=cortex-m4 -T"C:\Users\LOQ\STM32CubeIDE\Inverted pendulum\encoder\STM32F446RETX_FLASH.ld" --specs=nosys.specs -Wl,-Map="encoder.map" -Wl,--gc-sections -static --specs=nano.specs -mfpu=fpv4-sp-d16 -mfloat-abi=hard -mthumb -u _printf_float -Wl,--start-group -lc -lm -Wl,--end-group
Finished building target: encoder.elf
 
arm-none-eabi-objdump -h -S  encoder.elf  > "encoder.list"
arm-none-eabi-objcopy  -O binary  encoder.elf  "encoder.bin"
arm-none-eabi-size   encoder.elf 
   text	   data	    bss	    dec	    hex	filename
  34236	    484	   2132	  36852	   8ff4	encoder.elf
Finished building: default.size.stdout
Finished building: encoder.bin
Finished building: encoder.list
 
 
 
15:52:30 **** Incremental Build of configuration Debug for project encoder ****
make -j8 all 
arm-none-eabi-gcc "../Core/Src/VeltoFreq.c" -mcpu=cortex-m4 -std=gnu11 -g3 -DDEBUG -DUSE_HAL_DRIVER -DSTM32F446xx -c -I../Core/Inc -I../Drivers/STM32F4xx_HAL_Driver/Inc -I../Drivers/STM32F4xx_HAL_Driver/Inc/Legacy -I../Drivers/CMSIS/Device/ST/STM32F4xx/Include -I../Drivers/CMSIS/Include -O0 -ffunction-sections -fdata-sections -Wall -fstack-usage -MMD -MP -MF"Core/Src/VeltoFreq.d" -MT"Core/Src/VeltoFreq.o" --specs=nano.specs -mfpu=fpv4-sp-d16 -mfloat-abi=hard -mthumb -o "Core/Src/VeltoFreq.o"
../Core/Src/VeltoFreq.c: In function 'Func_VeltoFreq':
../Core/Src/VeltoFreq.c:17:7: warning: unused variable 'v_mag' [-Wunused-variable]
   17 | float v_mag = fabsf(vtarget);
      |       ^~~~~
arm-none-eabi-gcc -o "encoder.elf" @"objects.list"   -mcpu=cortex-m4 -T"C:\Users\LOQ\STM32CubeIDE\Inverted pendulum\encoder\STM32F446RETX_FLASH.ld" --specs=nosys.specs -Wl,-Map="encoder.map" -Wl,--gc-sections -static --specs=nano.specs -mfpu=fpv4-sp-d16 -mfloat-abi=hard -mthumb -u _printf_float -Wl,--start-group -lc -lm -Wl,--end-group
Finished building target: encoder.elf
 
arm-none-eabi-objdump -h -S  encoder.elf  > "encoder.list"
arm-none-eabi-objcopy  -O binary  encoder.elf  "encoder.bin"
arm-none-eabi-size   encoder.elf 
   text	   data	    bss	    dec	    hex	filename
  34236	    484	   2132	  36852	   8ff4	encoder.elf
Finished building: default.size.stdout
 
Finished building: encoder.bin
 
Finished building: encoder.list
 
15:53:33 **** Incremental Build of configuration Debug for project encoder ****
make -j8 all 
arm-none-eabi-gcc "../Core/Src/VeltoFreq.c" -mcpu=cortex-m4 -std=gnu11 -g3 -DDEBUG -DUSE_HAL_DRIVER -DSTM32F446xx -c -I../Core/Inc -I../Drivers/STM32F4xx_HAL_Driver/Inc -I../Drivers/STM32F4xx_HAL_Driver/Inc/Legacy -I../Drivers/CMSIS/Device/ST/STM32F4xx/Include -I../Drivers/CMSIS/Include -O0 -ffunction-sections -fdata-sections -Wall -fstack-usage -MMD -MP -MF"Core/Src/VeltoFreq.d" -MT"Core/Src/VeltoFreq.o" --specs=nano.specs -mfpu=fpv4-sp-d16 -mfloat-abi=hard -mthumb -o "Core/Src/VeltoFreq.o"
../Core/Src/VeltoFreq.c: In function 'Func_VeltoFreq':
../Core/Src/VeltoFreq.c:17:7: warning: unused variable 'v_mag' [-Wunused-variable]
   17 | float v_mag = fabsf(vtarget);
      |       ^~~~~
arm-none-eabi-gcc -o "encoder.elf" @"objects.list"   -mcpu=cortex-m4 -T"C:\Users\LOQ\STM32CubeIDE\Inverted pendulum\encoder\STM32F446RETX_FLASH.ld" --specs=nosys.specs -Wl,-Map="encoder.map" -Wl,--gc-sections -static --specs=nano.specs -mfpu=fpv4-sp-d16 -mfloat-abi=hard -mthumb -u _printf_float -Wl,--start-group -lc -lm -Wl,--end-group
Finished building target: encoder.elf
 
arm-none-eabi-objdump -h -S  encoder.elf  > "encoder.list"
arm-none-eabi-objcopy  -O binary  encoder.elf  "encoder.bin"
arm-none-eabi-size   encoder.elf 
   text	   data	    bss	    dec	    hex	filename
  34236	    484	   2132	  36852	   8ff4	encoder.elf
Finished building: default.size.stdout
 
Finished building: encoder.bin
 
Finished building: encoder.list
 
15:54:21 **** Incremental Build of configuration Debug for project encoder ****
make -j8 all 
arm-none-eabi-gcc "../Core/Src/VeltoFreq.c" -mcpu=cortex-m4 -std=gnu11 -g3 -DDEBUG -DUSE_HAL_DRIVER -DSTM32F446xx -c -I../Core/Inc -I../Drivers/STM32F4xx_HAL_Driver/Inc -I../Drivers/STM32F4xx_HAL_Driver/Inc/Legacy -I../Drivers/CMSIS/Device/ST/STM32F4xx/Include -I../Drivers/CMSIS/Include -O0 -ffunction-sections -fdata-sections -Wall -fstack-usage -MMD -MP -MF"Core/Src/VeltoFreq.d" -MT"Core/Src/VeltoFreq.o" --specs=nano.specs -mfpu=fpv4-sp-d16 -mfloat-abi=hard -mthumb -o "Core/Src/VeltoFreq.o"
../Core/Src/VeltoFreq.c: In function 'Func_VeltoFreq':
../Core/Src/VeltoFreq.c:18:34: error: 'K_RATIO' undeclared (first use in this function)
   18 | cmd.freq_hz = (uint32_t)(v_mag * K_RATIO);
      |                                  ^~~~~~~
../Core/Src/VeltoFreq.c:18:34: note: each undeclared identifier is reported only once for each function it appears in
make: *** [Core/Src/subdir.mk:43: Core/Src/VeltoFreq.o] Error 1
"make -j8 all" terminated with exit code 2. Build might be incomplete.
15:54:36 **** Incremental Build of configuration Debug for project encoder ****
make -j8 all 
arm-none-eabi-gcc "../Core/Src/VeltoFreq.c" -mcpu=cortex-m4 -std=gnu11 -g3 -DDEBUG -DUSE_HAL_DRIVER -DSTM32F446xx -c -I../Core/Inc -I../Drivers/STM32F4xx_HAL_Driver/Inc -I../Drivers/STM32F4xx_HAL_Driver/Inc/Legacy -I../Drivers/CMSIS/Device/ST/STM32F4xx/Include -I../Drivers/CMSIS/Include -O0 -ffunction-sections -fdata-sections -Wall -fstack-usage -MMD -MP -MF"Core/Src/VeltoFreq.d" -MT"Core/Src/VeltoFreq.o" --specs=nano.specs -mfpu=fpv4-sp-d16 -mfloat-abi=hard -mthumb -o "Core/Src/VeltoFreq.o"
../Core/Src/VeltoFreq.c: In function 'Func_VeltoFreq':
../Core/Src/VeltoFreq.c:18:34: error: 'K_RATIO' undeclared (first use in this function)
   18 | cmd.freq_hz = (uint32_t)(v_mag * K_RATIO);
      |                                  ^~~~~~~
../Core/Src/VeltoFreq.c:18:34: note: each undeclared identifier is reported only once for each function it appears in
make: *** [Core/Src/subdir.mk:43: Core/Src/VeltoFreq.o] Error 1
"make -j8 all" terminated with exit code 2. Build might be incomplete.
15:54:42 **** Incremental Build of configuration Debug for project encoder ****
make -j8 all 
arm-none-eabi-gcc "../Core/Src/VeltoFreq.c" -mcpu=cortex-m4 -std=gnu11 -g3 -DDEBUG -DUSE_HAL_DRIVER -DSTM32F446xx -c -I../Core/Inc -I../Drivers/STM32F4xx_HAL_Driver/Inc -I../Drivers/STM32F4xx_HAL_Driver/Inc/Legacy -I../Drivers/CMSIS/Device/ST/STM32F4xx/Include -I../Drivers/CMSIS/Include -O0 -ffunction-sections -fdata-sections -Wall -fstack-usage -MMD -MP -MF"Core/Src/VeltoFreq.d" -MT"Core/Src/VeltoFreq.o" --specs=nano.specs -mfpu=fpv4-sp-d16 -mfloat-abi=hard -mthumb -o "Core/Src/VeltoFreq.o"
arm-none-eabi-gcc -o "encoder.elf" @"objects.list"   -mcpu=cortex-m4 -T"C:\Users\LOQ\STM32CubeIDE\Inverted pendulum\encoder\STM32F446RETX_FLASH.ld" --specs=nosys.specs -Wl,-Map="encoder.map" -Wl,--gc-sections -static --specs=nano.specs -mfpu=fpv4-sp-d16 -mfloat-abi=hard -mthumb -u _printf_float -Wl,--start-group -lc -lm -Wl,--end-group
Finished building target: encoder.elf
 
arm-none-eabi-objdump -h -S  encoder.elf  > "encoder.list"
arm-none-eabi-objcopy  -O binary  encoder.elf  "encoder.bin"
arm-none-eabi-size   encoder.elf 
   text	   data	    bss	    dec	    hex	filename
  34236	    484	   2132	  36852	   8ff4	encoder.elf
Finished building: default.size.stdout
 
Finished building: encoder.bin
 
Finished building: encoder.list
 
15:55:26 **** Incremental Build of configuration Debug for project encoder ****
make -j8 all 
arm-none-eabi-size   encoder.elf 
   text	   data	    bss	    dec	    hex	filename
  34236	    484	   2132	  36852	   8ff4	encoder.elf
Finished building: default.size.stdout
 
15:55:44 **** Incremental Build of configuration Debug for project encoder ****
make -j8 all 
arm-none-eabi-gcc "../Core/Src/VeltoFreq.c" -mcpu=cortex-m4 -std=gnu11 -g3 -DDEBUG -DUSE_HAL_DRIVER -DSTM32F446xx -c -I../Core/Inc -I../Drivers/STM32F4xx_HAL_Driver/Inc -I../Drivers/STM32F4xx_HAL_Driver/Inc/Legacy -I../Drivers/CMSIS/Device/ST/STM32F4xx/Include -I../Drivers/CMSIS/Include -O0 -ffunction-sections -fdata-sections -Wall -fstack-usage -MMD -MP -MF"Core/Src/VeltoFreq.d" -MT"Core/Src/VeltoFreq.o" --specs=nano.specs -mfpu=fpv4-sp-d16 -mfloat-abi=hard -mthumb -o "Core/Src/VeltoFreq.o"
arm-none-eabi-gcc -o "encoder.elf" @"objects.list"   -mcpu=cortex-m4 -T"C:\Users\LOQ\STM32CubeIDE\Inverted pendulum\encoder\STM32F446RETX_FLASH.ld" --specs=nosys.specs -Wl,-Map="encoder.map" -Wl,--gc-sections -static --specs=nano.specs -mfpu=fpv4-sp-d16 -mfloat-abi=hard -mthumb -u _printf_float -Wl,--start-group -lc -lm -Wl,--end-group
Finished building target: encoder.elf
 
arm-none-eabi-objdump -h -S  encoder.elf  > "encoder.list"
arm-none-eabi-objcopy  -O binary  encoder.elf  "encoder.bin"
arm-none-eabi-size   encoder.elf 
   text	   data	    bss	    dec	    hex	filename
  34236	    484	   2132	  36852	   8ff4	encoder.elf
Finished building: default.size.stdout
 
Finished building: encoder.bin
 
Finished building: encoder.list
 
16:03:42 **** Incremental Build of configuration Debug for project encoder ****
make -j8 all 
arm-none-eabi-gcc "../Core/Src/VeltoFreq.c" -mcpu=cortex-m4 -std=gnu11 -g3 -DDEBUG -DUSE_HAL_DRIVER -DSTM32F446xx -c -I../Core/Inc -I../Drivers/STM32F4xx_HAL_Driver/Inc -I../Drivers/STM32F4xx_HAL_Driver/Inc/Legacy -I../Drivers/CMSIS/Device/ST/STM32F4xx/Include -I../Drivers/CMSIS/Include -O0 -ffunction-sections -fdata-sections -Wall -fstack-usage -MMD -MP -MF"Core/Src/VeltoFreq.d" -MT"Core/Src/VeltoFreq.o" --specs=nano.specs -mfpu=fpv4-sp-d16 -mfloat-abi=hard -mthumb -o "Core/Src/VeltoFreq.o"
arm-none-eabi-gcc -o "encoder.elf" @"objects.list"   -mcpu=cortex-m4 -T"C:\Users\LOQ\STM32CubeIDE\Inverted pendulum\encoder\STM32F446RETX_FLASH.ld" --specs=nosys.specs -Wl,-Map="encoder.map" -Wl,--gc-sections -static --specs=nano.specs -mfpu=fpv4-sp-d16 -mfloat-abi=hard -mthumb -u _printf_float -Wl,--start-group -lc -lm -Wl,--end-group
Finished building target: encoder.elf
 
arm-none-eabi-objdump -h -S  encoder.elf  > "encoder.list"
arm-none-eabi-objcopy  -O binary  encoder.elf  "encoder.bin"
arm-none-eabi-size   encoder.elf 
   text	   data	    bss	    dec	    hex	filename
  34236	    484	   2132	  36852	   8ff4	encoder.elf
Finished building: default.size.stdout
 
Finished building: encoder.bin
 
Finished building: encoder.list
 
16:05:22 **** Incremental Build of configuration Debug for project encoder ****
make -j8 all 
arm-none-eabi-size   encoder.elf 
   text	   data	    bss	    dec	    hex	filename
  34236	    484	   2132	  36852	   8ff4	encoder.elf
Finished building: default.size.stdout
 
16:09:07 **** Incremental Build of configuration Debug for project encoder ****
make -j8 all 
arm-none-eabi-gcc "../Core/Src/VeltoFreq.c" -mcpu=cortex-m4 -std=gnu11 -g3 -DDEBUG -DUSE_HAL_DRIVER -DSTM32F446xx -c -I../Core/Inc -I../Drivers/STM32F4xx_HAL_Driver/Inc -I../Drivers/STM32F4xx_HAL_Driver/Inc/Legacy -I../Drivers/CMSIS/Device/ST/STM32F4xx/Include -I../Drivers/CMSIS/Include -O0 -ffunction-sections -fdata-sections -Wall -fstack-usage -MMD -MP -MF"Core/Src/VeltoFreq.d" -MT"Core/Src/VeltoFreq.o" --specs=nano.specs -mfpu=fpv4-sp-d16 -mfloat-abi=hard -mthumb -o "Core/Src/VeltoFreq.o"
../Core/Src/VeltoFreq.c:23:7: error: conflicting types for 'Func_FreqToVel'
   23 | float Func_FreqToVel(uint32_t current_freq_hz, Direction_t current_dir)
      |       ^~~~~~~~~~~~~~
In file included from ../Core/Src/VeltoFreq.c:8:
../Core/Inc/velotofreq.h:34:7: note: previous declaration of 'Func_FreqToVel' was here
   34 | float Func_FreqToVel(bool Stepper_Direction_t, Direction_t current_dir);
      |       ^~~~~~~~~~~~~~
make: *** [Core/Src/subdir.mk:43: Core/Src/VeltoFreq.o] Error 1
"make -j8 all" terminated with exit code 2. Build might be incomplete.
16:09:41 **** Incremental Build of configuration Debug for project encoder ****
make -j8 all 
arm-none-eabi-gcc "../Core/Src/VeltoFreq.c" -mcpu=cortex-m4 -std=gnu11 -g3 -DDEBUG -DUSE_HAL_DRIVER -DSTM32F446xx -c -I../Core/Inc -I../Drivers/STM32F4xx_HAL_Driver/Inc -I../Drivers/STM32F4xx_HAL_Driver/Inc/Legacy -I../Drivers/CMSIS/Device/ST/STM32F4xx/Include -I../Drivers/CMSIS/Include -O0 -ffunction-sections -fdata-sections -Wall -fstack-usage -MMD -MP -MF"Core/Src/VeltoFreq.d" -MT"Core/Src/VeltoFreq.o" --specs=nano.specs -mfpu=fpv4-sp-d16 -mfloat-abi=hard -mthumb -o "Core/Src/VeltoFreq.o"
In file included from ../Core/Src/VeltoFreq.c:8:
../Core/Inc/velotofreq.h:14:9: error: #include expects "FILENAME" or <FILENAME>
   14 | #include
      |         ^
../Core/Src/VeltoFreq.c:23:7: error: conflicting types for 'Func_FreqToVel'
   23 | float Func_FreqToVel(uint32_t current_freq_hz, Direction_t current_dir)
      |       ^~~~~~~~~~~~~~
In file included from ../Core/Src/VeltoFreq.c:8:
../Core/Inc/velotofreq.h:35:7: note: previous declaration of 'Func_FreqToVel' was here
   35 | float Func_FreqToVel(bool Stepper_Direction_t, Direction_t current_dir);
      |       ^~~~~~~~~~~~~~
make: *** [Core/Src/subdir.mk:43: Core/Src/VeltoFreq.o] Error 1
"make -j8 all" terminated with exit code 2. Build might be incomplete.
16:09:53 **** Incremental Build of configuration Debug for project encoder ****
make -j8 all 
arm-none-eabi-gcc "../Core/Src/VeltoFreq.c" -mcpu=cortex-m4 -std=gnu11 -g3 -DDEBUG -DUSE_HAL_DRIVER -DSTM32F446xx -c -I../Core/Inc -I../Drivers/STM32F4xx_HAL_Driver/Inc -I../Drivers/STM32F4xx_HAL_Driver/Inc/Legacy -I../Drivers/CMSIS/Device/ST/STM32F4xx/Include -I../Drivers/CMSIS/Include -O0 -ffunction-sections -fdata-sections -Wall -fstack-usage -MMD -MP -MF"Core/Src/VeltoFreq.d" -MT"Core/Src/VeltoFreq.o" --specs=nano.specs -mfpu=fpv4-sp-d16 -mfloat-abi=hard -mthumb -o "Core/Src/VeltoFreq.o"
../Core/Src/VeltoFreq.c:23:7: error: conflicting types for 'Func_FreqToVel'
   23 | float Func_FreqToVel(uint32_t current_freq_hz, Direction_t current_dir)
      |       ^~~~~~~~~~~~~~
In file included from ../Core/Src/VeltoFreq.c:8:
../Core/Inc/velotofreq.h:35:7: note: previous declaration of 'Func_FreqToVel' was here
   35 | float Func_FreqToVel(bool Stepper_Direction_t, Direction_t current_dir);
      |       ^~~~~~~~~~~~~~
make: *** [Core/Src/subdir.mk:43: Core/Src/VeltoFreq.o] Error 1
"make -j8 all" terminated with exit code 2. Build might be incomplete.
16:11:00 **** Incremental Build of configuration Debug for project encoder ****
make -j8 all 
arm-none-eabi-gcc "../Core/Src/VeltoFreq.c" -mcpu=cortex-m4 -std=gnu11 -g3 -DDEBUG -DUSE_HAL_DRIVER -DSTM32F446xx -c -I../Core/Inc -I../Drivers/STM32F4xx_HAL_Driver/Inc -I../Drivers/STM32F4xx_HAL_Driver/Inc/Legacy -I../Drivers/CMSIS/Device/ST/STM32F4xx/Include -I../Drivers/CMSIS/Include -O0 -ffunction-sections -fdata-sections -Wall -fstack-usage -MMD -MP -MF"Core/Src/VeltoFreq.d" -MT"Core/Src/VeltoFreq.o" --specs=nano.specs -mfpu=fpv4-sp-d16 -mfloat-abi=hard -mthumb -o "Core/Src/VeltoFreq.o"
../Core/Src/VeltoFreq.c: In function 'Func_FreqToVel':
../Core/Src/VeltoFreq.c:26:15: error: 'current_freq_hz' undeclared (first use in this function)
   26 |  float vmag = current_freq_hz * (1.0f / Kratio);
      |               ^~~~~~~~~~~~~~~
../Core/Src/VeltoFreq.c:26:15: note: each undeclared identifier is reported only once for each function it appears in
make: *** [Core/Src/subdir.mk:43: Core/Src/VeltoFreq.o] Error 1
"make -j8 all" terminated with exit code 2. Build might be incomplete.
16:11:03 **** Incremental Build of configuration Debug for project encoder ****
make -j8 all 
arm-none-eabi-gcc "../Core/Src/VeltoFreq.c" -mcpu=cortex-m4 -std=gnu11 -g3 -DDEBUG -DUSE_HAL_DRIVER -DSTM32F446xx -c -I../Core/Inc -I../Drivers/STM32F4xx_HAL_Driver/Inc -I../Drivers/STM32F4xx_HAL_Driver/Inc/Legacy -I../Drivers/CMSIS/Device/ST/STM32F4xx/Include -I../Drivers/CMSIS/Include -O0 -ffunction-sections -fdata-sections -Wall -fstack-usage -MMD -MP -MF"Core/Src/VeltoFreq.d" -MT"Core/Src/VeltoFreq.o" --specs=nano.specs -mfpu=fpv4-sp-d16 -mfloat-abi=hard -mthumb -o "Core/Src/VeltoFreq.o"
../Core/Src/VeltoFreq.c: In function 'Func_FreqToVel':
../Core/Src/VeltoFreq.c:26:15: error: 'current_freq_hz' undeclared (first use in this function)
   26 |  float vmag = current_freq_hz * (1.0f / Kratio);
      |               ^~~~~~~~~~~~~~~
../Core/Src/VeltoFreq.c:26:15: note: each undeclared identifier is reported only once for each function it appears in
make: *** [Core/Src/subdir.mk:43: Core/Src/VeltoFreq.o] Error 1
"make -j8 all" terminated with exit code 2. Build might be incomplete.
16:19:09 **** Incremental Build of configuration Debug for project encoder ****
make -j8 all 
arm-none-eabi-gcc "../Core/Src/VeltoFreq.c" -mcpu=cortex-m4 -std=gnu11 -g3 -DDEBUG -DUSE_HAL_DRIVER -DSTM32F446xx -c -I../Core/Inc -I../Drivers/STM32F4xx_HAL_Driver/Inc -I../Drivers/STM32F4xx_HAL_Driver/Inc/Legacy -I../Drivers/CMSIS/Device/ST/STM32F4xx/Include -I../Drivers/CMSIS/Include -O0 -ffunction-sections -fdata-sections -Wall -fstack-usage -MMD -MP -MF"Core/Src/VeltoFreq.d" -MT"Core/Src/VeltoFreq.o" --specs=nano.specs -mfpu=fpv4-sp-d16 -mfloat-abi=hard -mthumb -o "Core/Src/VeltoFreq.o"
../Core/Src/VeltoFreq.c: In function 'Func_FreqToVel':
../Core/Src/VeltoFreq.c:26:15: error: 'target_freq_hz' undeclared (first use in this function)
   26 |  float vmag = target_freq_hz * (1.0f / Kratio);
      |               ^~~~~~~~~~~~~~
../Core/Src/VeltoFreq.c:26:15: note: each undeclared identifier is reported only once for each function it appears in
make: *** [Core/Src/subdir.mk:43: Core/Src/VeltoFreq.o] Error 1
"make -j8 all" terminated with exit code 2. Build might be incomplete.
16:19:27 **** Incremental Build of configuration Debug for project encoder ****
make -j8 all 
arm-none-eabi-gcc "../Core/Src/VeltoFreq.c" -mcpu=cortex-m4 -std=gnu11 -g3 -DDEBUG -DUSE_HAL_DRIVER -DSTM32F446xx -c -I../Core/Inc -I../Drivers/STM32F4xx_HAL_Driver/Inc -I../Drivers/STM32F4xx_HAL_Driver/Inc/Legacy -I../Drivers/CMSIS/Device/ST/STM32F4xx/Include -I../Drivers/CMSIS/Include -O0 -ffunction-sections -fdata-sections -Wall -fstack-usage -MMD -MP -MF"Core/Src/VeltoFreq.d" -MT"Core/Src/VeltoFreq.o" --specs=nano.specs -mfpu=fpv4-sp-d16 -mfloat-abi=hard -mthumb -o "Core/Src/VeltoFreq.o"
../Core/Src/VeltoFreq.c: In function 'Func_FreqToVel':
../Core/Src/VeltoFreq.c:26:22: error: 'target_freq_hz' undeclared (first use in this function)
   26 |  float vmag = (float)target_freq_hz * (1.0f / Kratio);
      |                      ^~~~~~~~~~~~~~
../Core/Src/VeltoFreq.c:26:22: note: each undeclared identifier is reported only once for each function it appears in
make: *** [Core/Src/subdir.mk:43: Core/Src/VeltoFreq.o] Error 1
"make -j8 all" terminated with exit code 2. Build might be incomplete.
16:31:11 **** Incremental Build of configuration Debug for project encoder ****
make -j8 all 
arm-none-eabi-gcc "../Core/Src/VeltoFreq.c" -mcpu=cortex-m4 -std=gnu11 -g3 -DDEBUG -DUSE_HAL_DRIVER -DSTM32F446xx -c -I../Core/Inc -I../Drivers/STM32F4xx_HAL_Driver/Inc -I../Drivers/STM32F4xx_HAL_Driver/Inc/Legacy -I../Drivers/CMSIS/Device/ST/STM32F4xx/Include -I../Drivers/CMSIS/Include -O0 -ffunction-sections -fdata-sections -Wall -fstack-usage -MMD -MP -MF"Core/Src/VeltoFreq.d" -MT"Core/Src/VeltoFreq.o" --specs=nano.specs -mfpu=fpv4-sp-d16 -mfloat-abi=hard -mthumb -o "Core/Src/VeltoFreq.o"
../Core/Src/VeltoFreq.c:23:7: error: conflicting types for 'Func_FreqToVel'
   23 | float Func_FreqToVel(uint32_t current_freq_hz, Direction_t current_dir)
      |       ^~~~~~~~~~~~~~
In file included from ../Core/Src/VeltoFreq.c:8:
../Core/Inc/velotofreq.h:35:7: note: previous declaration of 'Func_FreqToVel' was here
   35 | float Func_FreqToVel(bool Stepper_Direction_t, Direction_t current_dir);
      |       ^~~~~~~~~~~~~~
../Core/Src/VeltoFreq.c: In function 'Func_FreqToVel':
../Core/Src/VeltoFreq.c:26:22: error: 'target_freq_hz' undeclared (first use in this function); did you mean 'current_freq_hz'?
   26 |  float vmag = (float)target_freq_hz * (1.0f / Kratio);
      |                      ^~~~~~~~~~~~~~
      |                      current_freq_hz
../Core/Src/VeltoFreq.c:26:22: note: each undeclared identifier is reported only once for each function it appears in
make: *** [Core/Src/subdir.mk:43: Core/Src/VeltoFreq.o] Error 1
"make -j8 all" terminated with exit code 2. Build might be incomplete.
16:31:27 **** Incremental Build of configuration Debug for project encoder ****
make -j8 all 
arm-none-eabi-gcc "../Core/Src/VeltoFreq.c" -mcpu=cortex-m4 -std=gnu11 -g3 -DDEBUG -DUSE_HAL_DRIVER -DSTM32F446xx -c -I../Core/Inc -I../Drivers/STM32F4xx_HAL_Driver/Inc -I../Drivers/STM32F4xx_HAL_Driver/Inc/Legacy -I../Drivers/CMSIS/Device/ST/STM32F4xx/Include -I../Drivers/CMSIS/Include -O0 -ffunction-sections -fdata-sections -Wall -fstack-usage -MMD -MP -MF"Core/Src/VeltoFreq.d" -MT"Core/Src/VeltoFreq.o" --specs=nano.specs -mfpu=fpv4-sp-d16 -mfloat-abi=hard -mthumb -o "Core/Src/VeltoFreq.o"
../Core/Src/VeltoFreq.c:23:7: error: conflicting types for 'Func_FreqToVel'
   23 | float Func_FreqToVel(uint32_t current_freq_hz, Direction_t current_dir)
      |       ^~~~~~~~~~~~~~
In file included from ../Core/Src/VeltoFreq.c:8:
../Core/Inc/velotofreq.h:35:7: note: previous declaration of 'Func_FreqToVel' was here
   35 | float Func_FreqToVel(bool Stepper_Direction_t, Direction_t current_dir);
      |       ^~~~~~~~~~~~~~
../Core/Src/VeltoFreq.c: In function 'Func_FreqToVel':
../Core/Src/VeltoFreq.c:26:22: error: 'target_freq_hz' undeclared (first use in this function); did you mean 'current_freq_hz'?
   26 |  float vmag = (float)target_freq_hz * (1.0f / Kratio);
      |                      ^~~~~~~~~~~~~~
      |                      current_freq_hz
../Core/Src/VeltoFreq.c:26:22: note: each undeclared identifier is reported only once for each function it appears in
make: *** [Core/Src/subdir.mk:43: Core/Src/VeltoFreq.o] Error 1
"make -j8 all" terminated with exit code 2. Build might be incomplete.
16:31:30 **** Incremental Build of configuration Debug for project encoder ****
make -j8 all 
arm-none-eabi-gcc "../Core/Src/VeltoFreq.c" -mcpu=cortex-m4 -std=gnu11 -g3 -DDEBUG -DUSE_HAL_DRIVER -DSTM32F446xx -c -I../Core/Inc -I../Drivers/STM32F4xx_HAL_Driver/Inc -I../Drivers/STM32F4xx_HAL_Driver/Inc/Legacy -I../Drivers/CMSIS/Device/ST/STM32F4xx/Include -I../Drivers/CMSIS/Include -O0 -ffunction-sections -fdata-sections -Wall -fstack-usage -MMD -MP -MF"Core/Src/VeltoFreq.d" -MT"Core/Src/VeltoFreq.o" --specs=nano.specs -mfpu=fpv4-sp-d16 -mfloat-abi=hard -mthumb -o "Core/Src/VeltoFreq.o"
../Core/Src/VeltoFreq.c: In function 'Func_FreqToVel':
../Core/Src/VeltoFreq.c:26:22: error: 'target_freq_hz' undeclared (first use in this function); did you mean 'current_freq_hz'?
   26 |  float vmag = (float)target_freq_hz * (1.0f / Kratio);
      |                      ^~~~~~~~~~~~~~
      |                      current_freq_hz
../Core/Src/VeltoFreq.c:26:22: note: each undeclared identifier is reported only once for each function it appears in
make: *** [Core/Src/subdir.mk:43: Core/Src/VeltoFreq.o] Error 1
"make -j8 all" terminated with exit code 2. Build might be incomplete.
16:31:47 **** Incremental Build of configuration Debug for project encoder ****
make -j8 all 
arm-none-eabi-gcc "../Core/Src/VeltoFreq.c" -mcpu=cortex-m4 -std=gnu11 -g3 -DDEBUG -DUSE_HAL_DRIVER -DSTM32F446xx -c -I../Core/Inc -I../Drivers/STM32F4xx_HAL_Driver/Inc -I../Drivers/STM32F4xx_HAL_Driver/Inc/Legacy -I../Drivers/CMSIS/Device/ST/STM32F4xx/Include -I../Drivers/CMSIS/Include -O0 -ffunction-sections -fdata-sections -Wall -fstack-usage -MMD -MP -MF"Core/Src/VeltoFreq.d" -MT"Core/Src/VeltoFreq.o" --specs=nano.specs -mfpu=fpv4-sp-d16 -mfloat-abi=hard -mthumb -o "Core/Src/VeltoFreq.o"
arm-none-eabi-gcc -o "encoder.elf" @"objects.list"   -mcpu=cortex-m4 -T"C:\Users\LOQ\STM32CubeIDE\Inverted pendulum\encoder\STM32F446RETX_FLASH.ld" --specs=nosys.specs -Wl,-Map="encoder.map" -Wl,--gc-sections -static --specs=nano.specs -mfpu=fpv4-sp-d16 -mfloat-abi=hard -mthumb -u _printf_float -Wl,--start-group -lc -lm -Wl,--end-group
Finished building target: encoder.elf
 
arm-none-eabi-objdump -h -S  encoder.elf  > "encoder.list"
arm-none-eabi-objcopy  -O binary  encoder.elf  "encoder.bin"
arm-none-eabi-size   encoder.elf 
   text	   data	    bss	    dec	    hex	filename
  34236	    484	   2132	  36852	   8ff4	encoder.elf
Finished building: default.size.stdout
 
Finished building: encoder.bin
 
Finished building: encoder.list
 
17:07:28 **** Build of configuration Debug for project encoder ****
make -j8 all 
arm-none-eabi-gcc "../Core/Src/VeltoFreq.c" -mcpu=cortex-m4 -std=gnu11 -g3 -DDEBUG -DUSE_HAL_DRIVER -DSTM32F446xx -c -I../Core/Inc -I../Drivers/STM32F4xx_HAL_Driver/Inc -I../Drivers/STM32F4xx_HAL_Driver/Inc/Legacy -I../Drivers/CMSIS/Device/ST/STM32F4xx/Include -I../Drivers/CMSIS/Include -O0 -ffunction-sections -fdata-sections -Wall -fstack-usage -MMD -MP -MF"Core/Src/VeltoFreq.d" -MT"Core/Src/VeltoFreq.o" --specs=nano.specs -mfpu=fpv4-sp-d16 -mfloat-abi=hard -mthumb -o "Core/Src/VeltoFreq.o"
arm-none-eabi-gcc "../Core/Src/encoder.c" -mcpu=cortex-m4 -std=gnu11 -g3 -DDEBUG -DUSE_HAL_DRIVER -DSTM32F446xx -c -I../Core/Inc -I../Drivers/STM32F4xx_HAL_Driver/Inc -I../Drivers/STM32F4xx_HAL_Driver/Inc/Legacy -I../Drivers/CMSIS/Device/ST/STM32F4xx/Include -I../Drivers/CMSIS/Include -O0 -ffunction-sections -fdata-sections -Wall -fstack-usage -MMD -MP -MF"Core/Src/encoder.d" -MT"Core/Src/encoder.o" --specs=nano.specs -mfpu=fpv4-sp-d16 -mfloat-abi=hard -mthumb -o "Core/Src/encoder.o"
arm-none-eabi-gcc "../Core/Src/librarytb6600github.c" -mcpu=cortex-m4 -std=gnu11 -g3 -DDEBUG -DUSE_HAL_DRIVER -DSTM32F446xx -c -I../Core/Inc -I../Drivers/STM32F4xx_HAL_Driver/Inc -I../Drivers/STM32F4xx_HAL_Driver/Inc/Legacy -I../Drivers/CMSIS/Device/ST/STM32F4xx/Include -I../Drivers/CMSIS/Include -O0 -ffunction-sections -fdata-sections -Wall -fstack-usage -MMD -MP -MF"Core/Src/librarytb6600github.d" -MT"Core/Src/librarytb6600github.o" --specs=nano.specs -mfpu=fpv4-sp-d16 -mfloat-abi=hard -mthumb -o "Core/Src/librarytb6600github.o"
arm-none-eabi-gcc "../Core/Src/main.c" -mcpu=cortex-m4 -std=gnu11 -g3 -DDEBUG -DUSE_HAL_DRIVER -DSTM32F446xx -c -I../Core/Inc -I../Drivers/STM32F4xx_HAL_Driver/Inc -I../Drivers/STM32F4xx_HAL_Driver/Inc/Legacy -I../Drivers/CMSIS/Device/ST/STM32F4xx/Include -I../Drivers/CMSIS/Include -O0 -ffunction-sections -fdata-sections -Wall -fstack-usage -MMD -MP -MF"Core/Src/main.d" -MT"Core/Src/main.o" --specs=nano.specs -mfpu=fpv4-sp-d16 -mfloat-abi=hard -mthumb -o "Core/Src/main.o"
arm-none-eabi-gcc "../Core/Src/stm32f4xx_hal_msp.c" -mcpu=cortex-m4 -std=gnu11 -g3 -DDEBUG -DUSE_HAL_DRIVER -DSTM32F446xx -c -I../Core/Inc -I../Drivers/STM32F4xx_HAL_Driver/Inc -I../Drivers/STM32F4xx_HAL_Driver/Inc/Legacy -I../Drivers/CMSIS/Device/ST/STM32F4xx/Include -I../Drivers/CMSIS/Include -O0 -ffunction-sections -fdata-sections -Wall -fstack-usage -MMD -MP -MF"Core/Src/stm32f4xx_hal_msp.d" -MT"Core/Src/stm32f4xx_hal_msp.o" --specs=nano.specs -mfpu=fpv4-sp-d16 -mfloat-abi=hard -mthumb -o "Core/Src/stm32f4xx_hal_msp.o"
arm-none-eabi-gcc "../Core/Src/stm32f4xx_it.c" -mcpu=cortex-m4 -std=gnu11 -g3 -DDEBUG -DUSE_HAL_DRIVER -DSTM32F446xx -c -I../Core/Inc -I../Drivers/STM32F4xx_HAL_Driver/Inc -I../Drivers/STM32F4xx_HAL_Driver/Inc/Legacy -I../Drivers/CMSIS/Device/ST/STM32F4xx/Include -I../Drivers/CMSIS/Include -O0 -ffunction-sections -fdata-sections -Wall -fstack-usage -MMD -MP -MF"Core/Src/stm32f4xx_it.d" -MT"Core/Src/stm32f4xx_it.o" --specs=nano.specs -mfpu=fpv4-sp-d16 -mfloat-abi=hard -mthumb -o "Core/Src/stm32f4xx_it.o"
arm-none-eabi-gcc "../Core/Src/syscalls.c" -mcpu=cortex-m4 -std=gnu11 -g3 -DDEBUG -DUSE_HAL_DRIVER -DSTM32F446xx -c -I../Core/Inc -I../Drivers/STM32F4xx_HAL_Driver/Inc -I../Drivers/STM32F4xx_HAL_Driver/Inc/Legacy -I../Drivers/CMSIS/Device/ST/STM32F4xx/Include -I../Drivers/CMSIS/Include -O0 -ffunction-sections -fdata-sections -Wall -fstack-usage -MMD -MP -MF"Core/Src/syscalls.d" -MT"Core/Src/syscalls.o" --specs=nano.specs -mfpu=fpv4-sp-d16 -mfloat-abi=hard -mthumb -o "Core/Src/syscalls.o"
arm-none-eabi-gcc "../Core/Src/sysmem.c" -mcpu=cortex-m4 -std=gnu11 -g3 -DDEBUG -DUSE_HAL_DRIVER -DSTM32F446xx -c -I../Core/Inc -I../Drivers/STM32F4xx_HAL_Driver/Inc -I../Drivers/STM32F4xx_HAL_Driver/Inc/Legacy -I../Drivers/CMSIS/Device/ST/STM32F4xx/Include -I../Drivers/CMSIS/Include -O0 -ffunction-sections -fdata-sections -Wall -fstack-usage -MMD -MP -MF"Core/Src/sysmem.d" -MT"Core/Src/sysmem.o" --specs=nano.specs -mfpu=fpv4-sp-d16 -mfloat-abi=hard -mthumb -o "Core/Src/sysmem.o"
arm-none-eabi-gcc "../Core/Src/system_stm32f4xx.c" -mcpu=cortex-m4 -std=gnu11 -g3 -DDEBUG -DUSE_HAL_DRIVER -DSTM32F446xx -c -I../Core/Inc -I../Drivers/STM32F4xx_HAL_Driver/Inc -I../Drivers/STM32F4xx_HAL_Driver/Inc/Legacy -I../Drivers/CMSIS/Device/ST/STM32F4xx/Include -I../Drivers/CMSIS/Include -O0 -ffunction-sections -fdata-sections -Wall -fstack-usage -MMD -MP -MF"Core/Src/system_stm32f4xx.d" -MT"Core/Src/system_stm32f4xx.o" --specs=nano.specs -mfpu=fpv4-sp-d16 -mfloat-abi=hard -mthumb -o "Core/Src/system_stm32f4xx.o"
arm-none-eabi-gcc "../Core/Src/inverted_pendulum.c" -mcpu=cortex-m4 -std=gnu11 -g3 -DDEBUG -DUSE_HAL_DRIVER -DSTM32F446xx -c -I../Core/Inc -I../Drivers/STM32F4xx_HAL_Driver/Inc -I../Drivers/STM32F4xx_HAL_Driver/Inc/Legacy -I../Drivers/CMSIS/Device/ST/STM32F4xx/Include -I../Drivers/CMSIS/Include -O0 -ffunction-sections -fdata-sections -Wall -fstack-usage -MMD -MP -MF"Core/Src/inverted_pendulum.d" -MT"Core/Src/inverted_pendulum.o" --specs=nano.specs -mfpu=fpv4-sp-d16 -mfloat-abi=hard -mthumb -o "Core/Src/inverted_pendulum.o"
In file included from ../Core/Src/inverted_pendulum.c:1:
../Core/Inc/inverted_pendulum.h:4:10: fatal error: l6474.h: No such file or directory
    4 | #include "l6474.h"
      |          ^~~~~~~~~
compilation terminated.
make: *** [Core/Src/subdir.mk:50: Core/Src/inverted_pendulum.o] Error 1
make: *** Waiting for unfinished jobs....
"make -j8 all" terminated with exit code 2. Build might be incomplete.
21:02:24 **** Incremental Build of configuration Debug for project encoder ****
make -j8 all 
arm-none-eabi-gcc "../Core/Src/encoder.c" -mcpu=cortex-m4 -std=gnu11 -g3 -DDEBUG -DUSE_HAL_DRIVER -DSTM32F446xx -c -I../Core/Inc -I../Drivers/STM32F4xx_HAL_Driver/Inc -I../Drivers/STM32F4xx_HAL_Driver/Inc/Legacy -I../Drivers/CMSIS/Device/ST/STM32F4xx/Include -I../Drivers/CMSIS/Include -O0 -ffunction-sections -fdata-sections -Wall -fstack-usage -MMD -MP -MF"Core/Src/encoder.d" -MT"Core/Src/encoder.o" --specs=nano.specs -mfpu=fpv4-sp-d16 -mfloat-abi=hard -mthumb -o "Core/Src/encoder.o"
arm-none-eabi-gcc "../Core/Src/stm32f4xx_hal_msp.c" -mcpu=cortex-m4 -std=gnu11 -g3 -DDEBUG -DUSE_HAL_DRIVER -DSTM32F446xx -c -I../Core/Inc -I../Drivers/STM32F4xx_HAL_Driver/Inc -I../Drivers/STM32F4xx_HAL_Driver/Inc/Legacy -I../Drivers/CMSIS/Device/ST/STM32F4xx/Include -I../Drivers/CMSIS/Include -O0 -ffunction-sections -fdata-sections -Wall -fstack-usage -MMD -MP -MF"Core/Src/stm32f4xx_hal_msp.d" -MT"Core/Src/stm32f4xx_hal_msp.o" --specs=nano.specs -mfpu=fpv4-sp-d16 -mfloat-abi=hard -mthumb -o "Core/Src/stm32f4xx_hal_msp.o"
arm-none-eabi-gcc "../Core/Src/stm32f4xx_it.c" -mcpu=cortex-m4 -std=gnu11 -g3 -DDEBUG -DUSE_HAL_DRIVER -DSTM32F446xx -c -I../Core/Inc -I../Drivers/STM32F4xx_HAL_Driver/Inc -I../Drivers/STM32F4xx_HAL_Driver/Inc/Legacy -I../Drivers/CMSIS/Device/ST/STM32F4xx/Include -I../Drivers/CMSIS/Include -O0 -ffunction-sections -fdata-sections -Wall -fstack-usage -MMD -MP -MF"Core/Src/stm32f4xx_it.d" -MT"Core/Src/stm32f4xx_it.o" --specs=nano.specs -mfpu=fpv4-sp-d16 -mfloat-abi=hard -mthumb -o "Core/Src/stm32f4xx_it.o"
arm-none-eabi-gcc "../Core/Src/syscalls.c" -mcpu=cortex-m4 -std=gnu11 -g3 -DDEBUG -DUSE_HAL_DRIVER -DSTM32F446xx -c -I../Core/Inc -I../Drivers/STM32F4xx_HAL_Driver/Inc -I../Drivers/STM32F4xx_HAL_Driver/Inc/Legacy -I../Drivers/CMSIS/Device/ST/STM32F4xx/Include -I../Drivers/CMSIS/Include -O0 -ffunction-sections -fdata-sections -Wall -fstack-usage -MMD -MP -MF"Core/Src/syscalls.d" -MT"Core/Src/syscalls.o" --specs=nano.specs -mfpu=fpv4-sp-d16 -mfloat-abi=hard -mthumb -o "Core/Src/syscalls.o"
arm-none-eabi-gcc "../Core/Src/sysmem.c" -mcpu=cortex-m4 -std=gnu11 -g3 -DDEBUG -DUSE_HAL_DRIVER -DSTM32F446xx -c -I../Core/Inc -I../Drivers/STM32F4xx_HAL_Driver/Inc -I../Drivers/STM32F4xx_HAL_Driver/Inc/Legacy -I../Drivers/CMSIS/Device/ST/STM32F4xx/Include -I../Drivers/CMSIS/Include -O0 -ffunction-sections -fdata-sections -Wall -fstack-usage -MMD -MP -MF"Core/Src/sysmem.d" -MT"Core/Src/sysmem.o" --specs=nano.specs -mfpu=fpv4-sp-d16 -mfloat-abi=hard -mthumb -o "Core/Src/sysmem.o"
arm-none-eabi-gcc "../Core/Src/system_stm32f4xx.c" -mcpu=cortex-m4 -std=gnu11 -g3 -DDEBUG -DUSE_HAL_DRIVER -DSTM32F446xx -c -I../Core/Inc -I../Drivers/STM32F4xx_HAL_Driver/Inc -I../Drivers/STM32F4xx_HAL_Driver/Inc/Legacy -I../Drivers/CMSIS/Device/ST/STM32F4xx/Include -I../Drivers/CMSIS/Include -O0 -ffunction-sections -fdata-sections -Wall -fstack-usage -MMD -MP -MF"Core/Src/system_stm32f4xx.d" -MT"Core/Src/system_stm32f4xx.o" --specs=nano.specs -mfpu=fpv4-sp-d16 -mfloat-abi=hard -mthumb -o "Core/Src/system_stm32f4xx.o"
arm-none-eabi-gcc "../Core/Src/HBS57.c" -mcpu=cortex-m4 -std=gnu11 -g3 -DDEBUG -DUSE_HAL_DRIVER -DSTM32F446xx -c -I../Core/Inc -I../Drivers/STM32F4xx_HAL_Driver/Inc -I../Drivers/STM32F4xx_HAL_Driver/Inc/Legacy -I../Drivers/CMSIS/Device/ST/STM32F4xx/Include -I../Drivers/CMSIS/Include -O0 -ffunction-sections -fdata-sections -Wall -fstack-usage -MMD -MP -MF"Core/Src/HBS57.d" -MT"Core/Src/HBS57.o" --specs=nano.specs -mfpu=fpv4-sp-d16 -mfloat-abi=hard -mthumb -o "Core/Src/HBS57.o"
arm-none-eabi-gcc "../Core/Src/LQR.c" -mcpu=cortex-m4 -std=gnu11 -g3 -DDEBUG -DUSE_HAL_DRIVER -DSTM32F446xx -c -I../Core/Inc -I../Drivers/STM32F4xx_HAL_Driver/Inc -I../Drivers/STM32F4xx_HAL_Driver/Inc/Legacy -I../Drivers/CMSIS/Device/ST/STM32F4xx/Include -I../Drivers/CMSIS/Include -O0 -ffunction-sections -fdata-sections -Wall -fstack-usage -MMD -MP -MF"Core/Src/LQR.d" -MT"Core/Src/LQR.o" --specs=nano.specs -mfpu=fpv4-sp-d16 -mfloat-abi=hard -mthumb -o "Core/Src/LQR.o"
In file included from ../Core/Src/LQR.c:1:
../Core/Inc/LQR.h:14:2: error: unknown type name 'Stepper_Handle_t'
   14 |  Stepper_Handle_t *stepper;  //con tr�? tới struct chứa các tham số của động cơ
      |  ^~~~~~~~~~~~~~~~
../Core/Src/LQR.c:3:8: error: no macro name given in #define directive
    3 | #define
      |        ^
make: *** [Core/Src/subdir.mk:48: Core/Src/LQR.o] Error 1
make: *** Waiting for unfinished jobs....
"make -j8 all" terminated with exit code 2. Build might be incomplete.
21:02:51 **** Incremental Build of configuration Debug for project encoder ****
make -j8 all 
arm-none-eabi-gcc "../Core/Src/LQR.c" -mcpu=cortex-m4 -std=gnu11 -g3 -DDEBUG -DUSE_HAL_DRIVER -DSTM32F446xx -c -I../Core/Inc -I../Drivers/STM32F4xx_HAL_Driver/Inc -I../Drivers/STM32F4xx_HAL_Driver/Inc/Legacy -I../Drivers/CMSIS/Device/ST/STM32F4xx/Include -I../Drivers/CMSIS/Include -O0 -ffunction-sections -fdata-sections -Wall -fstack-usage -MMD -MP -MF"Core/Src/LQR.d" -MT"Core/Src/LQR.o" --specs=nano.specs -mfpu=fpv4-sp-d16 -mfloat-abi=hard -mthumb -o "Core/Src/LQR.o"
arm-none-eabi-gcc "../Core/Src/VeltoFreq.c" -mcpu=cortex-m4 -std=gnu11 -g3 -DDEBUG -DUSE_HAL_DRIVER -DSTM32F446xx -c -I../Core/Inc -I../Drivers/STM32F4xx_HAL_Driver/Inc -I../Drivers/STM32F4xx_HAL_Driver/Inc/Legacy -I../Drivers/CMSIS/Device/ST/STM32F4xx/Include -I../Drivers/CMSIS/Include -O0 -ffunction-sections -fdata-sections -Wall -fstack-usage -MMD -MP -MF"Core/Src/VeltoFreq.d" -MT"Core/Src/VeltoFreq.o" --specs=nano.specs -mfpu=fpv4-sp-d16 -mfloat-abi=hard -mthumb -o "Core/Src/VeltoFreq.o"
arm-none-eabi-gcc "../Core/Src/main.c" -mcpu=cortex-m4 -std=gnu11 -g3 -DDEBUG -DUSE_HAL_DRIVER -DSTM32F446xx -c -I../Core/Inc -I../Drivers/STM32F4xx_HAL_Driver/Inc -I../Drivers/STM32F4xx_HAL_Driver/Inc/Legacy -I../Drivers/CMSIS/Device/ST/STM32F4xx/Include -I../Drivers/CMSIS/Include -O0 -ffunction-sections -fdata-sections -Wall -fstack-usage -MMD -MP -MF"Core/Src/main.d" -MT"Core/Src/main.o" --specs=nano.specs -mfpu=fpv4-sp-d16 -mfloat-abi=hard -mthumb -o "Core/Src/main.o"
In file included from ../Core/Src/LQR.c:1:
../Core/Inc/LQR.h:14:2: error: unknown type name 'Stepper_Handle_t'
   14 |  Stepper_Handle_t *stepper;  //con tr�? tới struct chứa các tham số của động cơ
      |  ^~~~~~~~~~~~~~~~
make: *** [Core/Src/subdir.mk:48: Core/Src/LQR.o] Error 1
make: *** Waiting for unfinished jobs....
"make -j8 all" terminated with exit code 2. Build might be incomplete.
21:25:07 **** Incremental Build of configuration Debug for project encoder ****
make -j8 all 
arm-none-eabi-gcc "../Core/Src/LQR.c" -mcpu=cortex-m4 -std=gnu11 -g3 -DDEBUG -DUSE_HAL_DRIVER -DSTM32F446xx -c -I../Core/Inc -I../Drivers/STM32F4xx_HAL_Driver/Inc -I../Drivers/STM32F4xx_HAL_Driver/Inc/Legacy -I../Drivers/CMSIS/Device/ST/STM32F4xx/Include -I../Drivers/CMSIS/Include -O0 -ffunction-sections -fdata-sections -Wall -fstack-usage -MMD -MP -MF"Core/Src/LQR.d" -MT"Core/Src/LQR.o" --specs=nano.specs -mfpu=fpv4-sp-d16 -mfloat-abi=hard -mthumb -o "Core/Src/LQR.o"
../Core/Src/LQR.c:7:14: warning: 'LQR_tune' defined but not used [-Wunused-variable]
    7 | static float LQR_tune[4] = {0,0,0,0};
      |              ^~~~~~~~
arm-none-eabi-gcc -o "encoder.elf" @"objects.list"   -mcpu=cortex-m4 -T"C:\Users\LOQ\STM32CubeIDE\Inverted pendulum\encoder\STM32F446RETX_FLASH.ld" --specs=nosys.specs -Wl,-Map="encoder.map" -Wl,--gc-sections -static --specs=nano.specs -mfpu=fpv4-sp-d16 -mfloat-abi=hard -mthumb -u _printf_float -Wl,--start-group -lc -lm -Wl,--end-group
Finished building target: encoder.elf
 
arm-none-eabi-objdump -h -S  encoder.elf  > "encoder.list"
arm-none-eabi-objcopy  -O binary  encoder.elf  "encoder.bin"
arm-none-eabi-size   encoder.elf 
   text	   data	    bss	    dec	    hex	filename
  34236	    484	   2132	  36852	   8ff4	encoder.elf
Finished building: encoder.list
Finished building: default.size.stdout
 
 
Finished building: encoder.bin
 
22:02:18 **** Incremental Build of configuration Debug for project encoder ****
make -j8 all 
arm-none-eabi-gcc "../Core/Src/HBS57.c" -mcpu=cortex-m4 -std=gnu11 -g3 -DDEBUG -DUSE_HAL_DRIVER -DSTM32F446xx -c -I../Core/Inc -I../Drivers/STM32F4xx_HAL_Driver/Inc -I../Drivers/STM32F4xx_HAL_Driver/Inc/Legacy -I../Drivers/CMSIS/Device/ST/STM32F4xx/Include -I../Drivers/CMSIS/Include -O0 -ffunction-sections -fdata-sections -Wall -fstack-usage -MMD -MP -MF"Core/Src/HBS57.d" -MT"Core/Src/HBS57.o" --specs=nano.specs -mfpu=fpv4-sp-d16 -mfloat-abi=hard -mthumb -o "Core/Src/HBS57.o"
arm-none-eabi-gcc "../Core/Src/LQR.c" -mcpu=cortex-m4 -std=gnu11 -g3 -DDEBUG -DUSE_HAL_DRIVER -DSTM32F446xx -c -I../Core/Inc -I../Drivers/STM32F4xx_HAL_Driver/Inc -I../Drivers/STM32F4xx_HAL_Driver/Inc/Legacy -I../Drivers/CMSIS/Device/ST/STM32F4xx/Include -I../Drivers/CMSIS/Include -O0 -ffunction-sections -fdata-sections -Wall -fstack-usage -MMD -MP -MF"Core/Src/LQR.d" -MT"Core/Src/LQR.o" --specs=nano.specs -mfpu=fpv4-sp-d16 -mfloat-abi=hard -mthumb -o "Core/Src/LQR.o"
../Core/Src/LQR.c: In function 'run_pendulum':
../Core/Src/LQR.c:24:25: error: 'pendlum' undeclared (first use in this function); did you mean 'pendulum'?
   24 |   float current_angle = pendlum->pend_enc->angle_position; //khá hay
      |                         ^~~~~~~
      |                         pendulum
../Core/Src/LQR.c:24:25: note: each undeclared identifier is reported only once for each function it appears in
../Core/Src/LQR.c:25:3: error: stray '\303' in program
   25 |   ìf(current_angle > (PI-0.17f) || current_angle < (-PI-0.17f) )
      |   ^
../Core/Src/LQR.c:25:4: error: stray '\254' in program
   25 |   ìf(current_angle > (PI-0.17f) || current_angle < (-PI-0.17f) )
      |    ^
../Core/Src/LQR.c:25:5: warning: implicit declaration of function 'f' [-Wimplicit-function-declaration]
   25 |   ìf(current_angle > (PI-0.17f) || current_angle < (-PI-0.17f) )
      |     ^
../Core/Src/LQR.c:25:66: error: expected ';' before '}' token
   25 |   ìf(current_angle > (PI-0.17f) || current_angle < (-PI-0.17f) )
      |                                                                  ^
      |                                                                  ;
   26 |  }
      |  ~                                                                
../Core/Src/LQR.c:21:2: warning: enumeration value 'LQR_CONTROL' not handled in switch [-Wswitch]
   21 |  switch(pendulum->state){
      |  ^~~~~~
At top level:
../Core/Src/LQR.c:7:14: warning: 'LQR_tune' defined but not used [-Wunused-variable]
    7 | static float LQR_tune[4] = {0,0,0,0};
      |              ^~~~~~~~
make: *** [Core/Src/subdir.mk:48: Core/Src/LQR.o] Error 1
make: *** Waiting for unfinished jobs....
"make -j8 all" terminated with exit code 2. Build might be incomplete.
22:02:40 **** Incremental Build of configuration Debug for project encoder ****
make -j8 all 
arm-none-eabi-gcc "../Core/Src/LQR.c" -mcpu=cortex-m4 -std=gnu11 -g3 -DDEBUG -DUSE_HAL_DRIVER -DSTM32F446xx -c -I../Core/Inc -I../Drivers/STM32F4xx_HAL_Driver/Inc -I../Drivers/STM32F4xx_HAL_Driver/Inc/Legacy -I../Drivers/CMSIS/Device/ST/STM32F4xx/Include -I../Drivers/CMSIS/Include -O0 -ffunction-sections -fdata-sections -Wall -fstack-usage -MMD -MP -MF"Core/Src/LQR.d" -MT"Core/Src/LQR.o" --specs=nano.specs -mfpu=fpv4-sp-d16 -mfloat-abi=hard -mthumb -o "Core/Src/LQR.o"
../Core/Src/LQR.c: In function 'run_pendulum':
../Core/Src/LQR.c:24:25: error: 'pendlum' undeclared (first use in this function); did you mean 'pendulum'?
   24 |   float current_angle = pendlum->pend_enc->angle_position; //khá hay
      |                         ^~~~~~~
      |                         pendulum
../Core/Src/LQR.c:24:25: note: each undeclared identifier is reported only once for each function it appears in
../Core/Src/LQR.c:25:3: error: stray '\303' in program
   25 |   ìf(current_angle > (PI-0.17f) || current_angle < (-PI-0.17f) ){
      |   ^
../Core/Src/LQR.c:25:4: error: stray '\254' in program
   25 |   ìf(current_angle > (PI-0.17f) || current_angle < (-PI-0.17f) ){
      |    ^
../Core/Src/LQR.c:25:5: warning: implicit declaration of function 'f' [-Wimplicit-function-declaration]
   25 |   ìf(current_angle > (PI-0.17f) || current_angle < (-PI-0.17f) ){
      |     ^
../Core/Src/LQR.c:25:66: error: expected ';' before '{' token
   25 |   ìf(current_angle > (PI-0.17f) || current_angle < (-PI-0.17f) ){
      |                                                                  ^
      |                                                                  ;
../Core/Src/LQR.c:21:2: warning: enumeration value 'LQR_CONTROL' not handled in switch [-Wswitch]
   21 |  switch(pendulum->state){
      |  ^~~~~~
At top level:
../Core/Src/LQR.c:7:14: warning: 'LQR_tune' defined but not used [-Wunused-variable]
    7 | static float LQR_tune[4] = {0,0,0,0};
      |              ^~~~~~~~
make: *** [Core/Src/subdir.mk:48: Core/Src/LQR.o] Error 1
"make -j8 all" terminated with exit code 2. Build might be incomplete.
22:03:24 **** Incremental Build of configuration Debug for project encoder ****
make -j8 all 
arm-none-eabi-gcc "../Core/Src/LQR.c" -mcpu=cortex-m4 -std=gnu11 -g3 -DDEBUG -DUSE_HAL_DRIVER -DSTM32F446xx -c -I../Core/Inc -I../Drivers/STM32F4xx_HAL_Driver/Inc -I../Drivers/STM32F4xx_HAL_Driver/Inc/Legacy -I../Drivers/CMSIS/Device/ST/STM32F4xx/Include -I../Drivers/CMSIS/Include -O0 -ffunction-sections -fdata-sections -Wall -fstack-usage -MMD -MP -MF"Core/Src/LQR.d" -MT"Core/Src/LQR.o" --specs=nano.specs -mfpu=fpv4-sp-d16 -mfloat-abi=hard -mthumb -o "Core/Src/LQR.o"
../Core/Src/LQR.c: In function 'run_pendulum':
../Core/Src/LQR.c:25:3: error: stray '\303' in program
   25 |   ìf(current_angle > (PI-0.17f) || current_angle < (-PI-0.17f) ){
      |   ^
../Core/Src/LQR.c:25:4: error: stray '\254' in program
   25 |   ìf(current_angle > (PI-0.17f) || current_angle < (-PI-0.17f) ){
      |    ^
../Core/Src/LQR.c:25:5: warning: implicit declaration of function 'f' [-Wimplicit-function-declaration]
   25 |   ìf(current_angle > (PI-0.17f) || current_angle < (-PI-0.17f) ){
      |     ^
../Core/Src/LQR.c:25:66: error: expected ';' before '{' token
   25 |   ìf(current_angle > (PI-0.17f) || current_angle < (-PI-0.17f) ){
      |                                                                  ^
      |                                                                  ;
../Core/Src/LQR.c:21:2: warning: enumeration value 'LQR_CONTROL' not handled in switch [-Wswitch]
   21 |  switch(pendulum->state){
      |  ^~~~~~
At top level:
../Core/Src/LQR.c:7:14: warning: 'LQR_tune' defined but not used [-Wunused-variable]
    7 | static float LQR_tune[4] = {0,0,0,0};
      |              ^~~~~~~~
make: *** [Core/Src/subdir.mk:48: Core/Src/LQR.o] Error 1
"make -j8 all" terminated with exit code 2. Build might be incomplete.
22:03:30 **** Incremental Build of configuration Debug for project encoder ****
make -j8 all 
arm-none-eabi-gcc "../Core/Src/LQR.c" -mcpu=cortex-m4 -std=gnu11 -g3 -DDEBUG -DUSE_HAL_DRIVER -DSTM32F446xx -c -I../Core/Inc -I../Drivers/STM32F4xx_HAL_Driver/Inc -I../Drivers/STM32F4xx_HAL_Driver/Inc/Legacy -I../Drivers/CMSIS/Device/ST/STM32F4xx/Include -I../Drivers/CMSIS/Include -O0 -ffunction-sections -fdata-sections -Wall -fstack-usage -MMD -MP -MF"Core/Src/LQR.d" -MT"Core/Src/LQR.o" --specs=nano.specs -mfpu=fpv4-sp-d16 -mfloat-abi=hard -mthumb -o "Core/Src/LQR.o"
../Core/Src/LQR.c: In function 'run_pendulum':
../Core/Src/LQR.c:21:2: warning: enumeration value 'LQR_CONTROL' not handled in switch [-Wswitch]
   21 |  switch(pendulum->state){
      |  ^~~~~~
At top level:
../Core/Src/LQR.c:7:14: warning: 'LQR_tune' defined but not used [-Wunused-variable]
    7 | static float LQR_tune[4] = {0,0,0,0};
      |              ^~~~~~~~
arm-none-eabi-gcc -o "encoder.elf" @"objects.list"   -mcpu=cortex-m4 -T"C:\Users\LOQ\STM32CubeIDE\Inverted pendulum\encoder\STM32F446RETX_FLASH.ld" --specs=nosys.specs -Wl,-Map="encoder.map" -Wl,--gc-sections -static --specs=nano.specs -mfpu=fpv4-sp-d16 -mfloat-abi=hard -mthumb -u _printf_float -Wl,--start-group -lc -lm -Wl,--end-group
Finished building target: encoder.elf
 
arm-none-eabi-objdump -h -S  encoder.elf  > "encoder.list"
arm-none-eabi-objcopy  -O binary  encoder.elf  "encoder.bin"
arm-none-eabi-size   encoder.elf 
   text	   data	    bss	    dec	    hex	filename
  34236	    484	   2132	  36852	   8ff4	encoder.elf
Finished building: default.size.stdout
 
Finished building: encoder.bin
 
Finished building: encoder.list
 
22:05:02 **** Incremental Build of configuration Debug for project encoder ****
make -j8 all 
arm-none-eabi-gcc "../Core/Src/LQR.c" -mcpu=cortex-m4 -std=gnu11 -g3 -DDEBUG -DUSE_HAL_DRIVER -DSTM32F446xx -c -I../Core/Inc -I../Drivers/STM32F4xx_HAL_Driver/Inc -I../Drivers/STM32F4xx_HAL_Driver/Inc/Legacy -I../Drivers/CMSIS/Device/ST/STM32F4xx/Include -I../Drivers/CMSIS/Include -O0 -ffunction-sections -fdata-sections -Wall -fstack-usage -MMD -MP -MF"Core/Src/LQR.d" -MT"Core/Src/LQR.o" --specs=nano.specs -mfpu=fpv4-sp-d16 -mfloat-abi=hard -mthumb -o "Core/Src/LQR.o"
../Core/Src/LQR.c: In function 'run_pendulum':
../Core/Src/LQR.c:21:2: warning: enumeration value 'LQR_CONTROL' not handled in switch [-Wswitch]
   21 |  switch(pendulum->state){
      |  ^~~~~~
At top level:
../Core/Src/LQR.c:7:14: warning: 'LQR_tune' defined but not used [-Wunused-variable]
    7 | static float LQR_tune[4] = {0,0,0,0};
      |              ^~~~~~~~
arm-none-eabi-gcc -o "encoder.elf" @"objects.list"   -mcpu=cortex-m4 -T"C:\Users\LOQ\STM32CubeIDE\Inverted pendulum\encoder\STM32F446RETX_FLASH.ld" --specs=nosys.specs -Wl,-Map="encoder.map" -Wl,--gc-sections -static --specs=nano.specs -mfpu=fpv4-sp-d16 -mfloat-abi=hard -mthumb -u _printf_float -Wl,--start-group -lc -lm -Wl,--end-group
Finished building target: encoder.elf
 
arm-none-eabi-objdump -h -S  encoder.elf  > "encoder.list"
arm-none-eabi-objcopy  -O binary  encoder.elf  "encoder.bin"
arm-none-eabi-size   encoder.elf 
   text	   data	    bss	    dec	    hex	filename
  34236	    484	   2132	  36852	   8ff4	encoder.elf
Finished building: default.size.stdout
 
Finished building: encoder.bin
 
Finished building: encoder.list
 
22:05:53 **** Incremental Build of configuration Debug for project encoder ****
make -j8 all 
arm-none-eabi-gcc "../Core/Src/LQR.c" -mcpu=cortex-m4 -std=gnu11 -g3 -DDEBUG -DUSE_HAL_DRIVER -DSTM32F446xx -c -I../Core/Inc -I../Drivers/STM32F4xx_HAL_Driver/Inc -I../Drivers/STM32F4xx_HAL_Driver/Inc/Legacy -I../Drivers/CMSIS/Device/ST/STM32F4xx/Include -I../Drivers/CMSIS/Include -O0 -ffunction-sections -fdata-sections -Wall -fstack-usage -MMD -MP -MF"Core/Src/LQR.d" -MT"Core/Src/LQR.o" --specs=nano.specs -mfpu=fpv4-sp-d16 -mfloat-abi=hard -mthumb -o "Core/Src/LQR.o"
../Core/Src/LQR.c: In function 'run_pendulum':
../Core/Src/LQR.c:32:20: error: expected ':' or '...' before ';' token
   32 |   case(LQR_CONTROL);
      |                    ^
../Core/Src/LQR.c:21:2: warning: enumeration value 'LQR_CONTROL' not handled in switch [-Wswitch]
   21 |  switch(pendulum->state){
      |  ^~~~~~
At top level:
../Core/Src/LQR.c:7:14: warning: 'LQR_tune' defined but not used [-Wunused-variable]
    7 | static float LQR_tune[4] = {0,0,0,0};
      |              ^~~~~~~~
make: *** [Core/Src/subdir.mk:48: Core/Src/LQR.o] Error 1
"make -j8 all" terminated with exit code 2. Build might be incomplete.
22:06:13 **** Incremental Build of configuration Debug for project encoder ****
make -j8 all 
arm-none-eabi-gcc "../Core/Src/LQR.c" -mcpu=cortex-m4 -std=gnu11 -g3 -DDEBUG -DUSE_HAL_DRIVER -DSTM32F446xx -c -I../Core/Inc -I../Drivers/STM32F4xx_HAL_Driver/Inc -I../Drivers/STM32F4xx_HAL_Driver/Inc/Legacy -I../Drivers/CMSIS/Device/ST/STM32F4xx/Include -I../Drivers/CMSIS/Include -O0 -ffunction-sections -fdata-sections -Wall -fstack-usage -MMD -MP -MF"Core/Src/LQR.d" -MT"Core/Src/LQR.o" --specs=nano.specs -mfpu=fpv4-sp-d16 -mfloat-abi=hard -mthumb -o "Core/Src/LQR.o"
../Core/Src/LQR.c: In function 'run_pendulum':
../Core/Src/LQR.c:32:19: error: expected ':' or '...' before ';' token
   32 |   case LQR_CONTROL;
      |                   ^
../Core/Src/LQR.c:21:2: warning: enumeration value 'LQR_CONTROL' not handled in switch [-Wswitch]
   21 |  switch(pendulum->state){
      |  ^~~~~~
At top level:
../Core/Src/LQR.c:7:14: warning: 'LQR_tune' defined but not used [-Wunused-variable]
    7 | static float LQR_tune[4] = {0,0,0,0};
      |              ^~~~~~~~
make: *** [Core/Src/subdir.mk:48: Core/Src/LQR.o] Error 1
"make -j8 all" terminated with exit code 2. Build might be incomplete.
22:06:21 **** Incremental Build of configuration Debug for project encoder ****
make -j8 all 
arm-none-eabi-gcc "../Core/Src/LQR.c" -mcpu=cortex-m4 -std=gnu11 -g3 -DDEBUG -DUSE_HAL_DRIVER -DSTM32F446xx -c -I../Core/Inc -I../Drivers/STM32F4xx_HAL_Driver/Inc -I../Drivers/STM32F4xx_HAL_Driver/Inc/Legacy -I../Drivers/CMSIS/Device/ST/STM32F4xx/Include -I../Drivers/CMSIS/Include -O0 -ffunction-sections -fdata-sections -Wall -fstack-usage -MMD -MP -MF"Core/Src/LQR.d" -MT"Core/Src/LQR.o" --specs=nano.specs -mfpu=fpv4-sp-d16 -mfloat-abi=hard -mthumb -o "Core/Src/LQR.o"
../Core/Src/LQR.c: In function 'run_pendulum':
../Core/Src/LQR.c:32:19: error: expected ':' or '...' before ';' token
   32 |   case LQR_CONTROL;
      |                   ^
../Core/Src/LQR.c:21:2: warning: enumeration value 'LQR_CONTROL' not handled in switch [-Wswitch]
   21 |  switch(pendulum->state){
      |  ^~~~~~
At top level:
../Core/Src/LQR.c:7:14: warning: 'LQR_tune' defined but not used [-Wunused-variable]
    7 | static float LQR_tune[4] = {0,0,0,0};
      |              ^~~~~~~~
make: *** [Core/Src/subdir.mk:48: Core/Src/LQR.o] Error 1
"make -j8 all" terminated with exit code 2. Build might be incomplete.
22:20:19 **** Incremental Build of configuration Debug for project encoder ****
make -j8 all 
arm-none-eabi-gcc "../Core/Src/LQR.c" -mcpu=cortex-m4 -std=gnu11 -g3 -DDEBUG -DUSE_HAL_DRIVER -DSTM32F446xx -c -I../Core/Inc -I../Drivers/STM32F4xx_HAL_Driver/Inc -I../Drivers/STM32F4xx_HAL_Driver/Inc/Legacy -I../Drivers/CMSIS/Device/ST/STM32F4xx/Include -I../Drivers/CMSIS/Include -O0 -ffunction-sections -fdata-sections -Wall -fstack-usage -MMD -MP -MF"Core/Src/LQR.d" -MT"Core/Src/LQR.o" --specs=nano.specs -mfpu=fpv4-sp-d16 -mfloat-abi=hard -mthumb -o "Core/Src/LQR.o"
../Core/Src/LQR.c: In function 'run_pendulum':
../Core/Src/LQR.c:44:4: error: expected '}' before 'else'
   44 |    else{
      |    ^~~~
../Core/Src/LQR.c:45:50: error: expected ';' before '}' token
   45 |     lqr_giatoc += LQR_tune[0]*(-PI-current_angle)
      |                                                  ^
      |                                                  ;
   46 |     }
      |     ~                                             
../Core/Src/LQR.c: At top level:
../Core/Src/LQR.c:62:1: error: expected identifier or '(' before '}' token
   62 | }
      | ^
make: *** [Core/Src/subdir.mk:48: Core/Src/LQR.o] Error 1
"make -j8 all" terminated with exit code 2. Build might be incomplete.
22:20:27 **** Incremental Build of configuration Debug for project encoder ****
make -j8 all 
arm-none-eabi-gcc "../Core/Src/LQR.c" -mcpu=cortex-m4 -std=gnu11 -g3 -DDEBUG -DUSE_HAL_DRIVER -DSTM32F446xx -c -I../Core/Inc -I../Drivers/STM32F4xx_HAL_Driver/Inc -I../Drivers/STM32F4xx_HAL_Driver/Inc/Legacy -I../Drivers/CMSIS/Device/ST/STM32F4xx/Include -I../Drivers/CMSIS/Include -O0 -ffunction-sections -fdata-sections -Wall -fstack-usage -MMD -MP -MF"Core/Src/LQR.d" -MT"Core/Src/LQR.o" --specs=nano.specs -mfpu=fpv4-sp-d16 -mfloat-abi=hard -mthumb -o "Core/Src/LQR.o"
../Core/Src/LQR.c: In function 'run_pendulum':
../Core/Src/LQR.c:44:4: error: expected '}' before 'else'
   44 |    else{
      |    ^~~~
../Core/Src/LQR.c: At top level:
../Core/Src/LQR.c:62:1: error: expected identifier or '(' before '}' token
   62 | }
      | ^
make: *** [Core/Src/subdir.mk:48: Core/Src/LQR.o] Error 1
"make -j8 all" terminated with exit code 2. Build might be incomplete.
22:20:51 **** Incremental Build of configuration Debug for project encoder ****
make -j8 all 
arm-none-eabi-gcc "../Core/Src/LQR.c" -mcpu=cortex-m4 -std=gnu11 -g3 -DDEBUG -DUSE_HAL_DRIVER -DSTM32F446xx -c -I../Core/Inc -I../Drivers/STM32F4xx_HAL_Driver/Inc -I../Drivers/STM32F4xx_HAL_Driver/Inc/Legacy -I../Drivers/CMSIS/Device/ST/STM32F4xx/Include -I../Drivers/CMSIS/Include -O0 -ffunction-sections -fdata-sections -Wall -fstack-usage -MMD -MP -MF"Core/Src/LQR.d" -MT"Core/Src/LQR.o" --specs=nano.specs -mfpu=fpv4-sp-d16 -mfloat-abi=hard -mthumb -o "Core/Src/LQR.o"
arm-none-eabi-gcc -o "encoder.elf" @"objects.list"   -mcpu=cortex-m4 -T"C:\Users\LOQ\STM32CubeIDE\Inverted pendulum\encoder\STM32F446RETX_FLASH.ld" --specs=nosys.specs -Wl,-Map="encoder.map" -Wl,--gc-sections -static --specs=nano.specs -mfpu=fpv4-sp-d16 -mfloat-abi=hard -mthumb -u _printf_float -Wl,--start-group -lc -lm -Wl,--end-group
Finished building target: encoder.elf
 
arm-none-eabi-objdump -h -S  encoder.elf  > "encoder.list"
arm-none-eabi-objcopy  -O binary  encoder.elf  "encoder.bin"
arm-none-eabi-size   encoder.elf 
   text	   data	    bss	    dec	    hex	filename
  34236	    484	   2132	  36852	   8ff4	encoder.elf
Finished building: default.size.stdout
 
Finished building: encoder.bin
 
Finished building: encoder.list
 
22:28:50 **** Incremental Build of configuration Debug for project encoder ****
make -j8 all 
arm-none-eabi-gcc "../Core/Src/LQR.c" -mcpu=cortex-m4 -std=gnu11 -g3 -DDEBUG -DUSE_HAL_DRIVER -DSTM32F446xx -c -I../Core/Inc -I../Drivers/STM32F4xx_HAL_Driver/Inc -I../Drivers/STM32F4xx_HAL_Driver/Inc/Legacy -I../Drivers/CMSIS/Device/ST/STM32F4xx/Include -I../Drivers/CMSIS/Include -O0 -ffunction-sections -fdata-sections -Wall -fstack-usage -MMD -MP -MF"Core/Src/LQR.d" -MT"Core/Src/LQR.o" --specs=nano.specs -mfpu=fpv4-sp-d16 -mfloat-abi=hard -mthumb -o "Core/Src/LQR.o"
arm-none-eabi-gcc -o "encoder.elf" @"objects.list"   -mcpu=cortex-m4 -T"C:\Users\LOQ\STM32CubeIDE\Inverted pendulum\encoder\STM32F446RETX_FLASH.ld" --specs=nosys.specs -Wl,-Map="encoder.map" -Wl,--gc-sections -static --specs=nano.specs -mfpu=fpv4-sp-d16 -mfloat-abi=hard -mthumb -u _printf_float -Wl,--start-group -lc -lm -Wl,--end-group
Finished building target: encoder.elf
 
arm-none-eabi-objdump -h -S  encoder.elf  > "encoder.list"
arm-none-eabi-objcopy  -O binary  encoder.elf  "encoder.bin"
arm-none-eabi-size   encoder.elf 
   text	   data	    bss	    dec	    hex	filename
  34236	    484	   2132	  36852	   8ff4	encoder.elf
Finished building: default.size.stdout
 
Finished building: encoder.bin
 
Finished building: encoder.list
 
22:44:21 **** Incremental Build of configuration Debug for project encoder ****
make -j8 all 
arm-none-eabi-gcc "../Core/Src/LQR.c" -mcpu=cortex-m4 -std=gnu11 -g3 -DDEBUG -DUSE_HAL_DRIVER -DSTM32F446xx -c -I../Core/Inc -I../Drivers/STM32F4xx_HAL_Driver/Inc -I../Drivers/STM32F4xx_HAL_Driver/Inc/Legacy -I../Drivers/CMSIS/Device/ST/STM32F4xx/Include -I../Drivers/CMSIS/Include -O0 -ffunction-sections -fdata-sections -Wall -fstack-usage -MMD -MP -MF"Core/Src/LQR.d" -MT"Core/Src/LQR.o" --specs=nano.specs -mfpu=fpv4-sp-d16 -mfloat-abi=hard -mthumb -o "Core/Src/LQR.o"
arm-none-eabi-gcc -o "encoder.elf" @"objects.list"   -mcpu=cortex-m4 -T"C:\Users\LOQ\STM32CubeIDE\Inverted pendulum\encoder\STM32F446RETX_FLASH.ld" --specs=nosys.specs -Wl,-Map="encoder.map" -Wl,--gc-sections -static --specs=nano.specs -mfpu=fpv4-sp-d16 -mfloat-abi=hard -mthumb -u _printf_float -Wl,--start-group -lc -lm -Wl,--end-group
Finished building target: encoder.elf
 
arm-none-eabi-objdump -h -S  encoder.elf  > "encoder.list"
arm-none-eabi-objcopy  -O binary  encoder.elf  "encoder.bin"
arm-none-eabi-size   encoder.elf 
   text	   data	    bss	    dec	    hex	filename
  34236	    484	   2132	  36852	   8ff4	encoder.elf
Finished building: default.size.stdout
 
Finished building: encoder.bin
 
Finished building: encoder.list
 
22:49:21 **** Incremental Build of configuration Debug for project encoder ****
make -j8 all 
arm-none-eabi-gcc "../Core/Src/LQR.c" -mcpu=cortex-m4 -std=gnu11 -g3 -DDEBUG -DUSE_HAL_DRIVER -DSTM32F446xx -c -I../Core/Inc -I../Drivers/STM32F4xx_HAL_Driver/Inc -I../Drivers/STM32F4xx_HAL_Driver/Inc/Legacy -I../Drivers/CMSIS/Device/ST/STM32F4xx/Include -I../Drivers/CMSIS/Include -O0 -ffunction-sections -fdata-sections -Wall -fstack-usage -MMD -MP -MF"Core/Src/LQR.d" -MT"Core/Src/LQR.o" --specs=nano.specs -mfpu=fpv4-sp-d16 -mfloat-abi=hard -mthumb -o "Core/Src/LQR.o"
../Core/Src/LQR.c: In function 'run_pendulum':
../Core/Src/LQR.c:67:19: error: 'targe' undeclared (first use in this function)
   67 |    target_speed = targe
      |                   ^~~~~
../Core/Src/LQR.c:67:19: note: each undeclared identifier is reported only once for each function it appears in
../Core/Src/LQR.c:67:24: error: expected ';' before '}' token
   67 |    target_speed = targe
      |                        ^
      |                        ;
   68 | 
   69 |   }
      |   ~                     
make: *** [Core/Src/subdir.mk:48: Core/Src/LQR.o] Error 1
"make -j8 all" terminated with exit code 2. Build might be incomplete.
22:50:02 **** Incremental Build of configuration Debug for project encoder ****
make -j8 all 
arm-none-eabi-gcc "../Core/Src/LQR.c" -mcpu=cortex-m4 -std=gnu11 -g3 -DDEBUG -DUSE_HAL_DRIVER -DSTM32F446xx -c -I../Core/Inc -I../Drivers/STM32F4xx_HAL_Driver/Inc -I../Drivers/STM32F4xx_HAL_Driver/Inc/Legacy -I../Drivers/CMSIS/Device/ST/STM32F4xx/Include -I../Drivers/CMSIS/Include -O0 -ffunction-sections -fdata-sections -Wall -fstack-usage -MMD -MP -MF"Core/Src/LQR.d" -MT"Core/Src/LQR.o" --specs=nano.specs -mfpu=fpv4-sp-d16 -mfloat-abi=hard -mthumb -o "Core/Src/LQR.o"
../Core/Src/LQR.c: In function 'run_pendulum':
../Core/Src/LQR.c:67:49: error: expected ';' before '}' token
   67 |    target_speed = target_speed + (lqr_giatoc*DT)
      |                                                 ^
      |                                                 ;
   68 | 
   69 |   }
      |   ~                                              
make: *** [Core/Src/subdir.mk:48: Core/Src/LQR.o] Error 1
"make -j8 all" terminated with exit code 2. Build might be incomplete.
22:50:15 **** Incremental Build of configuration Debug for project encoder ****
make -j8 all 
arm-none-eabi-gcc "../Core/Src/LQR.c" -mcpu=cortex-m4 -std=gnu11 -g3 -DDEBUG -DUSE_HAL_DRIVER -DSTM32F446xx -c -I../Core/Inc -I../Drivers/STM32F4xx_HAL_Driver/Inc -I../Drivers/STM32F4xx_HAL_Driver/Inc/Legacy -I../Drivers/CMSIS/Device/ST/STM32F4xx/Include -I../Drivers/CMSIS/Include -O0 -ffunction-sections -fdata-sections -Wall -fstack-usage -MMD -MP -MF"Core/Src/LQR.d" -MT"Core/Src/LQR.o" --specs=nano.specs -mfpu=fpv4-sp-d16 -mfloat-abi=hard -mthumb -o "Core/Src/LQR.o"
arm-none-eabi-gcc -o "encoder.elf" @"objects.list"   -mcpu=cortex-m4 -T"C:\Users\LOQ\STM32CubeIDE\Inverted pendulum\encoder\STM32F446RETX_FLASH.ld" --specs=nosys.specs -Wl,-Map="encoder.map" -Wl,--gc-sections -static --specs=nano.specs -mfpu=fpv4-sp-d16 -mfloat-abi=hard -mthumb -u _printf_float -Wl,--start-group -lc -lm -Wl,--end-group
Finished building target: encoder.elf
 
arm-none-eabi-objdump -h -S  encoder.elf  > "encoder.list"
arm-none-eabi-objcopy  -O binary  encoder.elf  "encoder.bin"
arm-none-eabi-size   encoder.elf 
   text	   data	    bss	    dec	    hex	filename
  34236	    484	   2132	  36852	   8ff4	encoder.elf
Finished building: default.size.stdout
 
Finished building: encoder.bin
 
Finished building: encoder.list
 
